Archive member included to satisfy reference by file (symbol)

.\CortexM0\ARM_GCC_541\Debug\Lab4.a(CyLib.o)
                              .\CortexM0\ARM_GCC_541\Debug\cyfitter_cfg.o (CyIntEnable)
.\CortexM0\ARM_GCC_541\Debug\Lab4.a(CyLFClk.o)
                              .\CortexM0\ARM_GCC_541\Debug\Lab4.a(CyLib.o) (CySysClkWcoEnabled)
.\CortexM0\ARM_GCC_541\Debug\Lab4.a(LCD.o)
                              .\CortexM0\ARM_GCC_541\Debug\lcd_degree.o (LCD_PrintString)
.\CortexM0\ARM_GCC_541\Debug\Lab4.a(ADC.o)
                              .\CortexM0\ARM_GCC_541\Debug\adc_validation.o (ADC_Start)
.\CortexM0\ARM_GCC_541\Debug\Lab4.a(ADC_INT.o)
                              .\CortexM0\ARM_GCC_541\Debug\Lab4.a(ADC.o) (ADC_ISR)
.\CortexM0\ARM_GCC_541\Debug\Lab4.a(PWM_Y.o)
                              .\CortexM0\ARM_GCC_541\Debug\adc_validation.o (PWM_Y_WriteCompare)
.\CortexM0\ARM_GCC_541\Debug\Lab4.a(PWM_X.o)
                              .\CortexM0\ARM_GCC_541\Debug\adc_validation.o (PWM_X_WriteCompare)
.\CortexM0\ARM_GCC_541\Debug\Lab4.a(CyBootAsmGnu.o)
                              .\CortexM0\ARM_GCC_541\Debug\Lab4.a(CyLib.o) (CyDelayCycles)
.\CortexM0\ARM_GCC_541\Debug\Lab4.a(CyFlash.o)
                              .\CortexM0\ARM_GCC_541\Debug\Lab4.a(CyLib.o) (CySysFlashSetWaitCycles)
c:/program files (x86)/cypress/psoc creator/4.2/psoc creator/import/gnu/arm/5.4.1/bin/../lib/gcc/arm-none-eabi/5.4.1/armv6-m\libgcc.a(_udivsi3.o)
                              .\CortexM0\ARM_GCC_541\Debug\Lab4.a(CyLib.o) (__aeabi_uidiv)
c:/program files (x86)/cypress/psoc creator/4.2/psoc creator/import/gnu/arm/5.4.1/bin/../lib/gcc/arm-none-eabi/5.4.1/armv6-m\libgcc.a(_divsi3.o)
                              .\CortexM0\ARM_GCC_541\Debug\Lab4.a(CyLFClk.o) (__aeabi_idiv)
c:/program files (x86)/cypress/psoc creator/4.2/psoc creator/import/gnu/arm/5.4.1/bin/../lib/gcc/arm-none-eabi/5.4.1/armv6-m\libgcc.a(_dvmd_tls.o)
                              c:/program files (x86)/cypress/psoc creator/4.2/psoc creator/import/gnu/arm/5.4.1/bin/../lib/gcc/arm-none-eabi/5.4.1/armv6-m\libgcc.a(_udivsi3.o) (__aeabi_idiv0)
c:/program files (x86)/cypress/psoc creator/4.2/psoc creator/import/gnu/arm/5.4.1/bin/../lib/gcc/arm-none-eabi/5.4.1/armv6-m\libgcc.a(_aeabi_ldivmod.o)
                              .\CortexM0\ARM_GCC_541\Debug\Lab4.a(ADC.o) (__aeabi_ldivmod)
c:/program files (x86)/cypress/psoc creator/4.2/psoc creator/import/gnu/arm/5.4.1/bin/../lib/gcc/arm-none-eabi/5.4.1/armv6-m\libgcc.a(_muldi3.o)
                              .\CortexM0\ARM_GCC_541\Debug\Lab4.a(ADC.o) (__aeabi_lmul)
c:/program files (x86)/cypress/psoc creator/4.2/psoc creator/import/gnu/arm/5.4.1/bin/../lib/gcc/arm-none-eabi/5.4.1/armv6-m\libgcc.a(bpabi.o)
                              c:/program files (x86)/cypress/psoc creator/4.2/psoc creator/import/gnu/arm/5.4.1/bin/../lib/gcc/arm-none-eabi/5.4.1/armv6-m\libgcc.a(_aeabi_ldivmod.o) (__gnu_ldivmod_helper)
c:/program files (x86)/cypress/psoc creator/4.2/psoc creator/import/gnu/arm/5.4.1/bin/../lib/gcc/arm-none-eabi/5.4.1/armv6-m\libgcc.a(divsf3.o)
                              .\CortexM0\ARM_GCC_541\Debug\Lab4.a(ADC.o) (__aeabi_fdiv)
c:/program files (x86)/cypress/psoc creator/4.2/psoc creator/import/gnu/arm/5.4.1/bin/../lib/gcc/arm-none-eabi/5.4.1/armv6-m\libgcc.a(mulsf3.o)
                              .\CortexM0\ARM_GCC_541\Debug\Lab4.a(ADC.o) (__aeabi_fmul)
c:/program files (x86)/cypress/psoc creator/4.2/psoc creator/import/gnu/arm/5.4.1/bin/../lib/gcc/arm-none-eabi/5.4.1/armv6-m\libgcc.a(floatsisf.o)
                              .\CortexM0\ARM_GCC_541\Debug\Lab4.a(ADC.o) (__aeabi_i2f)
c:/program files (x86)/cypress/psoc creator/4.2/psoc creator/import/gnu/arm/5.4.1/bin/../lib/gcc/arm-none-eabi/5.4.1/armv6-m\libgcc.a(_clzsi2.o)
                              c:/program files (x86)/cypress/psoc creator/4.2/psoc creator/import/gnu/arm/5.4.1/bin/../lib/gcc/arm-none-eabi/5.4.1/armv6-m\libgcc.a(divsf3.o) (__clzsi2)
c:/program files (x86)/cypress/psoc creator/4.2/psoc creator/import/gnu/arm/5.4.1/bin/../lib/gcc/arm-none-eabi/5.4.1/armv6-m\libgcc.a(_divdi3.o)
                              c:/program files (x86)/cypress/psoc creator/4.2/psoc creator/import/gnu/arm/5.4.1/bin/../lib/gcc/arm-none-eabi/5.4.1/armv6-m\libgcc.a(bpabi.o) (__divdi3)
c:/program files (x86)/cypress/psoc creator/4.2/psoc creator/import/gnu/arm/5.4.1/bin/../lib/gcc/arm-none-eabi/5.4.1/armv6-m\libgcc.a(_clzdi2.o)
                              c:/program files (x86)/cypress/psoc creator/4.2/psoc creator/import/gnu/arm/5.4.1/bin/../lib/gcc/arm-none-eabi/5.4.1/armv6-m\libgcc.a(_divdi3.o) (__clzdi2)
c:/program files (x86)/cypress/psoc creator/4.2/psoc creator/import/gnu/arm/5.4.1/bin/../lib/gcc/arm-none-eabi/5.4.1/../../../../arm-none-eabi/lib/armv6-m\libg_nano.a(lib_a-errno.o)
                              .\CortexM0\ARM_GCC_541\Debug\Cm0Start.o (__errno)
[...]
Memory Configuration

Name             Origin             Length             Attributes
rom              0x00000000         0x00020000         xr
ram              0x20000000         0x00004000         xrw
*default*        0x00000000         0xffffffff

Linker script and memory map

LOAD c:/program files (x86)/cypress/psoc creator/4.2/psoc creator/import/gnu/arm/5.4.1/bin/../lib/gcc/arm-none-eabi/5.4.1/armv6-m/crti.o
LOAD c:/program files (x86)/cypress/psoc creator/4.2/psoc creator/import/gnu/arm/5.4.1/bin/../lib/gcc/arm-none-eabi/5.4.1/armv6-m/crtbegin.o
LOAD c:/program files (x86)/cypress/psoc creator/4.2/psoc creator/import/gnu/arm/5.4.1/bin/../lib/gcc/arm-none-eabi/5.4.1/../../../../arm-none-eabi/lib/armv6-m/crt0.o
START GROUP
LOAD .\CortexM0\ARM_GCC_541\Debug\lcd_degree.o
LOAD .\CortexM0\ARM_GCC_541\Debug\adc_validation.o
LOAD .\CortexM0\ARM_GCC_541\Debug\protocol.o
LOAD .\CortexM0\ARM_GCC_541\Debug\main.o
LOAD .\CortexM0\ARM_GCC_541\Debug\cyfitter_cfg.o
LOAD .\CortexM0\ARM_GCC_541\Debug\cymetadata.o
LOAD .\CortexM0\ARM_GCC_541\Debug\Cm0Start.o
LOAD .\CortexM0\ARM_GCC_541\Debug\Lab4.a
END GROUP
START GROUP
LOAD c:/program files (x86)/cypress/psoc creator/4.2/psoc creator/import/gnu/arm/5.4.1/bin/../lib/gcc/arm-none-eabi/5.4.1/armv6-m\libgcc.a
LOAD c:/program files (x86)/cypress/psoc creator/4.2/psoc creator/import/gnu/arm/5.4.1/bin/../lib/gcc/arm-none-eabi/5.4.1/../../../../arm-none-eabi/lib/armv6-m\libg_nano.a
LOAD c:/program files (x86)/cypress/psoc creator/4.2/psoc creator/import/gnu/arm/5.4.1/bin/../lib/gcc/arm-none-eabi/5.4.1/../../../../arm-none-eabi/lib/armv6-m\libc_nano.a
END GROUP
START GROUP
LOAD c:/program files (x86)/cypress/psoc creator/4.2/psoc creator/import/gnu/arm/5.4.1/bin/../lib/gcc/arm-none-eabi/5.4.1/armv6-m\libgcc.a
LOAD c:/program files (x86)/cypress/psoc creator/4.2/psoc creator/import/gnu/arm/5.4.1/bin/../lib/gcc/arm-none-eabi/5.4.1/../../../../arm-none-eabi/lib/armv6-m\libc_nano.a
END GROUP
LOAD c:/program files (x86)/cypress/psoc creator/4.2/psoc creator/import/gnu/arm/5.4.1/bin/../lib/gcc/arm-none-eabi/5.4.1/armv6-m/crtend.o
LOAD c:/program files (x86)/cypress/psoc creator/4.2/psoc creator/import/gnu/arm/5.4.1/bin/../lib/gcc/arm-none-eabi/5.4.1/armv6-m/crtn.o
START GROUP
LOAD c:/program files (x86)/cypress/psoc creator/4.2/psoc creator/import/gnu/arm/5.4.1/bin/../lib/gcc/arm-none-eabi/5.4.1/armv6-m\libgcc.a
LOAD c:/program files (x86)/cypress/psoc creator/4.2/psoc creator/import/gnu/arm/5.4.1/bin/../lib/gcc/arm-none-eabi/5.4.1/../../../../arm-none-eabi/lib/armv6-m\libc.a
LOAD c:/program files (x86)/cypress/psoc creator/4.2/psoc creator/import/gnu/arm/5.4.1/bin/../lib/gcc/arm-none-eabi/5.4.1/../../../../arm-none-eabi/lib/armv6-m\libnosys.a
END GROUP
                0x00000000                CY_APPL_ORIGIN = 0x0
                0x00000080                CY_FLASH_ROW_SIZE = 0x80
                0x00000001                CY_APPL_NUM = 0x1
                0x00000001                CY_APPL_MAX = 0x1
                0x00000040                CY_METADATA_SIZE = 0x40
                0x00000000                CY_APPL_LOADABLE = 0x0
                0x00000000                CY_CHECKSUM_EXCLUDE_SIZE = ALIGN (0x0, CY_FLASH_ROW_SIZE)
                0x00000000                CY_APP_FOR_STACK_AND_COPIER = 0x0
                [!provide]                PROVIDE (__cy_heap_start, _end)
                0x00000001                PROVIDE (__cy_region_num, ((__cy_regions_end - __cy_regions) / 0x10))
                0x20004000                PROVIDE (__cy_stack, (ORIGIN (ram) + LENGTH (ram)))
                [!provide]                PROVIDE (__cy_heap_end, (__cy_stack - 0x800))

.cybootloader   0x00000000        0x0
 *(.cybootloader)
                0x00000000                appl1_start = CY_APPL_ORIGIN?CY_APPL_ORIGIN:ALIGN (CY_FLASH_ROW_SIZE)
                0x0000ff80                appl2_start = (appl1_start + ALIGN ((((LENGTH (rom) - appl1_start) - (0x2 * CY_FLASH_ROW_SIZE)) / 0x2), CY_FLASH_ROW_SIZE))
                0x00000000                appl_start = (CY_APPL_NUM == 0x1)?appl1_start:appl2_start
                0x00000001                cy_project_type_bootloader = (appl_start == 0x0)?0x1:0x0
                0x00000000                cy_project_type_app_for_stack_and_copier = (CY_APP_FOR_STACK_AND_COPIER == 0x1)?0x1:0x0

.text           0x00000000     0x1aba
 CREATE_OBJECT_SYMBOLS
                0x00000000                PROVIDE (__cy_interrupt_vector, RomVectors)
 *(.romvectors)
 .romvectors    0x00000000       0x10 .\CortexM0\ARM_GCC_541\Debug\Cm0Start.o
                0x00000000                RomVectors
                0x00000001                ASSERT ((. != __cy_interrupt_vector), No interrupt vector)
                0x00000001                ASSERT (CY_APPL_ORIGIN?(SIZEOF (.cybootloader) <= CY_APPL_ORIGIN):0x1, Wrong image location)
                0x00000010                PROVIDE (__cy_reset, Reset)
 *(.text.Reset)
 .text.Reset    0x00000010        0x8 .\CortexM0\ARM_GCC_541\Debug\Cm0Start.o
                0x00000010                Reset
                0x00000001                ASSERT ((. != __cy_reset), No reset code)
 *(.psocinit)
 .psocinit      0x00000018      0x184 .\CortexM0\ARM_GCC_541\Debug\cyfitter_cfg.o
                0x000000cc                cyfitter_cfg
                0x0000019c                . = MAX (., 0x100)
 *(.text .text.* .gnu.linkonce.t.*)
 .text          0x0000019c       0x60 c:/program files (x86)/cypress/psoc creator/4.2/psoc creator/import/gnu/arm/5.4.1/bin/../lib/gcc/arm-none-eabi/5.4.1/armv6-m/crtbegin.o
 .text.lcd_init
                0x000001fc       0x10 .\CortexM0\ARM_GCC_541\Debug\lcd_degree.o
                0x000001fc                lcd_init
 .text.lcd_degree
                0x0000020c       0x58 .\CortexM0\ARM_GCC_541\Debug\lcd_degree.o
                0x0000020c                lcd_degree
 .text.adc_validation_init
                0x00000264       0x14 .\CortexM0\ARM_GCC_541\Debug\adc_validation.o
                0x00000264                adc_validation_init
 .text.adc_get_led_position
                0x00000278       0x28 .\CortexM0\ARM_GCC_541\Debug\adc_validation.o
                0x00000278                adc_get_led_position
 .text.protocol_init
                0x000002a0        0xc .\CortexM0\ARM_GCC_541\Debug\protocol.o
                0x000002a0                protocol_init
 .text.main     0x000002ac       0x14 .\CortexM0\ARM_GCC_541\Debug\main.o
                0x000002ac                main
 .text.cfg_write_bytes32
                0x000002c0       0x34 .\CortexM0\ARM_GCC_541\Debug\cyfitter_cfg.o
 .text.CYMEMZERO
                0x000002f4        0xc .\CortexM0\ARM_GCC_541\Debug\cyfitter_cfg.o
 .text.SetAnalogRoutingPumps
                0x00000300       0x20 .\CortexM0\ARM_GCC_541\Debug\cyfitter_cfg.o
                0x00000300                SetAnalogRoutingPumps
 .text.AnalogSetDefault
                0x00000320       0x50 .\CortexM0\ARM_GCC_541\Debug\cyfitter_cfg.o
 .text.IntDefaultHandler
                0x00000370       0x10 .\CortexM0\ARM_GCC_541\Debug\Cm0Start.o
                0x00000370                IntDefaultHandler
 .text._sbrk    0x00000380       0x30 .\CortexM0\ARM_GCC_541\Debug\Cm0Start.o
                0x00000380                _sbrk
 .text.Start_c  0x000003b0       0x48 .\CortexM0\ARM_GCC_541\Debug\Cm0Start.o
                0x000003b0                Start_c
 .text.initialize_psoc
                0x000003f8       0x4c .\CortexM0\ARM_GCC_541\Debug\Cm0Start.o
                0x000003f8                initialize_psoc
 .text.CySysClkImoDisableWcoLock
                0x00000444       0x54 .\CortexM0\ARM_GCC_541\Debug\Lab4.a(CyLib.o)
                0x00000444                CySysClkImoDisableWcoLock
 .text.CySysClkImoGetWcoLock
                0x00000498       0x14 .\CortexM0\ARM_GCC_541\Debug\Lab4.a(CyLib.o)
                0x00000498                CySysClkImoGetWcoLock
 .text.CyIntEnable
                0x000004ac       0x14 .\CortexM0\ARM_GCC_541\Debug\Lab4.a(CyLib.o)
                0x000004ac                CyIntEnable
 .text.CyHalt   0x000004c0        0x4 .\CortexM0\ARM_GCC_541\Debug\Lab4.a(CyLib.o)
                0x000004c0                CyHalt
 .text.CyIntSetVector
                0x000004c4       0x24 .\CortexM0\ARM_GCC_541\Debug\Lab4.a(CyLib.o)
                0x000004c4                CyIntSetVector
 .text.CyIntSetPriority
                0x000004e8       0x4c .\CortexM0\ARM_GCC_541\Debug\Lab4.a(CyLib.o)
                0x000004e8                CyIntSetPriority
 .text.CyDelay  0x00000534       0x30 .\CortexM0\ARM_GCC_541\Debug\Lab4.a(CyLib.o)
                0x00000534                CyDelay
 .text.CySysClkImoEnableWcoLock
                0x00000564       0xf4 .\CortexM0\ARM_GCC_541\Debug\Lab4.a(CyLib.o)
                0x00000564                CySysClkImoEnableWcoLock
 .text.CySysClkWriteImoFreq
                0x00000658       0x80 .\CortexM0\ARM_GCC_541\Debug\Lab4.a(CyLib.o)
                0x00000658                CySysClkWriteImoFreq
 .text.CyDelayUs
                0x000006d8       0x14 .\CortexM0\ARM_GCC_541\Debug\Lab4.a(CyLib.o)
                0x000006d8                CyDelayUs
 .text.CySysWdtLocked
                0x000006ec       0x14 .\CortexM0\ARM_GCC_541\Debug\Lab4.a(CyLFClk.o)
 .text.CySysClkWcoEnabled
                0x00000700       0x14 .\CortexM0\ARM_GCC_541\Debug\Lab4.a(CyLFClk.o)
                0x00000700                CySysClkWcoEnabled
 .text.CySysWdtLock
                0x00000714       0x1c .\CortexM0\ARM_GCC_541\Debug\Lab4.a(CyLFClk.o)
                0x00000714                CySysWdtLock
 .text.CySysWdtUnlock
                0x00000730       0x30 .\CortexM0\ARM_GCC_541\Debug\Lab4.a(CyLFClk.o)
                0x00000730                CySysWdtUnlock
 .text.CySysWdtClearInterrupt
                0x00000760       0x4c .\CortexM0\ARM_GCC_541\Debug\Lab4.a(CyLFClk.o)
                0x00000760                CySysWdtClearInterrupt
 .text.CySysWdtIsr
                0x000007ac       0xa4 .\CortexM0\ARM_GCC_541\Debug\Lab4.a(CyLFClk.o)
                0x000007ac                CySysWdtIsr
 .text.LCD_WrCntrlNib
                0x00000850       0x34 .\CortexM0\ARM_GCC_541\Debug\Lab4.a(LCD.o)
 .text.LCD_WrDatNib
                0x00000884       0x44 .\CortexM0\ARM_GCC_541\Debug\Lab4.a(LCD.o)
 .text.LCD_IsReady
                0x000008c8       0xb4 .\CortexM0\ARM_GCC_541\Debug\Lab4.a(LCD.o)
                0x000008c8                LCD_IsReady
 .text.LCD_WriteData
                0x0000097c       0x18 .\CortexM0\ARM_GCC_541\Debug\Lab4.a(LCD.o)
                0x0000097c                LCD_WriteData
 .text.LCD_PrintString
                0x00000994       0x1c .\CortexM0\ARM_GCC_541\Debug\Lab4.a(LCD.o)
                0x00000994                LCD_PrintString
 .text.LCD_WriteControl
                0x000009b0       0x18 .\CortexM0\ARM_GCC_541\Debug\Lab4.a(LCD.o)
                0x000009b0                LCD_WriteControl
 .text.LCD_Init
                0x000009c8       0x6c .\CortexM0\ARM_GCC_541\Debug\Lab4.a(LCD.o)
                0x000009c8                LCD_Init
 .text.LCD_Enable
                0x00000a34       0x14 .\CortexM0\ARM_GCC_541\Debug\Lab4.a(LCD.o)
                0x00000a34                LCD_Enable
 .text.LCD_Start
                0x00000a48       0x20 .\CortexM0\ARM_GCC_541\Debug\Lab4.a(LCD.o)
                0x00000a48                LCD_Start
 .text.LCD_Position
                0x00000a68       0x3c .\CortexM0\ARM_GCC_541\Debug\Lab4.a(LCD.o)
                0x00000a68                LCD_Position
 .text.ADC_Init
                0x00000aa4      0x184 .\CortexM0\ARM_GCC_541\Debug\Lab4.a(ADC.o)
                0x00000aa4                ADC_Init
 .text.ADC_Enable
                0x00000c28       0x30 .\CortexM0\ARM_GCC_541\Debug\Lab4.a(ADC.o)
                0x00000c28                ADC_Enable
 .text.ADC_Start
                0x00000c58       0x20 .\CortexM0\ARM_GCC_541\Debug\Lab4.a(ADC.o)
                0x00000c58                ADC_Start
 .text.ADC_StartConvert
                0x00000c78       0x14 .\CortexM0\ARM_GCC_541\Debug\Lab4.a(ADC.o)
                0x00000c78                ADC_StartConvert
 .text.ADC_GetResult16
                0x00000c8c       0x2c .\CortexM0\ARM_GCC_541\Debug\Lab4.a(ADC.o)
                0x00000c8c                ADC_GetResult16
 .text.ADC_ISR  0x00000cb8        0xc .\CortexM0\ARM_GCC_541\Debug\Lab4.a(ADC_INT.o)
                0x00000cb8                ADC_ISR
 .text.PWM_Y_WriteCounter
                0x00000cc4       0x10 .\CortexM0\ARM_GCC_541\Debug\Lab4.a(PWM_Y.o)
                0x00000cc4                PWM_Y_WriteCounter
 .text.PWM_Y_WritePeriod
                0x00000cd4       0x10 .\CortexM0\ARM_GCC_541\Debug\Lab4.a(PWM_Y.o)
                0x00000cd4                PWM_Y_WritePeriod
 .text.PWM_Y_WriteCompare
                0x00000ce4       0x10 .\CortexM0\ARM_GCC_541\Debug\Lab4.a(PWM_Y.o)
                0x00000ce4                PWM_Y_WriteCompare
 .text.PWM_Y_TriggerCommand
                0x00000cf4       0x1c .\CortexM0\ARM_GCC_541\Debug\Lab4.a(PWM_Y.o)
                0x00000cf4                PWM_Y_TriggerCommand
 .text.PWM_Y_Enable
                0x00000d10       0x24 .\CortexM0\ARM_GCC_541\Debug\Lab4.a(PWM_Y.o)
                0x00000d10                PWM_Y_Enable
 .text.PWM_Y_SetInterruptMode
                0x00000d34        0xc .\CortexM0\ARM_GCC_541\Debug\Lab4.a(PWM_Y.o)
                0x00000d34                PWM_Y_SetInterruptMode
 .text.PWM_Y_Init
                0x00000d40       0x4c .\CortexM0\ARM_GCC_541\Debug\Lab4.a(PWM_Y.o)
                0x00000d40                PWM_Y_Init
 .text.PWM_Y_Start
                0x00000d8c       0x20 .\CortexM0\ARM_GCC_541\Debug\Lab4.a(PWM_Y.o)
                0x00000d8c                PWM_Y_Start
 .text.PWM_X_WriteCounter
                0x00000dac       0x10 .\CortexM0\ARM_GCC_541\Debug\Lab4.a(PWM_X.o)
                0x00000dac                PWM_X_WriteCounter
 .text.PWM_X_WritePeriod
                0x00000dbc       0x10 .\CortexM0\ARM_GCC_541\Debug\Lab4.a(PWM_X.o)
                0x00000dbc                PWM_X_WritePeriod
 .text.PWM_X_WriteCompare
                0x00000dcc       0x10 .\CortexM0\ARM_GCC_541\Debug\Lab4.a(PWM_X.o)
                0x00000dcc                PWM_X_WriteCompare
 .text.PWM_X_TriggerCommand
                0x00000ddc       0x1c .\CortexM0\ARM_GCC_541\Debug\Lab4.a(PWM_X.o)
                0x00000ddc                PWM_X_TriggerCommand
 .text.PWM_X_Enable
                0x00000df8       0x24 .\CortexM0\ARM_GCC_541\Debug\Lab4.a(PWM_X.o)
                0x00000df8                PWM_X_Enable
 .text.PWM_X_SetInterruptMode
                0x00000e1c        0xc .\CortexM0\ARM_GCC_541\Debug\Lab4.a(PWM_X.o)
                0x00000e1c                PWM_X_SetInterruptMode
 .text.PWM_X_Init
                0x00000e28       0x4c .\CortexM0\ARM_GCC_541\Debug\Lab4.a(PWM_X.o)
                0x00000e28                PWM_X_Init
 .text.PWM_X_Start
                0x00000e74       0x20 .\CortexM0\ARM_GCC_541\Debug\Lab4.a(PWM_X.o)
                0x00000e74                PWM_X_Start
 *fill*         0x00000e94        0x4 
 .text          0x00000e98       0x20 .\CortexM0\ARM_GCC_541\Debug\Lab4.a(CyBootAsmGnu.o)
                0x00000e98                CyDelayCycles
                0x00000eaa                CyEnterCriticalSection
                0x00000eb2                CyExitCriticalSection
 .text.CySysFlashSetWaitCycles
                0x00000eb8       0x54 .\CortexM0\ARM_GCC_541\Debug\Lab4.a(CyFlash.o)
                0x00000eb8                CySysFlashSetWaitCycles
 .text          0x00000f0c      0x114 c:/program files (x86)/cypress/psoc creator/4.2/psoc creator/import/gnu/arm/5.4.1/bin/../lib/gcc/arm-none-eabi/5.4.1/armv6-m\libgcc.a(_udivsi3.o)
                0x00000f0c                __aeabi_uidiv
                0x00000f0c                __udivsi3
                0x00001018                __aeabi_uidivmod
 .text          0x00001020      0x1d4 c:/program files (x86)/cypress/psoc creator/4.2/psoc creator/import/gnu/arm/5.4.1/bin/../lib/gcc/arm-none-eabi/5.4.1/armv6-m\libgcc.a(_divsi3.o)
                0x00001020                __divsi3
                0x00001020                __aeabi_idiv
                0x000011ec                __aeabi_idivmod
 .text          0x000011f4        0x4 c:/program files (x86)/cypress/psoc creator/4.2/psoc creator/import/gnu/arm/5.4.1/bin/../lib/gcc/arm-none-eabi/5.4.1/armv6-m\libgcc.a(_dvmd_tls.o)
                0x000011f4                __aeabi_idiv0
                0x000011f4                __aeabi_ldiv0
 .text.__errno  0x000011f8        0xc c:/program files (x86)/cypress/psoc creator/4.2/psoc creator/import/gnu/arm/5.4.1/bin/../lib/gcc/arm-none-eabi/5.4.1/../../../../arm-none-eabi/lib/armv6-m\libg_nano.a(lib_a-errno.o)
                0x000011f8                __errno
 .text.__libc_init_array
                0x00001204       0x4c c:/program files (x86)/cypress/psoc creator/4.2/psoc creator/import/gnu/arm/5.4.1/bin/../lib/gcc/arm-none-eabi/5.4.1/../../../../arm-none-eabi/lib/armv6-m\libg_nano.a(lib_a-init.o)
                0x00001204                __libc_init_array
 .text.memcpy   0x00001250       0x12 c:/program files (x86)/cypress/psoc creator/4.2/psoc creator/import/gnu/arm/5.4.1/bin/../lib/gcc/arm-none-eabi/5.4.1/../../../../arm-none-eabi/lib/armv6-m\libg_nano.a(lib_a-memcpy-stub.o)
                0x00001250                memcpy
 .text.memset   0x00001262       0x10 c:/program files (x86)/cypress/psoc creator/4.2/psoc creator/import/gnu/arm/5.4.1/bin/../lib/gcc/arm-none-eabi/5.4.1/../../../../arm-none-eabi/lib/armv6-m\libg_nano.a(lib_a-memset.o)
                0x00001262                memset
 *fill*         0x00001272        0x2 
 .text.sprintf  0x00001274       0x44 c:/program files (x86)/cypress/psoc creator/4.2/psoc creator/import/gnu/arm/5.4.1/bin/../lib/gcc/arm-none-eabi/5.4.1/../../../../arm-none-eabi/lib/armv6-m\libg_nano.a(lib_a-sprintf.o)
                0x00001274                siprintf
                0x00001274                sprintf
 .text.__ssputs_r
                0x000012b8       0xc4 c:/program files (x86)/cypress/psoc creator/4.2/psoc creator/import/gnu/arm/5.4.1/bin/../lib/gcc/arm-none-eabi/5.4.1/../../../../arm-none-eabi/lib/armv6-m\libg_nano.a(lib_a-nano-svfprintf.o)
                0x000012b8                __ssputs_r
 .text._svfprintf_r
                0x0000137c      0x1fc c:/program files (x86)/cypress/psoc creator/4.2/psoc creator/import/gnu/arm/5.4.1/bin/../lib/gcc/arm-none-eabi/5.4.1/../../../../arm-none-eabi/lib/armv6-m\libg_nano.a(lib_a-nano-svfprintf.o)
                0x0000137c                _svfiprintf_r
                0x0000137c                _svfprintf_r
 .text._printf_common
                0x00001578       0xdc c:/program files (x86)/cypress/psoc creator/4.2/psoc creator/import/gnu/arm/5.4.1/bin/../lib/gcc/arm-none-eabi/5.4.1/../../../../arm-none-eabi/lib/armv6-m\libg_nano.a(lib_a-nano-vfprintf_i.o)
                0x00001578                _printf_common
 .text._printf_i
                0x00001654      0x244 c:/program files (x86)/cypress/psoc creator/4.2/psoc creator/import/gnu/arm/5.4.1/bin/../lib/gcc/arm-none-eabi/5.4.1/../../../../arm-none-eabi/lib/armv6-m\libg_nano.a(lib_a-nano-vfprintf_i.o)
                0x00001654                _printf_i
 .text.memchr   0x00001898       0x16 c:/program files (x86)/cypress/psoc creator/4.2/psoc creator/import/gnu/arm/5.4.1/bin/../lib/gcc/arm-none-eabi/5.4.1/../../../../arm-none-eabi/lib/armv6-m\libg_nano.a(lib_a-memchr-stub.o)
                0x00001898                memchr
 .text.memmove  0x000018ae       0x2a c:/program files (x86)/cypress/psoc creator/4.2/psoc creator/import/gnu/arm/5.4.1/bin/../lib/gcc/arm-none-eabi/5.4.1/../../../../arm-none-eabi/lib/armv6-m\libg_nano.a(lib_a-memmove.o)
                0x000018ae                memmove
 .text._free_r  0x000018d8       0x98 c:/program files (x86)/cypress/psoc creator/4.2/psoc creator/import/gnu/arm/5.4.1/bin/../lib/gcc/arm-none-eabi/5.4.1/../../../../arm-none-eabi/lib/armv6-m\libg_nano.a(lib_a-nano-freer.o)
                0x000018d8                _free_r
 .text._malloc_r
                0x00001970       0xc0 c:/program files (x86)/cypress/psoc creator/4.2/psoc creator/import/gnu/arm/5.4.1/bin/../lib/gcc/arm-none-eabi/5.4.1/../../../../arm-none-eabi/lib/armv6-m\libg_nano.a(lib_a-nano-mallocr.o)
                0x00001970                _malloc_r
 .text._realloc_r
                0x00001a30       0x4c c:/program files (x86)/cypress/psoc creator/4.2/psoc creator/import/gnu/arm/5.4.1/bin/../lib/gcc/arm-none-eabi/5.4.1/../../../../arm-none-eabi/lib/armv6-m\libg_nano.a(lib_a-nano-reallocr.o)
                0x00001a30                _realloc_r
 .text._sbrk_r  0x00001a7c       0x24 c:/program files (x86)/cypress/psoc creator/4.2/psoc creator/import/gnu/arm/5.4.1/bin/../lib/gcc/arm-none-eabi/5.4.1/../../../../arm-none-eabi/lib/armv6-m\libg_nano.a(lib_a-sbrkr.o)
                0x00001a7c                _sbrk_r
 .text.__malloc_lock
                0x00001aa0        0x2 c:/program files (x86)/cypress/psoc creator/4.2/psoc creator/import/gnu/arm/5.4.1/bin/../lib/gcc/arm-none-eabi/5.4.1/../../../../arm-none-eabi/lib/armv6-m\libg_nano.a(lib_a-mlock.o)
                0x00001aa0                __malloc_lock
 .text.__malloc_unlock
                0x00001aa2        0x2 c:/program files (x86)/cypress/psoc creator/4.2/psoc creator/import/gnu/arm/5.4.1/bin/../lib/gcc/arm-none-eabi/5.4.1/../../../../arm-none-eabi/lib/armv6-m\libg_nano.a(lib_a-mlock.o)
                0x00001aa2                __malloc_unlock
 .text._malloc_usable_size_r
                0x00001aa4       0x16 c:/program files (x86)/cypress/psoc creator/4.2/psoc creator/import/gnu/arm/5.4.1/bin/../lib/gcc/arm-none-eabi/5.4.1/../../../../arm-none-eabi/lib/armv6-m\libg_nano.a(lib_a-nano-msizer.o)
                0x00001aa4                _malloc_usable_size_r
 *(.plt)
 *(.gnu.warning)
 *(.glue_7t)
 .glue_7t       0x00001aba        0x0 linker stubs
 *(.glue_7)
 .glue_7        0x00001aba        0x0 linker stubs
 *(.vfp11_veneer)
 .vfp11_veneer  0x00001aba        0x0 linker stubs
 *(.bootloader)
 *(.ARM.extab* .gnu.linkonce.armextab.*)
 *(.gcc_except_table)

.v4_bx          0x00001abc        0x0
 .v4_bx         0x00001abc        0x0 linker stubs

.iplt           0x00001abc        0x0
 .iplt          0x00001abc        0x0 c:/program files (x86)/cypress/psoc creator/4.2/psoc creator/import/gnu/arm/5.4.1/bin/../lib/gcc/arm-none-eabi/5.4.1/armv6-m/crtbegin.o

.eh_frame_hdr
 *(.eh_frame_hdr)

.eh_frame       0x00001abc        0x4
 *(.eh_frame)
 .eh_frame      0x00001abc        0x0 c:/program files (x86)/cypress/psoc creator/4.2/psoc creator/import/gnu/arm/5.4.1/bin/../lib/gcc/arm-none-eabi/5.4.1/armv6-m/crtbegin.o
 .eh_frame      0x00001abc        0x4 c:/program files (x86)/cypress/psoc creator/4.2/psoc creator/import/gnu/arm/5.4.1/bin/../lib/gcc/arm-none-eabi/5.4.1/armv6-m/crtend.o
                [!provide]                PROVIDE (__exidx_start, .)

.ARM.exidx
 *(.ARM.exidx* .gnu.linkonce.armexidx.*)
                0x00001ac0                __exidx_end = .

.rodata         0x00001ac0       0xd8
 *(.rodata .rodata.* .gnu.linkonce.r.*)
 .rodata.str1.4
                0x00001ac0       0x14 .\CortexM0\ARM_GCC_541\Debug\lcd_degree.o
                                 0x12 (size before relaxing)
 .rodata        0x00001ad4       0x20 .\CortexM0\ARM_GCC_541\Debug\cyfitter_cfg.o
 .rodata        0x00001af4       0x2e .\CortexM0\ARM_GCC_541\Debug\Lab4.a(CyLib.o)
                0x00001af4                cyImoFreqMhz2Reg
 *fill*         0x00001b22        0x2 
 .rodata        0x00001b24        0xa .\CortexM0\ARM_GCC_541\Debug\Lab4.a(ADC.o)
 .rodata.str1.1
                0x00001b2e        0x2 c:/program files (x86)/cypress/psoc creator/4.2/psoc creator/import/gnu/arm/5.4.1/bin/../lib/gcc/arm-none-eabi/5.4.1/../../../../arm-none-eabi/lib/armv6-m\libg_nano.a(lib_a-impure.o)
 .rodata.str1.1
                0x00001b30       0x11 c:/program files (x86)/cypress/psoc creator/4.2/psoc creator/import/gnu/arm/5.4.1/bin/../lib/gcc/arm-none-eabi/5.4.1/../../../../arm-none-eabi/lib/armv6-m\libg_nano.a(lib_a-nano-svfprintf.o)
 .rodata.str1.1
                0x00001b41       0x22 c:/program files (x86)/cypress/psoc creator/4.2/psoc creator/import/gnu/arm/5.4.1/bin/../lib/gcc/arm-none-eabi/5.4.1/../../../../arm-none-eabi/lib/armv6-m\libg_nano.a(lib_a-nano-vfprintf_i.o)
                0x00001b64                . = ALIGN (0x4)
 *fill*         0x00001b63        0x1 
 *(.init)
 .init          0x00001b64        0x4 c:/program files (x86)/cypress/psoc creator/4.2/psoc creator/import/gnu/arm/5.4.1/bin/../lib/gcc/arm-none-eabi/5.4.1/armv6-m/crti.o
                0x00001b64                _init
 .init          0x00001b68        0x8 c:/program files (x86)/cypress/psoc creator/4.2/psoc creator/import/gnu/arm/5.4.1/bin/../lib/gcc/arm-none-eabi/5.4.1/armv6-m/crtn.o
                0x00001b70                . = ALIGN (0x4)
                0x00001b70                __preinit_array_start = .
 *(.preinit_array)
                0x00001b70                __preinit_array_end = .
                0x00001b70                . = ALIGN (0x4)
                0x00001b70                __init_array_start = .
 *(SORT(.init_array.*))
 *(.init_array)
 .init_array    0x00001b70        0x4 c:/program files (x86)/cypress/psoc creator/4.2/psoc creator/import/gnu/arm/5.4.1/bin/../lib/gcc/arm-none-eabi/5.4.1/armv6-m/crtbegin.o
 .init_array    0x00001b74        0x4 .\CortexM0\ARM_GCC_541\Debug\Cm0Start.o
                0x00001b78                __init_array_end = .
                0x00001b78                . = ALIGN (0x4)
 *(.fini)
 .fini          0x00001b78        0x4 c:/program files (x86)/cypress/psoc creator/4.2/psoc creator/import/gnu/arm/5.4.1/bin/../lib/gcc/arm-none-eabi/5.4.1/armv6-m/crti.o
                0x00001b78                _fini
 .fini          0x00001b7c        0x8 c:/program files (x86)/cypress/psoc creator/4.2/psoc creator/import/gnu/arm/5.4.1/bin/../lib/gcc/arm-none-eabi/5.4.1/armv6-m/crtn.o
                0x00001b84                . = ALIGN (0x4)
                0x00001b84                __fini_array_start = .
 *(.fini_array)
 .fini_array    0x00001b84        0x4 c:/program files (x86)/cypress/psoc creator/4.2/psoc creator/import/gnu/arm/5.4.1/bin/../lib/gcc/arm-none-eabi/5.4.1/armv6-m/crtbegin.o
 *(SORT(.fini_array.*))
                0x00001b88                __fini_array_end = .
                0x00001b88                . = ALIGN (0x4)
 *crtbegin.o(.ctors)
 *(EXCLUDE_FILE(*crtend.o) .ctors)
 *(SORT(.ctors.*))
 *crtend.o(.ctors)
                0x00001b88                . = ALIGN (0x4)
 *crtbegin.o(.dtors)
 *(EXCLUDE_FILE(*crtend.o) .dtors)
 *(SORT(.dtors.*))
 *crtend.o(.dtors)
                0x00001b88                . = ALIGN (0x4)
                0x00001b88                __cy_regions = .
                0x00001b88        0x4 LONG 0x1b98 __cy_region_init_ram
                0x00001b8c        0x4 LONG 0x200000c0 __cy_region_start_data
                0x00001b90        0x4 LONG 0x88 __cy_region_init_size_ram
                0x00001b94        0x4 LONG 0x98 __cy_region_zero_size_ram
                0x00001b98                __cy_regions_end = .
                0x00001b98                . = ALIGN (0x8)
                0x00001b98                _etext = .

.cy_checksum_exclude
                0x00001b98        0x0
 *(.cy_checksum_exclude)

.ramvectors     0x20000000       0xc0
                0x20000000                __cy_region_start_ram = .
 *(.ramvectors)
 .ramvectors    0x20000000       0xc0 .\CortexM0\ARM_GCC_541\Debug\Cm0Start.o
                0x20000000                CyRamVectors

.noinit
 *(.noinit)

.data           0x200000c0       0x88 load address 0x00001b98
                0x200000c0                __cy_region_start_data = .
 *(.jcr)
 .jcr           0x200000c0        0x0 c:/program files (x86)/cypress/psoc creator/4.2/psoc creator/import/gnu/arm/5.4.1/bin/../lib/gcc/arm-none-eabi/5.4.1/armv6-m/crtbegin.o
 .jcr           0x200000c0        0x4 c:/program files (x86)/cypress/psoc creator/4.2/psoc creator/import/gnu/arm/5.4.1/bin/../lib/gcc/arm-none-eabi/5.4.1/armv6-m/crtend.o
 *(.got.plt)
 *(.got)
 *(.shdata)
 *(.data .data.* .gnu.linkonce.d.*)
 .data          0x200000c4        0x4 .\CortexM0\ARM_GCC_541\Debug\Cm0Start.o
 .data          0x200000c8       0x14 .\CortexM0\ARM_GCC_541\Debug\Lab4.a(CyLib.o)
                0x200000c8                CySysClkPumpConfig
                0x200000cc                cydelay32kMs
                0x200000d0                cydelayFreqKhz
                0x200000d4                cydelayFreqMhz
                0x200000d8                cydelayFreqHz
 .data          0x200000dc        0x8 .\CortexM0\ARM_GCC_541\Debug\Lab4.a(CyLFClk.o)
 .data.impure_data
                0x200000e4       0x60 c:/program files (x86)/cypress/psoc creator/4.2/psoc creator/import/gnu/arm/5.4.1/bin/../lib/gcc/arm-none-eabi/5.4.1/../../../../arm-none-eabi/lib/armv6-m\libg_nano.a(lib_a-impure.o)
 .data._impure_ptr
                0x20000144        0x4 c:/program files (x86)/cypress/psoc creator/4.2/psoc creator/import/gnu/arm/5.4.1/bin/../lib/gcc/arm-none-eabi/5.4.1/../../../../arm-none-eabi/lib/armv6-m\libg_nano.a(lib_a-impure.o)
                0x20000144                _impure_ptr
                0x20000148                . = ALIGN (0x8)
 *(.ram)
                0x20000148                _edata = .

.igot.plt       0x20000148        0x0 load address 0x00001c20
 .igot.plt      0x20000148        0x0 c:/program files (x86)/cypress/psoc creator/4.2/psoc creator/import/gnu/arm/5.4.1/bin/../lib/gcc/arm-none-eabi/5.4.1/armv6-m/crtbegin.o

.bss            0x20000148       0x98 load address 0x00001c20
                0x20000148                PROVIDE (__bss_start__, .)
 *(.shbss)
 *(.bss .bss.* .gnu.linkonce.b.*)
 .bss           0x20000148       0x1c c:/program files (x86)/cypress/psoc creator/4.2/psoc creator/import/gnu/arm/5.4.1/bin/../lib/gcc/arm-none-eabi/5.4.1/armv6-m/crtbegin.o
 .bss           0x20000164       0x25 .\CortexM0\ARM_GCC_541\Debug\lcd_degree.o
 *fill*         0x20000189        0x3 
 .bss           0x2000018c        0x8 .\CortexM0\ARM_GCC_541\Debug\adc_validation.o
                0x2000018c                x
                0x20000190                y
 .bss           0x20000194       0x28 .\CortexM0\ARM_GCC_541\Debug\Lab4.a(CyLFClk.o)
 .bss           0x200001bc        0x2 .\CortexM0\ARM_GCC_541\Debug\Lab4.a(LCD.o)
                0x200001bc                LCD_enableState
                0x200001bd                LCD_initVar
 .bss           0x200001be        0x1 .\CortexM0\ARM_GCC_541\Debug\Lab4.a(ADC.o)
                0x200001be                ADC_initVar
 .bss           0x200001bf        0x1 .\CortexM0\ARM_GCC_541\Debug\Lab4.a(PWM_Y.o)
                0x200001bf                PWM_Y_initVar
 .bss           0x200001c0        0x1 .\CortexM0\ARM_GCC_541\Debug\Lab4.a(PWM_X.o)
                0x200001c0                PWM_X_initVar
 *fill*         0x200001c1        0x3 
 .bss.__malloc_sbrk_start
                0x200001c4        0x4 c:/program files (x86)/cypress/psoc creator/4.2/psoc creator/import/gnu/arm/5.4.1/bin/../lib/gcc/arm-none-eabi/5.4.1/../../../../arm-none-eabi/lib/armv6-m\libg_nano.a(lib_a-nano-mallocr.o)
                0x200001c4                __malloc_sbrk_start
 .bss.__malloc_free_list
                0x200001c8        0x4 c:/program files (x86)/cypress/psoc creator/4.2/psoc creator/import/gnu/arm/5.4.1/bin/../lib/gcc/arm-none-eabi/5.4.1/../../../../arm-none-eabi/lib/armv6-m\libg_nano.a(lib_a-nano-mallocr.o)
                0x200001c8                __malloc_free_list
 *(COMMON)
 COMMON         0x200001cc        0xc .\CortexM0\ARM_GCC_541\Debug\Lab4.a(ADC.o)
                0x200001cc                ADC_countsPer10Volt
                0x200001d4                ADC_offset
 COMMON         0x200001d8        0x4 c:/program files (x86)/cypress/psoc creator/4.2/psoc creator/import/gnu/arm/5.4.1/bin/../lib/gcc/arm-none-eabi/5.4.1/../../../../arm-none-eabi/lib/armv6-m\libg_nano.a(lib_a-reent.o)
                0x200001d8                errno
                0x200001e0                . = ALIGN (0x8)
 *fill*         0x200001dc        0x4 
 *(.ram.b)
                0x200001e0                _end = .
                0x200001e0                __end = .
                0x200001e0                PROVIDE (end, .)
                0x200001e0                PROVIDE (__bss_end__, .)
                0x00001b98                __cy_region_init_ram = LOADADDR (.data)
                0x00000088                __cy_region_init_size_ram = (_edata - ADDR (.data))
                0x00000098                __cy_region_zero_size_ram = (_end - _edata)

.heap           0x200001e0       0x80 load address 0x00001c20
                0x200001e0                . = _end
                0x20000260                . = (. + 0x80)
 *fill*         0x200001e0       0x80 
                0x20000260                __cy_heap_limit = .

.stack          0x20003800      0x800
                0x20003800                __cy_stack_limit = .
                0x20004000                . = (. + 0x800)
 *fill*         0x20003800      0x800 
                0x00000001                ASSERT ((__cy_stack_limit >= __cy_heap_limit), region RAM overflowed with stack)
                0x00000000                cy_checksum_exclude_size = (CY_APPL_LOADABLE == 0x1)?SIZEOF (.cy_checksum_exclude):0x0
                0x00000001                ASSERT ((cy_checksum_exclude_size <= CY_CHECKSUM_EXCLUDE_SIZE), CY_BOOT: Section .cy_checksum_exclude size exceedes specified limit.)
                0x0001ffc0                cyloadermeta_start = (cy_project_type_bootloader || cy_project_type_app_for_stack_and_copier)?(LENGTH (rom) - CY_METADATA_SIZE):0xf0000000

.cyloadermeta
 *(.cyloadermeta)
                0x0001ffc0                cyloadablemeta_start = cy_project_type_app_for_stack_and_copier?((LENGTH (rom) - CY_FLASH_ROW_SIZE) - CY_METADATA_SIZE):((LENGTH (rom) - (CY_FLASH_ROW_SIZE * (CY_APPL_NUM - 0x1))) - CY_METADATA_SIZE)

.cyloadablemeta
 *(.cyloadablemeta)

.cyflashprotect
                0x90400000       0x80
 *(.cyflashprotect)
 .cyflashprotect
                0x90400000       0x80 .\CortexM0\ARM_GCC_541\Debug\cymetadata.o
                0x90400000                cy_meta_flashprotect

.cymeta         0x90500000        0xc
 *(.cymeta)
 .cymeta        0x90500000        0xc .\CortexM0\ARM_GCC_541\Debug\cymetadata.o
                0x90500000                cy_metadata

.cychipprotect  0x90600000        0x1
 *(.cychipprotect)
 .cychipprotect
                0x90600000        0x1 .\CortexM0\ARM_GCC_541\Debug\cymetadata.o
                0x90600000                cy_meta_chipprotect

.rel.dyn        0x00001c20        0x0 load address 0x90600004
 .rel.iplt      0x00001c20        0x0 c:/program files (x86)/cypress/psoc creator/4.2/psoc creator/import/gnu/arm/5.4.1/bin/../lib/gcc/arm-none-eabi/5.4.1/armv6-m/crtbegin.o

.stab
 *(.stab)

.stabstr
 *(.stabstr)

.debug
 *(.debug)

.line
 *(.line)

.debug_srcinfo
 *(.debug_srcinfo)

.debug_sfnames
 *(.debug_sfnames)

.debug_aranges  0x00000000      0x8f8
 *(.debug_aranges)
 .debug_aranges
                0x00000000       0x28 .\CortexM0\ARM_GCC_541\Debug\lcd_degree.o
 .debug_aranges
                0x00000028       0x28 .\CortexM0\ARM_GCC_541\Debug\adc_validation.o
 .debug_aranges
                0x00000050       0x20 .\CortexM0\ARM_GCC_541\Debug\protocol.o
 .debug_aranges
                0x00000070       0x20 .\CortexM0\ARM_GCC_541\Debug\main.o
 .debug_aranges
                0x00000090       0x48 .\CortexM0\ARM_GCC_541\Debug\cyfitter_cfg.o
 .debug_aranges
                0x000000d8       0x18 .\CortexM0\ARM_GCC_541\Debug\cymetadata.o
 .debug_aranges
                0x000000f0       0x48 .\CortexM0\ARM_GCC_541\Debug\Cm0Start.o
 .debug_aranges
                0x00000138      0x1c8 .\CortexM0\ARM_GCC_541\Debug\Lab4.a(CyLib.o)
 .debug_aranges
                0x00000300      0x188 .\CortexM0\ARM_GCC_541\Debug\Lab4.a(CyLFClk.o)
 .debug_aranges
                0x00000488       0x98 .\CortexM0\ARM_GCC_541\Debug\Lab4.a(LCD.o)
 .debug_aranges
                0x00000520       0xa8 .\CortexM0\ARM_GCC_541\Debug\Lab4.a(ADC.o)
 .debug_aranges
                0x000005c8       0x20 .\CortexM0\ARM_GCC_541\Debug\Lab4.a(ADC_INT.o)
 .debug_aranges
                0x000005e8      0x158 .\CortexM0\ARM_GCC_541\Debug\Lab4.a(PWM_Y.o)
 .debug_aranges
                0x00000740      0x158 .\CortexM0\ARM_GCC_541\Debug\Lab4.a(PWM_X.o)
 .debug_aranges
                0x00000898       0x20 .\CortexM0\ARM_GCC_541\Debug\Lab4.a(CyBootAsmGnu.o)
 .debug_aranges
                0x000008b8       0x40 .\CortexM0\ARM_GCC_541\Debug\Lab4.a(CyFlash.o)

.debug_pubnames
 *(.debug_pubnames)

.debug_info     0x00000000     0x4ea8
 *(.debug_info .gnu.linkonce.wi.*)
 .debug_info    0x00000000      0x1d2 .\CortexM0\ARM_GCC_541\Debug\lcd_degree.o
 .debug_info    0x000001d2      0x186 .\CortexM0\ARM_GCC_541\Debug\adc_validation.o
 .debug_info    0x00000358       0xcd .\CortexM0\ARM_GCC_541\Debug\protocol.o
 .debug_info    0x00000425       0xe5 .\CortexM0\ARM_GCC_541\Debug\main.o
 .debug_info    0x0000050a      0x405 .\CortexM0\ARM_GCC_541\Debug\cyfitter_cfg.o
 .debug_info    0x0000090f       0xf8 .\CortexM0\ARM_GCC_541\Debug\cymetadata.o
 .debug_info    0x00000a07      0x3a2 .\CortexM0\ARM_GCC_541\Debug\Cm0Start.o
 .debug_info    0x00000da9      0xd3f .\CortexM0\ARM_GCC_541\Debug\Lab4.a(CyLib.o)
 .debug_info    0x00001ae8     0x1058 .\CortexM0\ARM_GCC_541\Debug\Lab4.a(CyLFClk.o)
 .debug_info    0x00002b40      0x721 .\CortexM0\ARM_GCC_541\Debug\Lab4.a(LCD.o)
 .debug_info    0x00003261      0x5a5 .\CortexM0\ARM_GCC_541\Debug\Lab4.a(ADC.o)
 .debug_info    0x00003806       0xcb .\CortexM0\ARM_GCC_541\Debug\Lab4.a(ADC_INT.o)
 .debug_info    0x000038d1      0x90b .\CortexM0\ARM_GCC_541\Debug\Lab4.a(PWM_Y.o)
 .debug_info    0x000041dc      0x90b .\CortexM0\ARM_GCC_541\Debug\Lab4.a(PWM_X.o)
 .debug_info    0x00004ae7       0x71 .\CortexM0\ARM_GCC_541\Debug\Lab4.a(CyBootAsmGnu.o)
 .debug_info    0x00004b58      0x350 .\CortexM0\ARM_GCC_541\Debug\Lab4.a(CyFlash.o)

.debug_abbrev   0x00000000     0x11b5
 *(.debug_abbrev)
 .debug_abbrev  0x00000000       0xb6 .\CortexM0\ARM_GCC_541\Debug\lcd_degree.o
 .debug_abbrev  0x000000b6       0x9b .\CortexM0\ARM_GCC_541\Debug\adc_validation.o
 .debug_abbrev  0x00000151       0x60 .\CortexM0\ARM_GCC_541\Debug\protocol.o
 .debug_abbrev  0x000001b1       0x65 .\CortexM0\ARM_GCC_541\Debug\main.o
 .debug_abbrev  0x00000216      0x1cf .\CortexM0\ARM_GCC_541\Debug\cyfitter_cfg.o
 .debug_abbrev  0x000003e5       0x5d .\CortexM0\ARM_GCC_541\Debug\cymetadata.o
 .debug_abbrev  0x00000442      0x1d7 .\CortexM0\ARM_GCC_541\Debug\Cm0Start.o
 .debug_abbrev  0x00000619      0x218 .\CortexM0\ARM_GCC_541\Debug\Lab4.a(CyLib.o)
 .debug_abbrev  0x00000831      0x248 .\CortexM0\ARM_GCC_541\Debug\Lab4.a(CyLFClk.o)
 .debug_abbrev  0x00000a79      0x171 .\CortexM0\ARM_GCC_541\Debug\Lab4.a(LCD.o)
 .debug_abbrev  0x00000bea      0x19e .\CortexM0\ARM_GCC_541\Debug\Lab4.a(ADC.o)
 .debug_abbrev  0x00000d88       0x65 .\CortexM0\ARM_GCC_541\Debug\Lab4.a(ADC_INT.o)
 .debug_abbrev  0x00000ded      0x119 .\CortexM0\ARM_GCC_541\Debug\Lab4.a(PWM_Y.o)
 .debug_abbrev  0x00000f06      0x119 .\CortexM0\ARM_GCC_541\Debug\Lab4.a(PWM_X.o)
 .debug_abbrev  0x0000101f       0x14 .\CortexM0\ARM_GCC_541\Debug\Lab4.a(CyBootAsmGnu.o)
 .debug_abbrev  0x00001033      0x182 .\CortexM0\ARM_GCC_541\Debug\Lab4.a(CyFlash.o)

.debug_line     0x00000000     0x203a
 *(.debug_line)
 .debug_line    0x00000000       0xe9 .\CortexM0\ARM_GCC_541\Debug\lcd_degree.o
 .debug_line    0x000000e9       0x8d .\CortexM0\ARM_GCC_541\Debug\adc_validation.o
 .debug_line    0x00000176       0x5f .\CortexM0\ARM_GCC_541\Debug\protocol.o
 .debug_line    0x000001d5       0x72 .\CortexM0\ARM_GCC_541\Debug\main.o
 .debug_line    0x00000247      0x197 .\CortexM0\ARM_GCC_541\Debug\cyfitter_cfg.o
 .debug_line    0x000003de      0x141 .\CortexM0\ARM_GCC_541\Debug\cymetadata.o
 .debug_line    0x0000051f      0x236 .\CortexM0\ARM_GCC_541\Debug\Cm0Start.o
 .debug_line    0x00000755      0x563 .\CortexM0\ARM_GCC_541\Debug\Lab4.a(CyLib.o)
 .debug_line    0x00000cb8      0x5d1 .\CortexM0\ARM_GCC_541\Debug\Lab4.a(CyLFClk.o)
 .debug_line    0x00001289      0x1e6 .\CortexM0\ARM_GCC_541\Debug\Lab4.a(LCD.o)
 .debug_line    0x0000146f      0x292 .\CortexM0\ARM_GCC_541\Debug\Lab4.a(ADC.o)
 .debug_line    0x00001701       0x62 .\CortexM0\ARM_GCC_541\Debug\Lab4.a(ADC_INT.o)
 .debug_line    0x00001763      0x37e .\CortexM0\ARM_GCC_541\Debug\Lab4.a(PWM_Y.o)
 .debug_line    0x00001ae1      0x37e .\CortexM0\ARM_GCC_541\Debug\Lab4.a(PWM_X.o)
 .debug_line    0x00001e5f       0x68 .\CortexM0\ARM_GCC_541\Debug\Lab4.a(CyBootAsmGnu.o)
 .debug_line    0x00001ec7      0x173 .\CortexM0\ARM_GCC_541\Debug\Lab4.a(CyFlash.o)

.debug_frame    0x00000000     0x1c00
 *(.debug_frame)
 .debug_frame   0x00000000       0x48 .\CortexM0\ARM_GCC_541\Debug\lcd_degree.o
 .debug_frame   0x00000048       0x48 .\CortexM0\ARM_GCC_541\Debug\adc_validation.o
 .debug_frame   0x00000090       0x2c .\CortexM0\ARM_GCC_541\Debug\protocol.o
 .debug_frame   0x000000bc       0x2c .\CortexM0\ARM_GCC_541\Debug\main.o
 .debug_frame   0x000000e8       0xb4 .\CortexM0\ARM_GCC_541\Debug\cyfitter_cfg.o
 .debug_frame   0x0000019c       0xbc .\CortexM0\ARM_GCC_541\Debug\Cm0Start.o
 .debug_frame   0x00000258      0x48c .\CortexM0\ARM_GCC_541\Debug\Lab4.a(CyLib.o)
 .debug_frame   0x000006e4      0x4a4 .\CortexM0\ARM_GCC_541\Debug\Lab4.a(CyLFClk.o)
 .debug_frame   0x00000b88      0x1f0 .\CortexM0\ARM_GCC_541\Debug\Lab4.a(LCD.o)
 .debug_frame   0x00000d78      0x1b0 .\CortexM0\ARM_GCC_541\Debug\Lab4.a(ADC.o)
 .debug_frame   0x00000f28       0x20 .\CortexM0\ARM_GCC_541\Debug\Lab4.a(ADC_INT.o)
 .debug_frame   0x00000f48      0x3a0 .\CortexM0\ARM_GCC_541\Debug\Lab4.a(PWM_Y.o)
 .debug_frame   0x000012e8      0x3a0 .\CortexM0\ARM_GCC_541\Debug\Lab4.a(PWM_X.o)
 .debug_frame   0x00001688       0x90 .\CortexM0\ARM_GCC_541\Debug\Lab4.a(CyFlash.o)
 .debug_frame   0x00001718       0x20 c:/program files (x86)/cypress/psoc creator/4.2/psoc creator/import/gnu/arm/5.4.1/bin/../lib/gcc/arm-none-eabi/5.4.1/armv6-m\libgcc.a(_udivsi3.o)
 .debug_frame   0x00001738       0x20 c:/program files (x86)/cypress/psoc creator/4.2/psoc creator/import/gnu/arm/5.4.1/bin/../lib/gcc/arm-none-eabi/5.4.1/armv6-m\libgcc.a(_divsi3.o)
 .debug_frame   0x00001758       0x34 c:/program files (x86)/cypress/psoc creator/4.2/psoc creator/import/gnu/arm/5.4.1/bin/../lib/gcc/arm-none-eabi/5.4.1/armv6-m\libgcc.a(_muldi3.o)
 .debug_frame   0x0000178c       0x30 c:/program files (x86)/cypress/psoc creator/4.2/psoc creator/import/gnu/arm/5.4.1/bin/../lib/gcc/arm-none-eabi/5.4.1/armv6-m\libgcc.a(bpabi.o)
 .debug_frame   0x000017bc       0x3c c:/program files (x86)/cypress/psoc creator/4.2/psoc creator/import/gnu/arm/5.4.1/bin/../lib/gcc/arm-none-eabi/5.4.1/armv6-m\libgcc.a(divsf3.o)
 .debug_frame   0x000017f8       0x38 c:/program files (x86)/cypress/psoc creator/4.2/psoc creator/import/gnu/arm/5.4.1/bin/../lib/gcc/arm-none-eabi/5.4.1/armv6-m\libgcc.a(mulsf3.o)
 .debug_frame   0x00001830       0x2c c:/program files (x86)/cypress/psoc creator/4.2/psoc creator/import/gnu/arm/5.4.1/bin/../lib/gcc/arm-none-eabi/5.4.1/armv6-m\libgcc.a(floatsisf.o)
 .debug_frame   0x0000185c       0x3c c:/program files (x86)/cypress/psoc creator/4.2/psoc creator/import/gnu/arm/5.4.1/bin/../lib/gcc/arm-none-eabi/5.4.1/armv6-m\libgcc.a(_divdi3.o)
 .debug_frame   0x00001898       0x20 c:/program files (x86)/cypress/psoc creator/4.2/psoc creator/import/gnu/arm/5.4.1/bin/../lib/gcc/arm-none-eabi/5.4.1/../../../../arm-none-eabi/lib/armv6-m\libg_nano.a(lib_a-errno.o)
 .debug_frame   0x000018b8       0x28 c:/program files (x86)/cypress/psoc creator/4.2/psoc creator/import/gnu/arm/5.4.1/bin/../lib/gcc/arm-none-eabi/5.4.1/../../../../arm-none-eabi/lib/armv6-m\libg_nano.a(lib_a-exit.o)
 .debug_frame   0x000018e0       0x2c c:/program files (x86)/cypress/psoc creator/4.2/psoc creator/import/gnu/arm/5.4.1/bin/../lib/gcc/arm-none-eabi/5.4.1/../../../../arm-none-eabi/lib/armv6-m\libg_nano.a(lib_a-init.o)
 .debug_frame   0x0000190c       0x28 c:/program files (x86)/cypress/psoc creator/4.2/psoc creator/import/gnu/arm/5.4.1/bin/../lib/gcc/arm-none-eabi/5.4.1/../../../../arm-none-eabi/lib/armv6-m\libg_nano.a(lib_a-memcpy-stub.o)
 .debug_frame   0x00001934       0x20 c:/program files (x86)/cypress/psoc creator/4.2/psoc creator/import/gnu/arm/5.4.1/bin/../lib/gcc/arm-none-eabi/5.4.1/../../../../arm-none-eabi/lib/armv6-m\libg_nano.a(lib_a-memset.o)
 .debug_frame   0x00001954       0x50 c:/program files (x86)/cypress/psoc creator/4.2/psoc creator/import/gnu/arm/5.4.1/bin/../lib/gcc/arm-none-eabi/5.4.1/../../../../arm-none-eabi/lib/armv6-m\libg_nano.a(lib_a-sprintf.o)
 .debug_frame   0x000019a4       0x74 c:/program files (x86)/cypress/psoc creator/4.2/psoc creator/import/gnu/arm/5.4.1/bin/../lib/gcc/arm-none-eabi/5.4.1/../../../../arm-none-eabi/lib/armv6-m\libg_nano.a(lib_a-nano-svfprintf.o)
 .debug_frame   0x00001a18       0x54 c:/program files (x86)/cypress/psoc creator/4.2/psoc creator/import/gnu/arm/5.4.1/bin/../lib/gcc/arm-none-eabi/5.4.1/../../../../arm-none-eabi/lib/armv6-m\libg_nano.a(lib_a-nano-vfprintf_i.o)
 .debug_frame   0x00001a6c       0x20 c:/program files (x86)/cypress/psoc creator/4.2/psoc creator/import/gnu/arm/5.4.1/bin/../lib/gcc/arm-none-eabi/5.4.1/../../../../arm-none-eabi/lib/armv6-m\libg_nano.a(lib_a-memchr-stub.o)
 .debug_frame   0x00001a8c       0x28 c:/program files (x86)/cypress/psoc creator/4.2/psoc creator/import/gnu/arm/5.4.1/bin/../lib/gcc/arm-none-eabi/5.4.1/../../../../arm-none-eabi/lib/armv6-m\libg_nano.a(lib_a-memmove.o)
 .debug_frame   0x00001ab4       0x2c c:/program files (x86)/cypress/psoc creator/4.2/psoc creator/import/gnu/arm/5.4.1/bin/../lib/gcc/arm-none-eabi/5.4.1/../../../../arm-none-eabi/lib/armv6-m\libg_nano.a(lib_a-nano-freer.o)
 .debug_frame   0x00001ae0       0x2c c:/program files (x86)/cypress/psoc creator/4.2/psoc creator/import/gnu/arm/5.4.1/bin/../lib/gcc/arm-none-eabi/5.4.1/../../../../arm-none-eabi/lib/armv6-m\libg_nano.a(lib_a-nano-mallocr.o)
 .debug_frame   0x00001b0c       0x30 c:/program files (x86)/cypress/psoc creator/4.2/psoc creator/import/gnu/arm/5.4.1/bin/../lib/gcc/arm-none-eabi/5.4.1/../../../../arm-none-eabi/lib/armv6-m\libg_nano.a(lib_a-nano-reallocr.o)
 .debug_frame   0x00001b3c       0x2c c:/program files (x86)/cypress/psoc creator/4.2/psoc creator/import/gnu/arm/5.4.1/bin/../lib/gcc/arm-none-eabi/5.4.1/../../../../arm-none-eabi/lib/armv6-m\libg_nano.a(lib_a-sbrkr.o)
 .debug_frame   0x00001b68       0x30 c:/program files (x86)/cypress/psoc creator/4.2/psoc creator/import/gnu/arm/5.4.1/bin/../lib/gcc/arm-none-eabi/5.4.1/../../../../arm-none-eabi/lib/armv6-m\libg_nano.a(lib_a-mlock.o)
 .debug_frame   0x00001b98       0x20 c:/program files (x86)/cypress/psoc creator/4.2/psoc creator/import/gnu/arm/5.4.1/bin/../lib/gcc/arm-none-eabi/5.4.1/../../../../arm-none-eabi/lib/armv6-m\libg_nano.a(lib_a-nano-msizer.o)
 .debug_frame   0x00001bb8       0x48 c:/program files (x86)/cypress/psoc creator/4.2/psoc creator/import/gnu/arm/5.4.1/bin/../lib/gcc/arm-none-eabi/5.4.1/../../../../arm-none-eabi/lib/armv6-m\libg_nano.a(lib_a-reent.o)

.debug_str      0x00000000     0x1cd6
 *(.debug_str)
 .debug_str     0x00000000      0x187 .\CortexM0\ARM_GCC_541\Debug\lcd_degree.o
                                0x1c7 (size before relaxing)
 .debug_str     0x00000187       0xa3 .\CortexM0\ARM_GCC_541\Debug\adc_validation.o
                                0x1ff (size before relaxing)
 .debug_str     0x0000022a       0x19 .\CortexM0\ARM_GCC_541\Debug\protocol.o
                                0x192 (size before relaxing)
 .debug_str     0x00000243        0xc .\CortexM0\ARM_GCC_541\Debug\main.o
                                0x196 (size before relaxing)
 .debug_str     0x0000024f      0x158 .\CortexM0\ARM_GCC_541\Debug\cyfitter_cfg.o
                                0x2de (size before relaxing)
 .debug_str     0x000003a7       0x63 .\CortexM0\ARM_GCC_541\Debug\cymetadata.o
                                0x1a9 (size before relaxing)
 .debug_str     0x0000040a      0x135 .\CortexM0\ARM_GCC_541\Debug\Cm0Start.o
                                0x2e2 (size before relaxing)
 .debug_str     0x0000053f      0x611 .\CortexM0\ARM_GCC_541\Debug\Lab4.a(CyLib.o)
                                0x7de (size before relaxing)
 .debug_str     0x00000b50      0x6e7 .\CortexM0\ARM_GCC_541\Debug\Lab4.a(CyLFClk.o)
                                0x8fe (size before relaxing)
 .debug_str     0x00001237      0x13a .\CortexM0\ARM_GCC_541\Debug\Lab4.a(LCD.o)
                                0x30d (size before relaxing)
 .debug_str     0x00001371      0x1ba .\CortexM0\ARM_GCC_541\Debug\Lab4.a(ADC.o)
                                0x3b9 (size before relaxing)
 .debug_str     0x0000152b       0x35 .\CortexM0\ARM_GCC_541\Debug\Lab4.a(ADC_INT.o)
                                0x19e (size before relaxing)
 .debug_str     0x00001560      0x3c7 .\CortexM0\ARM_GCC_541\Debug\Lab4.a(PWM_Y.o)
                                0x592 (size before relaxing)
 .debug_str     0x00001927      0x308 .\CortexM0\ARM_GCC_541\Debug\Lab4.a(PWM_X.o)
                                0x592 (size before relaxing)
 .debug_str     0x00001c2f       0xa7 .\CortexM0\ARM_GCC_541\Debug\Lab4.a(CyFlash.o)
                                0x291 (size before relaxing)

.debug_loc      0x00000000     0x2ce3
 *(.debug_loc)
 .debug_loc     0x00000000      0x136 .\CortexM0\ARM_GCC_541\Debug\cyfitter_cfg.o
 .debug_loc     0x00000136      0x14f .\CortexM0\ARM_GCC_541\Debug\Cm0Start.o
 .debug_loc     0x00000285      0x81c .\CortexM0\ARM_GCC_541\Debug\Lab4.a(CyLib.o)
 .debug_loc     0x00000aa1      0xdb7 .\CortexM0\ARM_GCC_541\Debug\Lab4.a(CyLFClk.o)
 .debug_loc     0x00001858      0x3e3 .\CortexM0\ARM_GCC_541\Debug\Lab4.a(LCD.o)
 .debug_loc     0x00001c3b      0x4ba .\CortexM0\ARM_GCC_541\Debug\Lab4.a(ADC.o)
 .debug_loc     0x000020f5      0x547 .\CortexM0\ARM_GCC_541\Debug\Lab4.a(PWM_Y.o)
 .debug_loc     0x0000263c      0x547 .\CortexM0\ARM_GCC_541\Debug\Lab4.a(PWM_X.o)
 .debug_loc     0x00002b83      0x160 .\CortexM0\ARM_GCC_541\Debug\Lab4.a(CyFlash.o)

.debug_macinfo
 *(.debug_macinfo)

.debug_ranges   0x00000000      0x7e0
 *(.debug_ranges)
 .debug_ranges  0x00000000       0x18 .\CortexM0\ARM_GCC_541\Debug\lcd_degree.o
 .debug_ranges  0x00000018       0x18 .\CortexM0\ARM_GCC_541\Debug\adc_validation.o
 .debug_ranges  0x00000030       0x10 .\CortexM0\ARM_GCC_541\Debug\protocol.o
 .debug_ranges  0x00000040       0x10 .\CortexM0\ARM_GCC_541\Debug\main.o
 .debug_ranges  0x00000050       0x38 .\CortexM0\ARM_GCC_541\Debug\cyfitter_cfg.o
 .debug_ranges  0x00000088       0x38 .\CortexM0\ARM_GCC_541\Debug\Cm0Start.o
 .debug_ranges  0x000000c0      0x1b8 .\CortexM0\ARM_GCC_541\Debug\Lab4.a(CyLib.o)
 .debug_ranges  0x00000278      0x178 .\CortexM0\ARM_GCC_541\Debug\Lab4.a(CyLFClk.o)
 .debug_ranges  0x000003f0       0x88 .\CortexM0\ARM_GCC_541\Debug\Lab4.a(LCD.o)
 .debug_ranges  0x00000478       0x98 .\CortexM0\ARM_GCC_541\Debug\Lab4.a(ADC.o)
 .debug_ranges  0x00000510       0x10 .\CortexM0\ARM_GCC_541\Debug\Lab4.a(ADC_INT.o)
 .debug_ranges  0x00000520      0x148 .\CortexM0\ARM_GCC_541\Debug\Lab4.a(PWM_Y.o)
 .debug_ranges  0x00000668      0x148 .\CortexM0\ARM_GCC_541\Debug\Lab4.a(PWM_X.o)
 .debug_ranges  0x000007b0       0x30 .\CortexM0\ARM_GCC_541\Debug\Lab4.a(CyFlash.o)

.comment        0x00000000       0x6e
 .comment       0x00000000       0x6e .\CortexM0\ARM_GCC_541\Debug\lcd_degree.o
                                 0x6f (size before relaxing)
 .comment       0x0000006e       0x6f .\CortexM0\ARM_GCC_541\Debug\adc_validation.o
 .comment       0x0000006e       0x6f .\CortexM0\ARM_GCC_541\Debug\protocol.o
 .comment       0x0000006e       0x6f .\CortexM0\ARM_GCC_541\Debug\main.o
 .comment       0x0000006e       0x6f .\CortexM0\ARM_GCC_541\Debug\cyfitter_cfg.o
 .comment       0x0000006e       0x6f .\CortexM0\ARM_GCC_541\Debug\cymetadata.o
 .comment       0x0000006e       0x6f .\CortexM0\ARM_GCC_541\Debug\Cm0Start.o
 .comment       0x0000006e       0x6f .\CortexM0\ARM_GCC_541\Debug\Lab4.a(CyLib.o)
 .comment       0x0000006e       0x6f .\CortexM0\ARM_GCC_541\Debug\Lab4.a(CyLFClk.o)
 .comment       0x0000006e       0x6f .\CortexM0\ARM_GCC_541\Debug\Lab4.a(LCD.o)
 .comment       0x0000006e       0x6f .\CortexM0\ARM_GCC_541\Debug\Lab4.a(ADC.o)
 .comment       0x0000006e       0x6f .\CortexM0\ARM_GCC_541\Debug\Lab4.a(ADC_INT.o)
 .comment       0x0000006e       0x6f .\CortexM0\ARM_GCC_541\Debug\Lab4.a(PWM_Y.o)
 .comment       0x0000006e       0x6f .\CortexM0\ARM_GCC_541\Debug\Lab4.a(PWM_X.o)
 .comment       0x0000006e       0x6f .\CortexM0\ARM_GCC_541\Debug\Lab4.a(CyFlash.o)

.debug_weaknames
 *(.debug_weaknames)

.debug_funcnames
 *(.debug_funcnames)

.debug_typenames
 *(.debug_typenames)

.debug_varnames
 *(.debug_varnames)

.note.gnu.arm.ident
 *(.note.gnu.arm.ident)

.ARM.attributes
                0x00000000       0x28
 *(.ARM.attributes)
 .ARM.attributes
                0x00000000       0x1e c:/program files (x86)/cypress/psoc creator/4.2/psoc creator/import/gnu/arm/5.4.1/bin/../lib/gcc/arm-none-eabi/5.4.1/armv6-m/crti.o
 .ARM.attributes
                0x0000001e       0x2c c:/program files (x86)/cypress/psoc creator/4.2/psoc creator/import/gnu/arm/5.4.1/bin/../lib/gcc/arm-none-eabi/5.4.1/armv6-m/crtbegin.o
 .ARM.attributes
                0x0000004a       0x1b c:/program files (x86)/cypress/psoc creator/4.2/psoc creator/import/gnu/arm/5.4.1/bin/../lib/gcc/arm-none-eabi/5.4.1/../../../../arm-none-eabi/lib/armv6-m/crt0.o
 .ARM.attributes
                0x00000065       0x31 .\CortexM0\ARM_GCC_541\Debug\lcd_degree.o
 .ARM.attributes
                0x00000096       0x31 .\CortexM0\ARM_GCC_541\Debug\adc_validation.o
 .ARM.attributes
                0x000000c7       0x31 .\CortexM0\ARM_GCC_541\Debug\protocol.o
 .ARM.attributes
                0x000000f8       0x31 .\CortexM0\ARM_GCC_541\Debug\main.o
 .ARM.attributes
                0x00000129       0x31 .\CortexM0\ARM_GCC_541\Debug\cyfitter_cfg.o
 .ARM.attributes
                0x0000015a       0x31 .\CortexM0\ARM_GCC_541\Debug\cymetadata.o
 .ARM.attributes
                0x0000018b       0x31 .\CortexM0\ARM_GCC_541\Debug\Cm0Start.o
 .ARM.attributes
                0x000001bc       0x31 .\CortexM0\ARM_GCC_541\Debug\Lab4.a(CyLib.o)
 .ARM.attributes
                0x000001ed       0x31 .\CortexM0\ARM_GCC_541\Debug\Lab4.a(CyLFClk.o)
 .ARM.attributes
                0x0000021e       0x31 .\CortexM0\ARM_GCC_541\Debug\Lab4.a(LCD.o)
 .ARM.attributes
                0x0000024f       0x31 .\CortexM0\ARM_GCC_541\Debug\Lab4.a(ADC.o)
 .ARM.attributes
                0x00000280       0x31 .\CortexM0\ARM_GCC_541\Debug\Lab4.a(ADC_INT.o)
 .ARM.attributes
                0x000002b1       0x31 .\CortexM0\ARM_GCC_541\Debug\Lab4.a(PWM_Y.o)
 .ARM.attributes
                0x000002e2       0x31 .\CortexM0\ARM_GCC_541\Debug\Lab4.a(PWM_X.o)
 .ARM.attributes
                0x00000313       0x21 .\CortexM0\ARM_GCC_541\Debug\Lab4.a(CyBootAsmGnu.o)
 .ARM.attributes
                0x00000334       0x31 .\CortexM0\ARM_GCC_541\Debug\Lab4.a(CyFlash.o)
 .ARM.attributes
                0x00000365       0x1e c:/program files (x86)/cypress/psoc creator/4.2/psoc creator/import/gnu/arm/5.4.1/bin/../lib/gcc/arm-none-eabi/5.4.1/armv6-m\libgcc.a(_udivsi3.o)
 .ARM.attributes
                0x00000383       0x1e c:/program files (x86)/cypress/psoc creator/4.2/psoc creator/import/gnu/arm/5.4.1/bin/../lib/gcc/arm-none-eabi/5.4.1/armv6-m\libgcc.a(_divsi3.o)
 .ARM.attributes
                0x000003a1       0x1e c:/program files (x86)/cypress/psoc creator/4.2/psoc creator/import/gnu/arm/5.4.1/bin/../lib/gcc/arm-none-eabi/5.4.1/armv6-m\libgcc.a(_dvmd_tls.o)
 .ARM.attributes
                0x000003bf       0x1e c:/program files (x86)/cypress/psoc creator/4.2/psoc creator/import/gnu/arm/5.4.1/bin/../lib/gcc/arm-none-eabi/5.4.1/armv6-m\libgcc.a(_aeabi_ldivmod.o)
 .ARM.attributes
                0x000003dd       0x2c c:/program files (x86)/cypress/psoc creator/4.2/psoc creator/import/gnu/arm/5.4.1/bin/../lib/gcc/arm-none-eabi/5.4.1/armv6-m\libgcc.a(_muldi3.o)
 .ARM.attributes
                0x00000409       0x2c c:/program files (x86)/cypress/psoc creator/4.2/psoc creator/import/gnu/arm/5.4.1/bin/../lib/gcc/arm-none-eabi/5.4.1/armv6-m\libgcc.a(bpabi.o)
 .ARM.attributes
                0x00000435       0x2c c:/program files (x86)/cypress/psoc creator/4.2/psoc creator/import/gnu/arm/5.4.1/bin/../lib/gcc/arm-none-eabi/5.4.1/armv6-m\libgcc.a(divsf3.o)
 .ARM.attributes
                0x00000461       0x2c c:/program files (x86)/cypress/psoc creator/4.2/psoc creator/import/gnu/arm/5.4.1/bin/../lib/gcc/arm-none-eabi/5.4.1/armv6-m\libgcc.a(mulsf3.o)
 .ARM.attributes
                0x0000048d       0x2c c:/program files (x86)/cypress/psoc creator/4.2/psoc creator/import/gnu/arm/5.4.1/bin/../lib/gcc/arm-none-eabi/5.4.1/armv6-m\libgcc.a(floatsisf.o)
 .ARM.attributes
                0x000004b9       0x1e c:/program files (x86)/cypress/psoc creator/4.2/psoc creator/import/gnu/arm/5.4.1/bin/../lib/gcc/arm-none-eabi/5.4.1/armv6-m\libgcc.a(_clzsi2.o)
 .ARM.attributes
                0x000004d7       0x2c c:/program files (x86)/cypress/psoc creator/4.2/psoc creator/import/gnu/arm/5.4.1/bin/../lib/gcc/arm-none-eabi/5.4.1/armv6-m\libgcc.a(_divdi3.o)
 .ARM.attributes
                0x00000503       0x1e c:/program files (x86)/cypress/psoc creator/4.2/psoc creator/import/gnu/arm/5.4.1/bin/../lib/gcc/arm-none-eabi/5.4.1/armv6-m\libgcc.a(_clzdi2.o)
 .ARM.attributes
                0x00000521       0x2c c:/program files (x86)/cypress/psoc creator/4.2/psoc creator/import/gnu/arm/5.4.1/bin/../lib/gcc/arm-none-eabi/5.4.1/../../../../arm-none-eabi/lib/armv6-m\libg_nano.a(lib_a-errno.o)
 .ARM.attributes
                0x0000054d       0x2c c:/program files (x86)/cypress/psoc creator/4.2/psoc creator/import/gnu/arm/5.4.1/bin/../lib/gcc/arm-none-eabi/5.4.1/../../../../arm-none-eabi/lib/armv6-m\libg_nano.a(lib_a-exit.o)
 .ARM.attributes
                0x00000579       0x2c c:/program files (x86)/cypress/psoc creator/4.2/psoc creator/import/gnu/arm/5.4.1/bin/../lib/gcc/arm-none-eabi/5.4.1/../../../../arm-none-eabi/lib/armv6-m\libg_nano.a(lib_a-impure.o)
 .ARM.attributes
                0x000005a5       0x2c c:/program files (x86)/cypress/psoc creator/4.2/psoc creator/import/gnu/arm/5.4.1/bin/../lib/gcc/arm-none-eabi/5.4.1/../../../../arm-none-eabi/lib/armv6-m\libg_nano.a(lib_a-init.o)
 .ARM.attributes
                0x000005d1       0x2c c:/program files (x86)/cypress/psoc creator/4.2/psoc creator/import/gnu/arm/5.4.1/bin/../lib/gcc/arm-none-eabi/5.4.1/../../../../arm-none-eabi/lib/armv6-m\libg_nano.a(lib_a-memcpy-stub.o)
 .ARM.attributes
                0x000005fd       0x2c c:/program files (x86)/cypress/psoc creator/4.2/psoc creator/import/gnu/arm/5.4.1/bin/../lib/gcc/arm-none-eabi/5.4.1/../../../../arm-none-eabi/lib/armv6-m\libg_nano.a(lib_a-memset.o)
 .ARM.attributes
                0x00000629       0x2c c:/program files (x86)/cypress/psoc creator/4.2/psoc creator/import/gnu/arm/5.4.1/bin/../lib/gcc/arm-none-eabi/5.4.1/../../../../arm-none-eabi/lib/armv6-m\libg_nano.a(lib_a-sprintf.o)
 .ARM.attributes
                0x00000655       0x2c c:/program files (x86)/cypress/psoc creator/4.2/psoc creator/import/gnu/arm/5.4.1/bin/../lib/gcc/arm-none-eabi/5.4.1/../../../../arm-none-eabi/lib/armv6-m\libg_nano.a(lib_a-nano-svfprintf.o)
 .ARM.attributes
                0x00000681       0x2c c:/program files (x86)/cypress/psoc creator/4.2/psoc creator/import/gnu/arm/5.4.1/bin/../lib/gcc/arm-none-eabi/5.4.1/../../../../arm-none-eabi/lib/armv6-m\libg_nano.a(lib_a-nano-vfprintf_i.o)
 .ARM.attributes
                0x000006ad       0x2c c:/program files (x86)/cypress/psoc creator/4.2/psoc creator/import/gnu/arm/5.4.1/bin/../lib/gcc/arm-none-eabi/5.4.1/../../../../arm-none-eabi/lib/armv6-m\libg_nano.a(lib_a-memchr-stub.o)
 .ARM.attributes
                0x000006d9       0x2c c:/program files (x86)/cypress/psoc creator/4.2/psoc creator/import/gnu/arm/5.4.1/bin/../lib/gcc/arm-none-eabi/5.4.1/../../../../arm-none-eabi/lib/armv6-m\libg_nano.a(lib_a-memmove.o)
 .ARM.attributes
                0x00000705       0x2c c:/program files (x86)/cypress/psoc creator/4.2/psoc creator/import/gnu/arm/5.4.1/bin/../lib/gcc/arm-none-eabi/5.4.1/../../../../arm-none-eabi/lib/armv6-m\libg_nano.a(lib_a-nano-freer.o)
 .ARM.attributes
                0x00000731       0x2c c:/program files (x86)/cypress/psoc creator/4.2/psoc creator/import/gnu/arm/5.4.1/bin/../lib/gcc/arm-none-eabi/5.4.1/../../../../arm-none-eabi/lib/armv6-m\libg_nano.a(lib_a-nano-mallocr.o)
 .ARM.attributes
                0x0000075d       0x2c c:/program files (x86)/cypress/psoc creator/4.2/psoc creator/import/gnu/arm/5.4.1/bin/../lib/gcc/arm-none-eabi/5.4.1/../../../../arm-none-eabi/lib/armv6-m\libg_nano.a(lib_a-nano-reallocr.o)
 .ARM.attributes
                0x00000789       0x2c c:/program files (x86)/cypress/psoc creator/4.2/psoc creator/import/gnu/arm/5.4.1/bin/../lib/gcc/arm-none-eabi/5.4.1/../../../../arm-none-eabi/lib/armv6-m\libg_nano.a(lib_a-sbrkr.o)
 .ARM.attributes
                0x000007b5       0x2c c:/program files (x86)/cypress/psoc creator/4.2/psoc creator/import/gnu/arm/5.4.1/bin/../lib/gcc/arm-none-eabi/5.4.1/../../../../arm-none-eabi/lib/armv6-m\libg_nano.a(lib_a-mlock.o)
 .ARM.attributes
                0x000007e1       0x2c c:/program files (x86)/cypress/psoc creator/4.2/psoc creator/import/gnu/arm/5.4.1/bin/../lib/gcc/arm-none-eabi/5.4.1/../../../../arm-none-eabi/lib/armv6-m\libg_nano.a(lib_a-nano-msizer.o)
 .ARM.attributes
                0x0000080d       0x2c c:/program files (x86)/cypress/psoc creator/4.2/psoc creator/import/gnu/arm/5.4.1/bin/../lib/gcc/arm-none-eabi/5.4.1/../../../../arm-none-eabi/lib/armv6-m\libg_nano.a(lib_a-reent.o)
 .ARM.attributes
                0x00000839       0x2c c:/program files (x86)/cypress/psoc creator/4.2/psoc creator/import/gnu/arm/5.4.1/bin/../lib/gcc/arm-none-eabi/5.4.1/armv6-m/crtend.o
 .ARM.attributes
                0x00000865       0x1e c:/program files (x86)/cypress/psoc creator/4.2/psoc creator/import/gnu/arm/5.4.1/bin/../lib/gcc/arm-none-eabi/5.4.1/armv6-m/crtn.o

/DISCARD/
 *(.note.GNU-stack)
OUTPUT(D:\Programming\PSoC\Lab\Lab4.cydsn\CortexM0\ARM_GCC_541\Debug\Lab4.elf elf32-littlearm)
