ARM GAS  C:\Users\ADMIN\AppData\Local\Temp\cc73CO3Q.s 			page 1


   1              		.syntax unified
   2              		.cpu cortex-m0
   3              		.fpu softvfp
   4              		.eabi_attribute 20, 1
   5              		.eabi_attribute 21, 1
   6              		.eabi_attribute 23, 3
   7              		.eabi_attribute 24, 1
   8              		.eabi_attribute 25, 1
   9              		.eabi_attribute 26, 1
  10              		.eabi_attribute 30, 1
  11              		.eabi_attribute 34, 0
  12              		.eabi_attribute 18, 4
  13              		.thumb
  14              		.syntax unified
  15              		.file	"cyfitter_cfg.c"
  16              		.text
  17              	.Ltext0:
  18              		.cfi_sections	.debug_frame
  19              		.section	.text.AnalogSetDefault,"ax",%progbits
  20              		.align	2
  21              		.code	16
  22              		.thumb_func
  23              		.type	AnalogSetDefault, %function
  24              	AnalogSetDefault:
  25              	.LFB5:
  26              		.file 1 "Generated_Source\\PSoC4\\cyfitter_cfg.c"
   1:Generated_Source\PSoC4/cyfitter_cfg.c **** 
   2:Generated_Source\PSoC4/cyfitter_cfg.c **** /*******************************************************************************
   3:Generated_Source\PSoC4/cyfitter_cfg.c **** * File Name: cyfitter_cfg.c
   4:Generated_Source\PSoC4/cyfitter_cfg.c **** * 
   5:Generated_Source\PSoC4/cyfitter_cfg.c **** * PSoC Creator  4.2
   6:Generated_Source\PSoC4/cyfitter_cfg.c **** *
   7:Generated_Source\PSoC4/cyfitter_cfg.c **** * Description:
   8:Generated_Source\PSoC4/cyfitter_cfg.c **** * This file contains device initialization code.
   9:Generated_Source\PSoC4/cyfitter_cfg.c **** * Except for the user defined sections in CyClockStartupError(), this file should not be modified.
  10:Generated_Source\PSoC4/cyfitter_cfg.c **** * This file is automatically generated by PSoC Creator.
  11:Generated_Source\PSoC4/cyfitter_cfg.c **** *
  12:Generated_Source\PSoC4/cyfitter_cfg.c **** ********************************************************************************
  13:Generated_Source\PSoC4/cyfitter_cfg.c **** * Copyright (c) 2007-2018 Cypress Semiconductor.  All rights reserved.
  14:Generated_Source\PSoC4/cyfitter_cfg.c **** * You may use this file only in accordance with the license, terms, conditions, 
  15:Generated_Source\PSoC4/cyfitter_cfg.c **** * disclaimers, and limitations in the end user license agreement accompanying 
  16:Generated_Source\PSoC4/cyfitter_cfg.c **** * the software package with which this file was provided.
  17:Generated_Source\PSoC4/cyfitter_cfg.c **** ********************************************************************************/
  18:Generated_Source\PSoC4/cyfitter_cfg.c **** 
  19:Generated_Source\PSoC4/cyfitter_cfg.c **** #include <string.h>
  20:Generated_Source\PSoC4/cyfitter_cfg.c **** #include "cytypes.h"
  21:Generated_Source\PSoC4/cyfitter_cfg.c **** #include "cydevice_trm.h"
  22:Generated_Source\PSoC4/cyfitter_cfg.c **** #include "cyfitter.h"
  23:Generated_Source\PSoC4/cyfitter_cfg.c **** #include "CyLib.h"
  24:Generated_Source\PSoC4/cyfitter_cfg.c **** #include "CyLFClk.h"
  25:Generated_Source\PSoC4/cyfitter_cfg.c **** #include "cyfitter_cfg.h"
  26:Generated_Source\PSoC4/cyfitter_cfg.c **** #include "cyapicallbacks.h"
  27:Generated_Source\PSoC4/cyfitter_cfg.c **** 
  28:Generated_Source\PSoC4/cyfitter_cfg.c **** 
  29:Generated_Source\PSoC4/cyfitter_cfg.c **** #if defined(__GNUC__) || defined(__ARMCC_VERSION)
  30:Generated_Source\PSoC4/cyfitter_cfg.c ****     #define CYPACKED 
  31:Generated_Source\PSoC4/cyfitter_cfg.c ****     #define CYPACKED_ATTR __attribute__ ((packed))
ARM GAS  C:\Users\ADMIN\AppData\Local\Temp\cc73CO3Q.s 			page 2


  32:Generated_Source\PSoC4/cyfitter_cfg.c ****     #define CYALIGNED __attribute__ ((aligned))
  33:Generated_Source\PSoC4/cyfitter_cfg.c ****     #define CY_CFG_UNUSED __attribute__ ((unused))
  34:Generated_Source\PSoC4/cyfitter_cfg.c ****     #ifndef CY_CFG_SECTION
  35:Generated_Source\PSoC4/cyfitter_cfg.c ****         #define CY_CFG_SECTION __attribute__ ((section(".psocinit")))
  36:Generated_Source\PSoC4/cyfitter_cfg.c ****     #endif
  37:Generated_Source\PSoC4/cyfitter_cfg.c ****     
  38:Generated_Source\PSoC4/cyfitter_cfg.c ****     #if defined(__ARMCC_VERSION)
  39:Generated_Source\PSoC4/cyfitter_cfg.c ****         #define CY_CFG_MEMORY_BARRIER() __memory_changed()
  40:Generated_Source\PSoC4/cyfitter_cfg.c ****     #else
  41:Generated_Source\PSoC4/cyfitter_cfg.c ****         #define CY_CFG_MEMORY_BARRIER() __sync_synchronize()
  42:Generated_Source\PSoC4/cyfitter_cfg.c ****     #endif
  43:Generated_Source\PSoC4/cyfitter_cfg.c ****     
  44:Generated_Source\PSoC4/cyfitter_cfg.c **** #elif defined(__ICCARM__)
  45:Generated_Source\PSoC4/cyfitter_cfg.c ****     #include <intrinsics.h>
  46:Generated_Source\PSoC4/cyfitter_cfg.c **** 
  47:Generated_Source\PSoC4/cyfitter_cfg.c ****     #define CYPACKED __packed
  48:Generated_Source\PSoC4/cyfitter_cfg.c ****     #define CYPACKED_ATTR 
  49:Generated_Source\PSoC4/cyfitter_cfg.c ****     #define CYALIGNED _Pragma("data_alignment=4")
  50:Generated_Source\PSoC4/cyfitter_cfg.c ****     #define CY_CFG_UNUSED _Pragma("diag_suppress=Pe177")
  51:Generated_Source\PSoC4/cyfitter_cfg.c ****     #define CY_CFG_SECTION _Pragma("location=\".psocinit\"")
  52:Generated_Source\PSoC4/cyfitter_cfg.c ****     
  53:Generated_Source\PSoC4/cyfitter_cfg.c ****     #define CY_CFG_MEMORY_BARRIER() __DMB()
  54:Generated_Source\PSoC4/cyfitter_cfg.c ****     
  55:Generated_Source\PSoC4/cyfitter_cfg.c **** #else
  56:Generated_Source\PSoC4/cyfitter_cfg.c ****     #error Unsupported toolchain
  57:Generated_Source\PSoC4/cyfitter_cfg.c **** #endif
  58:Generated_Source\PSoC4/cyfitter_cfg.c **** 
  59:Generated_Source\PSoC4/cyfitter_cfg.c **** #ifndef CYCODE
  60:Generated_Source\PSoC4/cyfitter_cfg.c ****     #define CYCODE
  61:Generated_Source\PSoC4/cyfitter_cfg.c **** #endif
  62:Generated_Source\PSoC4/cyfitter_cfg.c **** #ifndef CYDATA
  63:Generated_Source\PSoC4/cyfitter_cfg.c ****     #define CYDATA
  64:Generated_Source\PSoC4/cyfitter_cfg.c **** #endif
  65:Generated_Source\PSoC4/cyfitter_cfg.c **** #ifndef CYFAR
  66:Generated_Source\PSoC4/cyfitter_cfg.c ****     #define CYFAR
  67:Generated_Source\PSoC4/cyfitter_cfg.c **** #endif
  68:Generated_Source\PSoC4/cyfitter_cfg.c **** #ifndef CYXDATA
  69:Generated_Source\PSoC4/cyfitter_cfg.c ****     #define CYXDATA
  70:Generated_Source\PSoC4/cyfitter_cfg.c **** #endif
  71:Generated_Source\PSoC4/cyfitter_cfg.c **** 
  72:Generated_Source\PSoC4/cyfitter_cfg.c **** 
  73:Generated_Source\PSoC4/cyfitter_cfg.c **** CY_CFG_UNUSED
  74:Generated_Source\PSoC4/cyfitter_cfg.c **** static void CYMEMZERO(void *s, size_t n);
  75:Generated_Source\PSoC4/cyfitter_cfg.c **** CY_CFG_UNUSED
  76:Generated_Source\PSoC4/cyfitter_cfg.c **** static void CYMEMZERO(void *s, size_t n)
  77:Generated_Source\PSoC4/cyfitter_cfg.c **** {
  78:Generated_Source\PSoC4/cyfitter_cfg.c **** 	(void)memset(s, 0, n);
  79:Generated_Source\PSoC4/cyfitter_cfg.c **** }
  80:Generated_Source\PSoC4/cyfitter_cfg.c **** CY_CFG_UNUSED
  81:Generated_Source\PSoC4/cyfitter_cfg.c **** static void CYCONFIGCPY(void *dest, const void *src, size_t n);
  82:Generated_Source\PSoC4/cyfitter_cfg.c **** CY_CFG_UNUSED
  83:Generated_Source\PSoC4/cyfitter_cfg.c **** static void CYCONFIGCPY(void *dest, const void *src, size_t n)
  84:Generated_Source\PSoC4/cyfitter_cfg.c **** {
  85:Generated_Source\PSoC4/cyfitter_cfg.c **** 	(void)memcpy(dest, src, n);
  86:Generated_Source\PSoC4/cyfitter_cfg.c **** }
  87:Generated_Source\PSoC4/cyfitter_cfg.c **** CY_CFG_UNUSED
  88:Generated_Source\PSoC4/cyfitter_cfg.c **** static void CYCONFIGCPYCODE(void *dest, const void *src, size_t n);
ARM GAS  C:\Users\ADMIN\AppData\Local\Temp\cc73CO3Q.s 			page 3


  89:Generated_Source\PSoC4/cyfitter_cfg.c **** CY_CFG_UNUSED
  90:Generated_Source\PSoC4/cyfitter_cfg.c **** static void CYCONFIGCPYCODE(void *dest, const void *src, size_t n)
  91:Generated_Source\PSoC4/cyfitter_cfg.c **** {
  92:Generated_Source\PSoC4/cyfitter_cfg.c **** 	(void)memcpy(dest, src, n);
  93:Generated_Source\PSoC4/cyfitter_cfg.c **** }
  94:Generated_Source\PSoC4/cyfitter_cfg.c **** 
  95:Generated_Source\PSoC4/cyfitter_cfg.c **** 
  96:Generated_Source\PSoC4/cyfitter_cfg.c **** 
  97:Generated_Source\PSoC4/cyfitter_cfg.c **** 
  98:Generated_Source\PSoC4/cyfitter_cfg.c **** /* Clock startup error codes                                                   */
  99:Generated_Source\PSoC4/cyfitter_cfg.c **** #define CYCLOCKSTART_NO_ERROR    0u
 100:Generated_Source\PSoC4/cyfitter_cfg.c **** #define CYCLOCKSTART_XTAL_ERROR  1u
 101:Generated_Source\PSoC4/cyfitter_cfg.c **** #define CYCLOCKSTART_32KHZ_ERROR 2u
 102:Generated_Source\PSoC4/cyfitter_cfg.c **** #define CYCLOCKSTART_PLL_ERROR   3u
 103:Generated_Source\PSoC4/cyfitter_cfg.c **** #define CYCLOCKSTART_FLL_ERROR   4u
 104:Generated_Source\PSoC4/cyfitter_cfg.c **** #define CYCLOCKSTART_WCO_ERROR   5u
 105:Generated_Source\PSoC4/cyfitter_cfg.c **** 
 106:Generated_Source\PSoC4/cyfitter_cfg.c **** 
 107:Generated_Source\PSoC4/cyfitter_cfg.c **** #ifdef CY_NEED_CYCLOCKSTARTUPERROR
 108:Generated_Source\PSoC4/cyfitter_cfg.c **** /*******************************************************************************
 109:Generated_Source\PSoC4/cyfitter_cfg.c **** * Function Name: CyClockStartupError
 110:Generated_Source\PSoC4/cyfitter_cfg.c **** ********************************************************************************
 111:Generated_Source\PSoC4/cyfitter_cfg.c **** * Summary:
 112:Generated_Source\PSoC4/cyfitter_cfg.c **** *  If an error is encountered during clock configuration (crystal startup error,
 113:Generated_Source\PSoC4/cyfitter_cfg.c **** *  PLL lock error, etc.), the system will end up here.  Unless reimplemented by
 114:Generated_Source\PSoC4/cyfitter_cfg.c **** *  the customer, this function will stop in an infinite loop.
 115:Generated_Source\PSoC4/cyfitter_cfg.c **** *
 116:Generated_Source\PSoC4/cyfitter_cfg.c **** * Parameters:
 117:Generated_Source\PSoC4/cyfitter_cfg.c **** *   void
 118:Generated_Source\PSoC4/cyfitter_cfg.c **** *
 119:Generated_Source\PSoC4/cyfitter_cfg.c **** * Return:
 120:Generated_Source\PSoC4/cyfitter_cfg.c **** *   void
 121:Generated_Source\PSoC4/cyfitter_cfg.c **** *
 122:Generated_Source\PSoC4/cyfitter_cfg.c **** *******************************************************************************/
 123:Generated_Source\PSoC4/cyfitter_cfg.c **** CY_CFG_UNUSED
 124:Generated_Source\PSoC4/cyfitter_cfg.c **** static void CyClockStartupError(uint8 errorCode);
 125:Generated_Source\PSoC4/cyfitter_cfg.c **** CY_CFG_UNUSED
 126:Generated_Source\PSoC4/cyfitter_cfg.c **** static void CyClockStartupError(uint8 errorCode)
 127:Generated_Source\PSoC4/cyfitter_cfg.c **** {
 128:Generated_Source\PSoC4/cyfitter_cfg.c ****     /* To remove the compiler warning if errorCode not used.                */
 129:Generated_Source\PSoC4/cyfitter_cfg.c ****     errorCode = errorCode;
 130:Generated_Source\PSoC4/cyfitter_cfg.c **** 
 131:Generated_Source\PSoC4/cyfitter_cfg.c ****     /* If we have a clock startup error (bad MHz crystal, PLL lock, etc.),  */
 132:Generated_Source\PSoC4/cyfitter_cfg.c ****     /* we will end up here to allow the customer to implement something to  */
 133:Generated_Source\PSoC4/cyfitter_cfg.c ****     /* deal with the clock condition.                                       */
 134:Generated_Source\PSoC4/cyfitter_cfg.c **** 
 135:Generated_Source\PSoC4/cyfitter_cfg.c **** #ifdef CY_CFG_CLOCK_STARTUP_ERROR_CALLBACK
 136:Generated_Source\PSoC4/cyfitter_cfg.c ****     CY_CFG_Clock_Startup_ErrorCallback();
 137:Generated_Source\PSoC4/cyfitter_cfg.c **** #else
 138:Generated_Source\PSoC4/cyfitter_cfg.c ****     /*  If not using CY_CFG_CLOCK_STARTUP_ERROR_CALLBACK, place your clock startup code here. */
 139:Generated_Source\PSoC4/cyfitter_cfg.c ****     /* `#START CyClockStartupError` */
 140:Generated_Source\PSoC4/cyfitter_cfg.c **** 
 141:Generated_Source\PSoC4/cyfitter_cfg.c **** 
 142:Generated_Source\PSoC4/cyfitter_cfg.c **** 
 143:Generated_Source\PSoC4/cyfitter_cfg.c ****     /* `#END` */
 144:Generated_Source\PSoC4/cyfitter_cfg.c **** 
 145:Generated_Source\PSoC4/cyfitter_cfg.c ****     while(1) {}
ARM GAS  C:\Users\ADMIN\AppData\Local\Temp\cc73CO3Q.s 			page 4


 146:Generated_Source\PSoC4/cyfitter_cfg.c **** #endif /* CY_CFG_CLOCK_STARTUP_ERROR_CALLBACK */
 147:Generated_Source\PSoC4/cyfitter_cfg.c **** }
 148:Generated_Source\PSoC4/cyfitter_cfg.c **** #endif
 149:Generated_Source\PSoC4/cyfitter_cfg.c **** 
 150:Generated_Source\PSoC4/cyfitter_cfg.c **** 
 151:Generated_Source\PSoC4/cyfitter_cfg.c **** 
 152:Generated_Source\PSoC4/cyfitter_cfg.c **** /*******************************************************************************
 153:Generated_Source\PSoC4/cyfitter_cfg.c **** * Function Name: ClockSetup
 154:Generated_Source\PSoC4/cyfitter_cfg.c **** ********************************************************************************
 155:Generated_Source\PSoC4/cyfitter_cfg.c **** *
 156:Generated_Source\PSoC4/cyfitter_cfg.c **** * Summary:
 157:Generated_Source\PSoC4/cyfitter_cfg.c **** *   Performs the initialization of all of the clocks in the device based on the
 158:Generated_Source\PSoC4/cyfitter_cfg.c **** *   settings in the Clock tab of the DWR.  This includes enabling the requested
 159:Generated_Source\PSoC4/cyfitter_cfg.c **** *   clocks and setting the necessary dividers to produce the desired frequency. 
 160:Generated_Source\PSoC4/cyfitter_cfg.c **** *
 161:Generated_Source\PSoC4/cyfitter_cfg.c **** * Parameters:
 162:Generated_Source\PSoC4/cyfitter_cfg.c **** *   void
 163:Generated_Source\PSoC4/cyfitter_cfg.c **** *
 164:Generated_Source\PSoC4/cyfitter_cfg.c **** * Return:
 165:Generated_Source\PSoC4/cyfitter_cfg.c **** *   void
 166:Generated_Source\PSoC4/cyfitter_cfg.c **** *
 167:Generated_Source\PSoC4/cyfitter_cfg.c **** *******************************************************************************/
 168:Generated_Source\PSoC4/cyfitter_cfg.c **** static void ClockSetup(void);
 169:Generated_Source\PSoC4/cyfitter_cfg.c **** CY_CFG_SECTION
 170:Generated_Source\PSoC4/cyfitter_cfg.c **** static void ClockSetup(void)
 171:Generated_Source\PSoC4/cyfitter_cfg.c **** {
 172:Generated_Source\PSoC4/cyfitter_cfg.c **** 
 173:Generated_Source\PSoC4/cyfitter_cfg.c **** 	/* Set Flash Cycles based on max possible frequency in case a glitch occurs during ClockSetup(). *
 174:Generated_Source\PSoC4/cyfitter_cfg.c **** 	CY_SET_REG32((void CYXDATA *)(CYREG_CPUSS_FLASH_CTL), (0x0012u));
 175:Generated_Source\PSoC4/cyfitter_cfg.c **** 	/* Setup and trim IMO based on desired frequency. */
 176:Generated_Source\PSoC4/cyfitter_cfg.c **** 	CySysClkWriteImoFreq(48u);
 177:Generated_Source\PSoC4/cyfitter_cfg.c **** 	/* CYDEV_CLK_ILO_CONFIG Starting address: CYDEV_CLK_ILO_CONFIG */
 178:Generated_Source\PSoC4/cyfitter_cfg.c **** 	CY_SET_REG32((void *)(CYREG_CLK_ILO_CONFIG), 0x80000006u);
 179:Generated_Source\PSoC4/cyfitter_cfg.c **** 
 180:Generated_Source\PSoC4/cyfitter_cfg.c **** 
 181:Generated_Source\PSoC4/cyfitter_cfg.c **** 	/* Setup phase aligned clocks */
 182:Generated_Source\PSoC4/cyfitter_cfg.c **** 	CY_SET_REG32((void *)CYREG_PERI_DIV_16_CTL0, 0x00BB7F00u);
 183:Generated_Source\PSoC4/cyfitter_cfg.c **** 	CY_SET_REG32((void *)CYREG_PERI_DIV_CMD, 0x8000FF40u);
 184:Generated_Source\PSoC4/cyfitter_cfg.c **** 
 185:Generated_Source\PSoC4/cyfitter_cfg.c **** 	/* CYDEV_CLK_IMO_CONFIG Starting address: CYDEV_CLK_IMO_CONFIG */
 186:Generated_Source\PSoC4/cyfitter_cfg.c **** 	CY_SET_REG32((void *)(CYREG_CLK_IMO_CONFIG), 0x80000000u);
 187:Generated_Source\PSoC4/cyfitter_cfg.c **** 
 188:Generated_Source\PSoC4/cyfitter_cfg.c **** 	/* CYDEV_CLK_SELECT Starting address: CYDEV_CLK_SELECT */
 189:Generated_Source\PSoC4/cyfitter_cfg.c **** 	CY_SET_REG32((void *)(CYREG_CLK_SELECT), 0x00040000u);
 190:Generated_Source\PSoC4/cyfitter_cfg.c **** 
 191:Generated_Source\PSoC4/cyfitter_cfg.c **** 	/* CYDEV_PERI_PCLK_CTL11 Starting address: CYDEV_PERI_PCLK_CTL11 */
 192:Generated_Source\PSoC4/cyfitter_cfg.c **** 	CY_SET_REG32((void *)(CYREG_PERI_PCLK_CTL11), 0x00000040u);
 193:Generated_Source\PSoC4/cyfitter_cfg.c **** 
 194:Generated_Source\PSoC4/cyfitter_cfg.c **** 	(void)CyIntSetVector(7u, &CySysWdtIsr);
 195:Generated_Source\PSoC4/cyfitter_cfg.c **** 	CyIntEnable(7u);
 196:Generated_Source\PSoC4/cyfitter_cfg.c **** 	CY_SET_REG32((void *)(CYREG_WDT_CONFIG), 0x00000000u);
 197:Generated_Source\PSoC4/cyfitter_cfg.c **** }
 198:Generated_Source\PSoC4/cyfitter_cfg.c **** 
 199:Generated_Source\PSoC4/cyfitter_cfg.c **** 
 200:Generated_Source\PSoC4/cyfitter_cfg.c **** /* Analog API Functions */
 201:Generated_Source\PSoC4/cyfitter_cfg.c **** 
 202:Generated_Source\PSoC4/cyfitter_cfg.c **** 
ARM GAS  C:\Users\ADMIN\AppData\Local\Temp\cc73CO3Q.s 			page 5


 203:Generated_Source\PSoC4/cyfitter_cfg.c **** /*******************************************************************************
 204:Generated_Source\PSoC4/cyfitter_cfg.c **** * Function Name: AnalogSetDefault
 205:Generated_Source\PSoC4/cyfitter_cfg.c **** ********************************************************************************
 206:Generated_Source\PSoC4/cyfitter_cfg.c **** *
 207:Generated_Source\PSoC4/cyfitter_cfg.c **** * Summary:
 208:Generated_Source\PSoC4/cyfitter_cfg.c **** *  Sets up the analog portions of the chip to default values based on chip
 209:Generated_Source\PSoC4/cyfitter_cfg.c **** *  configuration options from the project.
 210:Generated_Source\PSoC4/cyfitter_cfg.c **** *
 211:Generated_Source\PSoC4/cyfitter_cfg.c **** * Parameters:
 212:Generated_Source\PSoC4/cyfitter_cfg.c **** *  void
 213:Generated_Source\PSoC4/cyfitter_cfg.c **** *
 214:Generated_Source\PSoC4/cyfitter_cfg.c **** * Return:
 215:Generated_Source\PSoC4/cyfitter_cfg.c **** *  void
 216:Generated_Source\PSoC4/cyfitter_cfg.c **** *
 217:Generated_Source\PSoC4/cyfitter_cfg.c **** *******************************************************************************/
 218:Generated_Source\PSoC4/cyfitter_cfg.c **** static void AnalogSetDefault(void);
 219:Generated_Source\PSoC4/cyfitter_cfg.c **** static void AnalogSetDefault(void)
 220:Generated_Source\PSoC4/cyfitter_cfg.c **** {
  27              		.loc 1 220 0
  28              		.cfi_startproc
  29              		@ args = 0, pretend = 0, frame = 0
  30              		@ frame_needed = 0, uses_anonymous_args = 0
  31              		@ link register save eliminated.
 221:Generated_Source\PSoC4/cyfitter_cfg.c **** 	CY_SET_XTND_REG32((void CYFAR *)CYREG_CTBM0_DFT_CTRL, 0x00000003u);
  32              		.loc 1 221 0
  33 0000 0323     		movs	r3, #3
  34 0002 044A     		ldr	r2, .L2
  35 0004 1360     		str	r3, [r2]
 222:Generated_Source\PSoC4/cyfitter_cfg.c **** 	CY_SET_XTND_REG32((void CYFAR *)CYREG_CTBM1_DFT_CTRL, 0x00000003u);
  36              		.loc 1 222 0
  37 0006 044A     		ldr	r2, .L2+4
  38 0008 1360     		str	r3, [r2]
 223:Generated_Source\PSoC4/cyfitter_cfg.c **** 	CY_SET_XTND_REG32((void CYFAR *)CYREG_PASS_DSAB_DSAB_CTRL, 0x00000000u);
  39              		.loc 1 223 0
  40 000a 0022     		movs	r2, #0
  41 000c 034B     		ldr	r3, .L2+8
  42 000e 1A60     		str	r2, [r3]
 224:Generated_Source\PSoC4/cyfitter_cfg.c **** }
  43              		.loc 1 224 0
  44              		@ sp needed
  45 0010 7047     		bx	lr
  46              	.L3:
  47 0012 C046     		.align	2
  48              	.L2:
  49 0014 30003040 		.word	1076887600
  50 0018 30003140 		.word	1076953136
  51 001c 000E3F40 		.word	1077874176
  52              		.cfi_endproc
  53              	.LFE5:
  54              		.size	AnalogSetDefault, .-AnalogSetDefault
  55              		.section	.text.CYMEMZERO,"ax",%progbits
  56              		.align	2
  57              		.code	16
  58              		.thumb_func
  59              		.type	CYMEMZERO, %function
  60              	CYMEMZERO:
  61              	.LFB1:
ARM GAS  C:\Users\ADMIN\AppData\Local\Temp\cc73CO3Q.s 			page 6


  77:Generated_Source\PSoC4/cyfitter_cfg.c **** 	(void)memset(s, 0, n);
  62              		.loc 1 77 0
  63              		.cfi_startproc
  64              		@ args = 0, pretend = 0, frame = 0
  65              		@ frame_needed = 0, uses_anonymous_args = 0
  66              	.LVL0:
  67 0000 10B5     		push	{r4, lr}
  68              		.cfi_def_cfa_offset 8
  69              		.cfi_offset 4, -8
  70              		.cfi_offset 14, -4
  71 0002 0A00     		movs	r2, r1
  78:Generated_Source\PSoC4/cyfitter_cfg.c **** }
  72              		.loc 1 78 0
  73 0004 0021     		movs	r1, #0
  74              	.LVL1:
  75 0006 FFF7FEFF 		bl	memset
  76              	.LVL2:
  79:Generated_Source\PSoC4/cyfitter_cfg.c **** CY_CFG_UNUSED
  77              		.loc 1 79 0
  78              		@ sp needed
  79 000a 10BD     		pop	{r4, pc}
  80              		.cfi_endproc
  81              	.LFE1:
  82              		.size	CYMEMZERO, .-CYMEMZERO
  83              		.section	.psocinit,"ax",%progbits
  84              		.align	2
  85              		.code	16
  86              		.thumb_func
  87              		.type	ClockSetup, %function
  88              	ClockSetup:
  89              	.LFB4:
 171:Generated_Source\PSoC4/cyfitter_cfg.c **** 
  90              		.loc 1 171 0
  91              		.cfi_startproc
  92              		@ args = 0, pretend = 0, frame = 0
  93              		@ frame_needed = 0, uses_anonymous_args = 0
  94 0000 10B5     		push	{r4, lr}
  95              		.cfi_def_cfa_offset 8
  96              		.cfi_offset 4, -8
  97              		.cfi_offset 14, -4
 174:Generated_Source\PSoC4/cyfitter_cfg.c **** 	/* Setup and trim IMO based on desired frequency. */
  98              		.loc 1 174 0
  99 0002 1222     		movs	r2, #18
 100 0004 114B     		ldr	r3, .L6
 101 0006 1A60     		str	r2, [r3]
 176:Generated_Source\PSoC4/cyfitter_cfg.c **** 	/* CYDEV_CLK_ILO_CONFIG Starting address: CYDEV_CLK_ILO_CONFIG */
 102              		.loc 1 176 0
 103 0008 3020     		movs	r0, #48
 104 000a FFF7FEFF 		bl	CySysClkWriteImoFreq
 105              	.LVL3:
 178:Generated_Source\PSoC4/cyfitter_cfg.c **** 
 106              		.loc 1 178 0
 107 000e 104A     		ldr	r2, .L6+4
 108 0010 104B     		ldr	r3, .L6+8
 109 0012 1A60     		str	r2, [r3]
 182:Generated_Source\PSoC4/cyfitter_cfg.c **** 	CY_SET_REG32((void *)CYREG_PERI_DIV_CMD, 0x8000FF40u);
 110              		.loc 1 182 0
ARM GAS  C:\Users\ADMIN\AppData\Local\Temp\cc73CO3Q.s 			page 7


 111 0014 104A     		ldr	r2, .L6+12
 112 0016 114B     		ldr	r3, .L6+16
 113 0018 1A60     		str	r2, [r3]
 183:Generated_Source\PSoC4/cyfitter_cfg.c **** 
 114              		.loc 1 183 0
 115 001a 114A     		ldr	r2, .L6+20
 116 001c 114B     		ldr	r3, .L6+24
 117 001e 1A60     		str	r2, [r3]
 186:Generated_Source\PSoC4/cyfitter_cfg.c **** 
 118              		.loc 1 186 0
 119 0020 8022     		movs	r2, #128
 120 0022 1206     		lsls	r2, r2, #24
 121 0024 104B     		ldr	r3, .L6+28
 122 0026 1A60     		str	r2, [r3]
 189:Generated_Source\PSoC4/cyfitter_cfg.c **** 
 123              		.loc 1 189 0
 124 0028 8022     		movs	r2, #128
 125 002a D202     		lsls	r2, r2, #11
 126 002c 0F4B     		ldr	r3, .L6+32
 127 002e 1A60     		str	r2, [r3]
 192:Generated_Source\PSoC4/cyfitter_cfg.c **** 
 128              		.loc 1 192 0
 129 0030 4022     		movs	r2, #64
 130 0032 0F4B     		ldr	r3, .L6+36
 131 0034 1A60     		str	r2, [r3]
 194:Generated_Source\PSoC4/cyfitter_cfg.c **** 	CyIntEnable(7u);
 132              		.loc 1 194 0
 133 0036 0F49     		ldr	r1, .L6+40
 134 0038 0720     		movs	r0, #7
 135 003a FFF7FEFF 		bl	CyIntSetVector
 136              	.LVL4:
 195:Generated_Source\PSoC4/cyfitter_cfg.c **** 	CY_SET_REG32((void *)(CYREG_WDT_CONFIG), 0x00000000u);
 137              		.loc 1 195 0
 138 003e 0720     		movs	r0, #7
 139 0040 FFF7FEFF 		bl	CyIntEnable
 140              	.LVL5:
 196:Generated_Source\PSoC4/cyfitter_cfg.c **** }
 141              		.loc 1 196 0
 142 0044 0022     		movs	r2, #0
 143 0046 0C4B     		ldr	r3, .L6+44
 144 0048 1A60     		str	r2, [r3]
 197:Generated_Source\PSoC4/cyfitter_cfg.c **** 
 145              		.loc 1 197 0
 146              		@ sp needed
 147 004a 10BD     		pop	{r4, pc}
 148              	.L7:
 149              		.align	2
 150              	.L6:
 151 004c 30001040 		.word	1074790448
 152 0050 06000080 		.word	-2147483642
 153 0054 04010B40 		.word	1074462980
 154 0058 007FBB00 		.word	12287744
 155 005c 00030140 		.word	1073808128
 156 0060 40FF0080 		.word	-2147418304
 157 0064 00000140 		.word	1073807360
 158 0068 08010B40 		.word	1074462984
 159 006c 00010B40 		.word	1074462976
ARM GAS  C:\Users\ADMIN\AppData\Local\Temp\cc73CO3Q.s 			page 8


 160 0070 2C010140 		.word	1073807660
 161 0074 00000000 		.word	CySysWdtIsr
 162 0078 0C020B40 		.word	1074463244
 163              		.cfi_endproc
 164              	.LFE4:
 165              		.size	ClockSetup, .-ClockSetup
 166              		.align	2
 167              		.global	cyfitter_cfg
 168              		.code	16
 169              		.thumb_func
 170              		.type	cyfitter_cfg, %function
 171              	cyfitter_cfg:
 172              	.LFB6:
 225:Generated_Source\PSoC4/cyfitter_cfg.c **** 
 226:Generated_Source\PSoC4/cyfitter_cfg.c **** 
 227:Generated_Source\PSoC4/cyfitter_cfg.c **** 
 228:Generated_Source\PSoC4/cyfitter_cfg.c **** 
 229:Generated_Source\PSoC4/cyfitter_cfg.c **** /*******************************************************************************
 230:Generated_Source\PSoC4/cyfitter_cfg.c **** * Function Name: cyfitter_cfg
 231:Generated_Source\PSoC4/cyfitter_cfg.c **** ********************************************************************************
 232:Generated_Source\PSoC4/cyfitter_cfg.c **** * Summary:
 233:Generated_Source\PSoC4/cyfitter_cfg.c **** *  This function is called by the start-up code for the selected device. It
 234:Generated_Source\PSoC4/cyfitter_cfg.c **** *  performs all of the necessary device configuration based on the design
 235:Generated_Source\PSoC4/cyfitter_cfg.c **** *  settings.  This includes settings from the Design Wide Resources (DWR) such
 236:Generated_Source\PSoC4/cyfitter_cfg.c **** *  as Clocks and Pins as well as any component configuration that is necessary.
 237:Generated_Source\PSoC4/cyfitter_cfg.c **** *
 238:Generated_Source\PSoC4/cyfitter_cfg.c **** * Parameters:
 239:Generated_Source\PSoC4/cyfitter_cfg.c **** *   void
 240:Generated_Source\PSoC4/cyfitter_cfg.c **** *
 241:Generated_Source\PSoC4/cyfitter_cfg.c **** * Return:
 242:Generated_Source\PSoC4/cyfitter_cfg.c **** *   void
 243:Generated_Source\PSoC4/cyfitter_cfg.c **** *
 244:Generated_Source\PSoC4/cyfitter_cfg.c **** *******************************************************************************/
 245:Generated_Source\PSoC4/cyfitter_cfg.c **** CY_CFG_SECTION
 246:Generated_Source\PSoC4/cyfitter_cfg.c **** void cyfitter_cfg(void)
 247:Generated_Source\PSoC4/cyfitter_cfg.c **** {
 173              		.loc 1 247 0
 174              		.cfi_startproc
 175              		@ args = 0, pretend = 0, frame = 0
 176              		@ frame_needed = 0, uses_anonymous_args = 0
 177 007c 10B5     		push	{r4, lr}
 178              		.cfi_def_cfa_offset 8
 179              		.cfi_offset 4, -8
 180              		.cfi_offset 14, -4
 248:Generated_Source\PSoC4/cyfitter_cfg.c **** 	/* Disable interrupts by default. Let user enable if/when they want. */
 249:Generated_Source\PSoC4/cyfitter_cfg.c **** 	CyGlobalIntDisable;
 181              		.loc 1 249 0
 182              		.syntax divided
 183              	@ 249 "Generated_Source\PSoC4\cyfitter_cfg.c" 1
 184 007e 72B6     		CPSID   i
 185              	@ 0 "" 2
 186              	.LVL6:
 187              		.thumb
 188              		.syntax unified
 189              	.LBB2:
 250:Generated_Source\PSoC4/cyfitter_cfg.c **** 
 251:Generated_Source\PSoC4/cyfitter_cfg.c **** 	{
ARM GAS  C:\Users\ADMIN\AppData\Local\Temp\cc73CO3Q.s 			page 9


 252:Generated_Source\PSoC4/cyfitter_cfg.c **** 
 253:Generated_Source\PSoC4/cyfitter_cfg.c **** 		CYPACKED typedef struct {
 254:Generated_Source\PSoC4/cyfitter_cfg.c **** 			void CYFAR *address;
 255:Generated_Source\PSoC4/cyfitter_cfg.c **** 			uint16 size;
 256:Generated_Source\PSoC4/cyfitter_cfg.c **** 		} CYPACKED_ATTR cfg_memset_t;
 257:Generated_Source\PSoC4/cyfitter_cfg.c **** 
 258:Generated_Source\PSoC4/cyfitter_cfg.c **** 		static const cfg_memset_t CYCODE cfg_memset_list[] = {
 259:Generated_Source\PSoC4/cyfitter_cfg.c **** 			/* address, size */
 260:Generated_Source\PSoC4/cyfitter_cfg.c **** 			{(void CYFAR *)(CYDEV_UDB_P0_U0_BASE), 1024u},
 261:Generated_Source\PSoC4/cyfitter_cfg.c **** 			{(void CYFAR *)(CYDEV_UDB_DSI0_BASE), 1024u},
 262:Generated_Source\PSoC4/cyfitter_cfg.c **** 		};
 263:Generated_Source\PSoC4/cyfitter_cfg.c **** 
 264:Generated_Source\PSoC4/cyfitter_cfg.c **** 		uint8 CYDATA i;
 265:Generated_Source\PSoC4/cyfitter_cfg.c **** 
 266:Generated_Source\PSoC4/cyfitter_cfg.c **** 		/* Zero out critical memory blocks before beginning configuration */
 267:Generated_Source\PSoC4/cyfitter_cfg.c **** 		for (i = 0u; i < (sizeof(cfg_memset_list)/sizeof(cfg_memset_list[0])); i++)
 190              		.loc 1 267 0
 191 0080 0024     		movs	r4, #0
 192 0082 0FE0     		b	.L9
 193              	.LVL7:
 194              	.L10:
 195              	.LBB3:
 268:Generated_Source\PSoC4/cyfitter_cfg.c **** 		{
 269:Generated_Source\PSoC4/cyfitter_cfg.c **** 			const cfg_memset_t CYCODE * CYDATA ms = &cfg_memset_list[i];
 270:Generated_Source\PSoC4/cyfitter_cfg.c **** 			CYMEMZERO(ms->address, (size_t)(uint32)(ms->size));
 196              		.loc 1 270 0 discriminator 3
 197 0084 1B48     		ldr	r0, .L11
 198 0086 6200     		lsls	r2, r4, #1
 199 0088 1319     		adds	r3, r2, r4
 200 008a 5900     		lsls	r1, r3, #1
 201 008c 0B00     		movs	r3, r1
 202 008e 4118     		adds	r1, r0, r1
 203 0090 8988     		ldrh	r1, [r1, #4]
 204 0092 1A5A     		ldrh	r2, [r3, r0]
 205 0094 C318     		adds	r3, r0, r3
 206 0096 5888     		ldrh	r0, [r3, #2]
 207 0098 0004     		lsls	r0, r0, #16
 208 009a 1043     		orrs	r0, r2
 209 009c FFF7FEFF 		bl	CYMEMZERO
 210              	.LVL8:
 211              	.LBE3:
 267:Generated_Source\PSoC4/cyfitter_cfg.c **** 		{
 212              		.loc 1 267 0 discriminator 3
 213 00a0 0134     		adds	r4, r4, #1
 214              	.LVL9:
 215 00a2 E4B2     		uxtb	r4, r4
 216              	.LVL10:
 217              	.L9:
 267:Generated_Source\PSoC4/cyfitter_cfg.c **** 		{
 218              		.loc 1 267 0 is_stmt 0 discriminator 1
 219 00a4 012C     		cmp	r4, #1
 220 00a6 EDD9     		bls	.L10
 271:Generated_Source\PSoC4/cyfitter_cfg.c **** 		}
 272:Generated_Source\PSoC4/cyfitter_cfg.c **** 
 273:Generated_Source\PSoC4/cyfitter_cfg.c **** 		/* HSIOM Starting address: CYDEV_HSIOM_BASE */
 274:Generated_Source\PSoC4/cyfitter_cfg.c **** 		CY_SET_REG32((void *)(CYREG_HSIOM_PORT_SEL3), 0x0000EE00u);
 221              		.loc 1 274 0 is_stmt 1
ARM GAS  C:\Users\ADMIN\AppData\Local\Temp\cc73CO3Q.s 			page 10


 222 00a8 EE22     		movs	r2, #238
 223 00aa 1202     		lsls	r2, r2, #8
 224 00ac 124B     		ldr	r3, .L11+4
 225 00ae 1A60     		str	r2, [r3]
 275:Generated_Source\PSoC4/cyfitter_cfg.c **** 
 276:Generated_Source\PSoC4/cyfitter_cfg.c **** 		/* UDB_PA_0 Starting address: CYDEV_UDB_PA0_BASE */
 277:Generated_Source\PSoC4/cyfitter_cfg.c **** 		CY_SET_REG32((void *)(CYDEV_UDB_PA0_BASE), 0x00990000u);
 226              		.loc 1 277 0
 227 00b0 9923     		movs	r3, #153
 228 00b2 1B04     		lsls	r3, r3, #16
 229 00b4 114A     		ldr	r2, .L11+8
 230 00b6 1360     		str	r3, [r2]
 278:Generated_Source\PSoC4/cyfitter_cfg.c **** 
 279:Generated_Source\PSoC4/cyfitter_cfg.c **** 		/* UDB_PA_3 Starting address: CYDEV_UDB_PA3_BASE */
 280:Generated_Source\PSoC4/cyfitter_cfg.c **** 		CY_SET_REG32((void *)(CYDEV_UDB_PA3_BASE), 0x00990000u);
 231              		.loc 1 280 0
 232 00b8 114A     		ldr	r2, .L11+12
 233 00ba 1360     		str	r3, [r2]
 281:Generated_Source\PSoC4/cyfitter_cfg.c **** 
 282:Generated_Source\PSoC4/cyfitter_cfg.c **** 		/* Enable digital routing */
 283:Generated_Source\PSoC4/cyfitter_cfg.c **** 		CY_SET_XTND_REG8((void *)CYREG_UDB_UDBIF_BANK_CTL, (uint8)(CY_GET_XTND_REG8((void *)CYREG_UDB_UDB
 234              		.loc 1 283 0
 235 00bc 114A     		ldr	r2, .L11+16
 236 00be 1178     		ldrb	r1, [r2]
 237 00c0 0623     		movs	r3, #6
 238 00c2 0B43     		orrs	r3, r1
 239 00c4 DBB2     		uxtb	r3, r3
 240 00c6 1370     		strb	r3, [r2]
 241              	.LBE2:
 284:Generated_Source\PSoC4/cyfitter_cfg.c **** 	}
 285:Generated_Source\PSoC4/cyfitter_cfg.c **** 
 286:Generated_Source\PSoC4/cyfitter_cfg.c **** 	/* Perform second pass device configuration. These items must be configured in specific order afte
 287:Generated_Source\PSoC4/cyfitter_cfg.c **** 	/* IOPINS0_0 Starting address: CYDEV_GPIO_PRT0_BASE */
 288:Generated_Source\PSoC4/cyfitter_cfg.c **** 	CY_SET_REG32((void *)(CYDEV_GPIO_PRT0_BASE), 0x00000080u);
 242              		.loc 1 288 0
 243 00c8 8022     		movs	r2, #128
 244 00ca 0F4B     		ldr	r3, .L11+20
 245 00cc 1A60     		str	r2, [r3]
 289:Generated_Source\PSoC4/cyfitter_cfg.c **** 	CY_SET_REG32((void *)(CYREG_GPIO_PRT0_PC), 0x00400000u);
 246              		.loc 1 289 0
 247 00ce 8022     		movs	r2, #128
 248 00d0 D203     		lsls	r2, r2, #15
 249 00d2 0E4B     		ldr	r3, .L11+24
 250 00d4 1A60     		str	r2, [r3]
 290:Generated_Source\PSoC4/cyfitter_cfg.c **** 	CY_SET_REG32((void *)(CYREG_GPIO_PRT0_INTR_CFG), 0x00008000u);
 251              		.loc 1 290 0
 252 00d6 8022     		movs	r2, #128
 253 00d8 1202     		lsls	r2, r2, #8
 254 00da 0D4B     		ldr	r3, .L11+28
 255 00dc 1A60     		str	r2, [r3]
 291:Generated_Source\PSoC4/cyfitter_cfg.c **** 
 292:Generated_Source\PSoC4/cyfitter_cfg.c **** 	/* IOPINS0_3 Starting address: CYDEV_GPIO_PRT3_BASE */
 293:Generated_Source\PSoC4/cyfitter_cfg.c **** 	CY_SET_REG32((void *)(CYDEV_GPIO_PRT3_BASE), 0x000000E0u);
 256              		.loc 1 293 0
 257 00de E022     		movs	r2, #224
 258 00e0 0C4B     		ldr	r3, .L11+32
 259 00e2 1A60     		str	r2, [r3]
ARM GAS  C:\Users\ADMIN\AppData\Local\Temp\cc73CO3Q.s 			page 11


 294:Generated_Source\PSoC4/cyfitter_cfg.c **** 	CY_SET_REG32((void *)(CYREG_GPIO_PRT3_PC), 0x00DB0D80u);
 260              		.loc 1 294 0
 261 00e4 0C4A     		ldr	r2, .L11+36
 262 00e6 0D4B     		ldr	r3, .L11+40
 263 00e8 1A60     		str	r2, [r3]
 295:Generated_Source\PSoC4/cyfitter_cfg.c **** 
 296:Generated_Source\PSoC4/cyfitter_cfg.c **** 
 297:Generated_Source\PSoC4/cyfitter_cfg.c **** 	/* Setup clocks based on selections from Clock DWR */
 298:Generated_Source\PSoC4/cyfitter_cfg.c **** 	ClockSetup();
 264              		.loc 1 298 0
 265 00ea FFF789FF 		bl	ClockSetup
 266              	.LVL11:
 299:Generated_Source\PSoC4/cyfitter_cfg.c **** 
 300:Generated_Source\PSoC4/cyfitter_cfg.c **** 	/* Perform basic analog initialization to defaults */
 301:Generated_Source\PSoC4/cyfitter_cfg.c **** 	AnalogSetDefault();
 267              		.loc 1 301 0
 268 00ee FFF7FEFF 		bl	AnalogSetDefault
 269              	.LVL12:
 302:Generated_Source\PSoC4/cyfitter_cfg.c **** 
 303:Generated_Source\PSoC4/cyfitter_cfg.c **** }
 270              		.loc 1 303 0
 271              		@ sp needed
 272              	.LVL13:
 273 00f2 10BD     		pop	{r4, pc}
 274              	.L12:
 275              		.align	2
 276              	.L11:
 277 00f4 00000000 		.word	.LANCHOR0
 278 00f8 00030240 		.word	1073873664
 279 00fc 00500F40 		.word	1074745344
 280 0100 30500F40 		.word	1074745392
 281 0104 00700F40 		.word	1074753536
 282 0108 00000440 		.word	1074003968
 283 010c 08000440 		.word	1074003976
 284 0110 0C000440 		.word	1074003980
 285 0114 00030440 		.word	1074004736
 286 0118 800DDB00 		.word	14355840
 287 011c 08030440 		.word	1074004744
 288              		.cfi_endproc
 289              	.LFE6:
 290              		.size	cyfitter_cfg, .-cyfitter_cfg
 291              		.section	.rodata
 292              		.align	2
 293              		.set	.LANCHOR0,. + 0
 294              		.type	cfg_memset_list.4888, %object
 295              		.size	cfg_memset_list.4888, 12
 296              	cfg_memset_list.4888:
 297 0000 00300F40 		.word	1074737152
 298 0004 0004     		.short	1024
 299 0006 00400F40 		.4byte	1074741248
 300 000a 0004     		.short	1024
 301              		.text
 302              	.Letext0:
 303              		.file 2 "c:\\program files (x86)\\cypress\\psoc creator\\4.2\\psoc creator\\import\\gnu\\arm\\5.4.
 304              		.file 3 "Generated_Source\\PSoC4\\cytypes.h"
 305              		.file 4 "Generated_Source\\PSoC4\\CyLib.h"
 306              		.section	.debug_info,"",%progbits
ARM GAS  C:\Users\ADMIN\AppData\Local\Temp\cc73CO3Q.s 			page 12


 307              	.Ldebug_info0:
 308 0000 91020000 		.4byte	0x291
 309 0004 0400     		.2byte	0x4
 310 0006 00000000 		.4byte	.Ldebug_abbrev0
 311 000a 04       		.byte	0x4
 312 000b 01       		.uleb128 0x1
 313 000c 1F010000 		.4byte	.LASF29
 314 0010 0C       		.byte	0xc
 315 0011 16020000 		.4byte	.LASF30
 316 0015 BC000000 		.4byte	.LASF31
 317 0019 00000000 		.4byte	.Ldebug_ranges0+0
 318 001d 00000000 		.4byte	0
 319 0021 00000000 		.4byte	.Ldebug_line0
 320 0025 02       		.uleb128 0x2
 321 0026 04       		.byte	0x4
 322 0027 05       		.byte	0x5
 323 0028 696E7400 		.ascii	"int\000"
 324 002c 03       		.uleb128 0x3
 325 002d 06000000 		.4byte	.LASF12
 326 0031 02       		.byte	0x2
 327 0032 D8       		.byte	0xd8
 328 0033 37000000 		.4byte	0x37
 329 0037 04       		.uleb128 0x4
 330 0038 04       		.byte	0x4
 331 0039 07       		.byte	0x7
 332 003a E6000000 		.4byte	.LASF0
 333 003e 04       		.uleb128 0x4
 334 003f 08       		.byte	0x8
 335 0040 05       		.byte	0x5
 336 0041 C3010000 		.4byte	.LASF1
 337 0045 04       		.uleb128 0x4
 338 0046 08       		.byte	0x8
 339 0047 04       		.byte	0x4
 340 0048 FE010000 		.4byte	.LASF2
 341 004c 04       		.uleb128 0x4
 342 004d 01       		.byte	0x1
 343 004e 06       		.byte	0x6
 344 004f 0A020000 		.4byte	.LASF3
 345 0053 04       		.uleb128 0x4
 346 0054 01       		.byte	0x1
 347 0055 08       		.byte	0x8
 348 0056 8D000000 		.4byte	.LASF4
 349 005a 04       		.uleb128 0x4
 350 005b 02       		.byte	0x2
 351 005c 05       		.byte	0x5
 352 005d D6010000 		.4byte	.LASF5
 353 0061 04       		.uleb128 0x4
 354 0062 02       		.byte	0x2
 355 0063 07       		.byte	0x7
 356 0064 48000000 		.4byte	.LASF6
 357 0068 04       		.uleb128 0x4
 358 0069 04       		.byte	0x4
 359 006a 05       		.byte	0x5
 360 006b F5010000 		.4byte	.LASF7
 361 006f 04       		.uleb128 0x4
 362 0070 04       		.byte	0x4
 363 0071 07       		.byte	0x7
ARM GAS  C:\Users\ADMIN\AppData\Local\Temp\cc73CO3Q.s 			page 13


 364 0072 6B000000 		.4byte	.LASF8
 365 0076 04       		.uleb128 0x4
 366 0077 08       		.byte	0x8
 367 0078 07       		.byte	0x7
 368 0079 08010000 		.4byte	.LASF9
 369 007d 04       		.uleb128 0x4
 370 007e 04       		.byte	0x4
 371 007f 07       		.byte	0x7
 372 0080 BA010000 		.4byte	.LASF10
 373 0084 05       		.uleb128 0x5
 374 0085 04       		.byte	0x4
 375 0086 04       		.uleb128 0x4
 376 0087 01       		.byte	0x1
 377 0088 08       		.byte	0x8
 378 0089 D1010000 		.4byte	.LASF11
 379 008d 06       		.uleb128 0x6
 380 008e 7D000000 		.4byte	.LASF13
 381 0092 03       		.byte	0x3
 382 0093 E401     		.2byte	0x1e4
 383 0095 53000000 		.4byte	0x53
 384 0099 06       		.uleb128 0x6
 385 009a B5000000 		.4byte	.LASF14
 386 009e 03       		.byte	0x3
 387 009f E501     		.2byte	0x1e5
 388 00a1 61000000 		.4byte	0x61
 389 00a5 06       		.uleb128 0x6
 390 00a6 DF000000 		.4byte	.LASF15
 391 00aa 03       		.byte	0x3
 392 00ab E601     		.2byte	0x1e6
 393 00ad 6F000000 		.4byte	0x6f
 394 00b1 04       		.uleb128 0x4
 395 00b2 04       		.byte	0x4
 396 00b3 04       		.byte	0x4
 397 00b4 5B000000 		.4byte	.LASF16
 398 00b8 04       		.uleb128 0x4
 399 00b9 08       		.byte	0x8
 400 00ba 04       		.byte	0x4
 401 00bb A2000000 		.4byte	.LASF17
 402 00bf 06       		.uleb128 0x6
 403 00c0 66000000 		.4byte	.LASF18
 404 00c4 03       		.byte	0x3
 405 00c5 8E02     		.2byte	0x28e
 406 00c7 CB000000 		.4byte	0xcb
 407 00cb 07       		.uleb128 0x7
 408 00cc 8D000000 		.4byte	0x8d
 409 00d0 06       		.uleb128 0x6
 410 00d1 00000000 		.4byte	.LASF19
 411 00d5 03       		.byte	0x3
 412 00d6 9002     		.2byte	0x290
 413 00d8 DC000000 		.4byte	0xdc
 414 00dc 07       		.uleb128 0x7
 415 00dd A5000000 		.4byte	0xa5
 416 00e1 08       		.uleb128 0x8
 417 00e2 0D000000 		.4byte	.LASF32
 418 00e6 01       		.byte	0x1
 419 00e7 DB       		.byte	0xdb
 420 00e8 00000000 		.4byte	.LFB5
ARM GAS  C:\Users\ADMIN\AppData\Local\Temp\cc73CO3Q.s 			page 14


 421 00ec 20000000 		.4byte	.LFE5-.LFB5
 422 00f0 01       		.uleb128 0x1
 423 00f1 9C       		.byte	0x9c
 424 00f2 09       		.uleb128 0x9
 425 00f3 83000000 		.4byte	.LASF20
 426 00f7 01       		.byte	0x1
 427 00f8 4C       		.byte	0x4c
 428 00f9 00000000 		.4byte	.LFB1
 429 00fd 0C000000 		.4byte	.LFE1-.LFB1
 430 0101 01       		.uleb128 0x1
 431 0102 9C       		.byte	0x9c
 432 0103 3F010000 		.4byte	0x13f
 433 0107 0A       		.uleb128 0xa
 434 0108 7300     		.ascii	"s\000"
 435 010a 01       		.byte	0x1
 436 010b 4C       		.byte	0x4c
 437 010c 84000000 		.4byte	0x84
 438 0110 00000000 		.4byte	.LLST0
 439 0114 0A       		.uleb128 0xa
 440 0115 6E00     		.ascii	"n\000"
 441 0117 01       		.byte	0x1
 442 0118 4C       		.byte	0x4c
 443 0119 2C000000 		.4byte	0x2c
 444 011d 21000000 		.4byte	.LLST1
 445 0121 0B       		.uleb128 0xb
 446 0122 0A000000 		.4byte	.LVL2
 447 0126 6A020000 		.4byte	0x26a
 448 012a 0C       		.uleb128 0xc
 449 012b 01       		.uleb128 0x1
 450 012c 50       		.byte	0x50
 451 012d 03       		.uleb128 0x3
 452 012e F3       		.byte	0xf3
 453 012f 01       		.uleb128 0x1
 454 0130 50       		.byte	0x50
 455 0131 0C       		.uleb128 0xc
 456 0132 01       		.uleb128 0x1
 457 0133 51       		.byte	0x51
 458 0134 01       		.uleb128 0x1
 459 0135 30       		.byte	0x30
 460 0136 0C       		.uleb128 0xc
 461 0137 01       		.uleb128 0x1
 462 0138 52       		.byte	0x52
 463 0139 03       		.uleb128 0x3
 464 013a F3       		.byte	0xf3
 465 013b 01       		.uleb128 0x1
 466 013c 51       		.byte	0x51
 467 013d 00       		.byte	0
 468 013e 00       		.byte	0
 469 013f 09       		.uleb128 0x9
 470 0140 3D000000 		.4byte	.LASF21
 471 0144 01       		.byte	0x1
 472 0145 AA       		.byte	0xaa
 473 0146 00000000 		.4byte	.LFB4
 474 014a 7C000000 		.4byte	.LFE4-.LFB4
 475 014e 01       		.uleb128 0x1
 476 014f 9C       		.byte	0x9c
 477 0150 8B010000 		.4byte	0x18b
ARM GAS  C:\Users\ADMIN\AppData\Local\Temp\cc73CO3Q.s 			page 15


 478 0154 0D       		.uleb128 0xd
 479 0155 0E000000 		.4byte	.LVL3
 480 0159 73020000 		.4byte	0x273
 481 015d 68010000 		.4byte	0x168
 482 0161 0C       		.uleb128 0xc
 483 0162 01       		.uleb128 0x1
 484 0163 50       		.byte	0x50
 485 0164 02       		.uleb128 0x2
 486 0165 08       		.byte	0x8
 487 0166 30       		.byte	0x30
 488 0167 00       		.byte	0
 489 0168 0D       		.uleb128 0xd
 490 0169 3E000000 		.4byte	.LVL4
 491 016d 7E020000 		.4byte	0x27e
 492 0171 7B010000 		.4byte	0x17b
 493 0175 0C       		.uleb128 0xc
 494 0176 01       		.uleb128 0x1
 495 0177 50       		.byte	0x50
 496 0178 01       		.uleb128 0x1
 497 0179 37       		.byte	0x37
 498 017a 00       		.byte	0
 499 017b 0B       		.uleb128 0xb
 500 017c 44000000 		.4byte	.LVL5
 501 0180 89020000 		.4byte	0x289
 502 0184 0C       		.uleb128 0xc
 503 0185 01       		.uleb128 0x1
 504 0186 50       		.byte	0x50
 505 0187 01       		.uleb128 0x1
 506 0188 37       		.byte	0x37
 507 0189 00       		.byte	0
 508 018a 00       		.byte	0
 509 018b 0E       		.uleb128 0xe
 510 018c F3000000 		.4byte	.LASF33
 511 0190 01       		.byte	0x1
 512 0191 F6       		.byte	0xf6
 513 0192 7C000000 		.4byte	.LFB6
 514 0196 A4000000 		.4byte	.LFE6-.LFB6
 515 019a 01       		.uleb128 0x1
 516 019b 9C       		.byte	0x9c
 517 019c 6A020000 		.4byte	0x26a
 518 01a0 0F       		.uleb128 0xf
 519 01a1 80000000 		.4byte	.LBB2
 520 01a5 48000000 		.4byte	.LBE2-.LBB2
 521 01a9 57020000 		.4byte	0x257
 522 01ad 10       		.uleb128 0x10
 523 01ae 06       		.byte	0x6
 524 01af 01       		.byte	0x1
 525 01b0 FD       		.byte	0xfd
 526 01b1 CE010000 		.4byte	0x1ce
 527 01b5 11       		.uleb128 0x11
 528 01b6 00010000 		.4byte	.LASF22
 529 01ba 01       		.byte	0x1
 530 01bb FE       		.byte	0xfe
 531 01bc 84000000 		.4byte	0x84
 532 01c0 00       		.byte	0
 533 01c1 11       		.uleb128 0x11
 534 01c2 61000000 		.4byte	.LASF23
ARM GAS  C:\Users\ADMIN\AppData\Local\Temp\cc73CO3Q.s 			page 16


 535 01c6 01       		.byte	0x1
 536 01c7 FF       		.byte	0xff
 537 01c8 99000000 		.4byte	0x99
 538 01cc 04       		.byte	0x4
 539 01cd 00       		.byte	0
 540 01ce 06       		.uleb128 0x6
 541 01cf AD010000 		.4byte	.LASF24
 542 01d3 01       		.byte	0x1
 543 01d4 0001     		.2byte	0x100
 544 01d6 AD010000 		.4byte	0x1ad
 545 01da 12       		.uleb128 0x12
 546 01db EA010000 		.4byte	0x1ea
 547 01df EA010000 		.4byte	0x1ea
 548 01e3 13       		.uleb128 0x13
 549 01e4 7D000000 		.4byte	0x7d
 550 01e8 01       		.byte	0x1
 551 01e9 00       		.byte	0
 552 01ea 14       		.uleb128 0x14
 553 01eb CE010000 		.4byte	0x1ce
 554 01ef 15       		.uleb128 0x15
 555 01f0 2D000000 		.4byte	.LASF25
 556 01f4 01       		.byte	0x1
 557 01f5 0201     		.2byte	0x102
 558 01f7 01020000 		.4byte	0x201
 559 01fb 05       		.uleb128 0x5
 560 01fc 03       		.byte	0x3
 561 01fd 00000000 		.4byte	cfg_memset_list.4888
 562 0201 14       		.uleb128 0x14
 563 0202 DA010000 		.4byte	0x1da
 564 0206 16       		.uleb128 0x16
 565 0207 6900     		.ascii	"i\000"
 566 0209 01       		.byte	0x1
 567 020a 0801     		.2byte	0x108
 568 020c 8D000000 		.4byte	0x8d
 569 0210 4D000000 		.4byte	.LLST2
 570 0214 17       		.uleb128 0x17
 571 0215 84000000 		.4byte	.LBB3
 572 0219 1C000000 		.4byte	.LBE3-.LBB3
 573 021d 16       		.uleb128 0x16
 574 021e 6D7300   		.ascii	"ms\000"
 575 0221 01       		.byte	0x1
 576 0222 0D01     		.2byte	0x10d
 577 0224 2C020000 		.4byte	0x22c
 578 0228 77000000 		.4byte	.LLST3
 579 022c 18       		.uleb128 0x18
 580 022d 04       		.byte	0x4
 581 022e EA010000 		.4byte	0x1ea
 582 0232 0B       		.uleb128 0xb
 583 0233 A0000000 		.4byte	.LVL8
 584 0237 F2000000 		.4byte	0xf2
 585 023b 0C       		.uleb128 0xc
 586 023c 01       		.uleb128 0x1
 587 023d 51       		.byte	0x51
 588 023e 15       		.uleb128 0x15
 589 023f 74       		.byte	0x74
 590 0240 00       		.sleb128 0
 591 0241 31       		.byte	0x31
ARM GAS  C:\Users\ADMIN\AppData\Local\Temp\cc73CO3Q.s 			page 17


 592 0242 24       		.byte	0x24
 593 0243 74       		.byte	0x74
 594 0244 00       		.sleb128 0
 595 0245 22       		.byte	0x22
 596 0246 31       		.byte	0x31
 597 0247 24       		.byte	0x24
 598 0248 03       		.byte	0x3
 599 0249 04000000 		.4byte	.LANCHOR0+4
 600 024d 22       		.byte	0x22
 601 024e 94       		.byte	0x94
 602 024f 02       		.byte	0x2
 603 0250 0A       		.byte	0xa
 604 0251 FFFF     		.2byte	0xffff
 605 0253 1A       		.byte	0x1a
 606 0254 00       		.byte	0
 607 0255 00       		.byte	0
 608 0256 00       		.byte	0
 609 0257 19       		.uleb128 0x19
 610 0258 EE000000 		.4byte	.LVL11
 611 025c 3F010000 		.4byte	0x13f
 612 0260 19       		.uleb128 0x19
 613 0261 F2000000 		.4byte	.LVL12
 614 0265 E1000000 		.4byte	0xe1
 615 0269 00       		.byte	0
 616 026a 1A       		.uleb128 0x1a
 617 026b 9B000000 		.4byte	.LASF34
 618 026f 9B000000 		.4byte	.LASF34
 619 0273 1B       		.uleb128 0x1b
 620 0274 E0010000 		.4byte	.LASF26
 621 0278 E0010000 		.4byte	.LASF26
 622 027c 04       		.byte	0x4
 623 027d 6C       		.byte	0x6c
 624 027e 1B       		.uleb128 0x1b
 625 027f 1E000000 		.4byte	.LASF27
 626 0283 1E000000 		.4byte	.LASF27
 627 0287 04       		.byte	0x4
 628 0288 BD       		.byte	0xbd
 629 0289 1B       		.uleb128 0x1b
 630 028a A9000000 		.4byte	.LASF28
 631 028e A9000000 		.4byte	.LASF28
 632 0292 04       		.byte	0x4
 633 0293 C3       		.byte	0xc3
 634 0294 00       		.byte	0
 635              		.section	.debug_abbrev,"",%progbits
 636              	.Ldebug_abbrev0:
 637 0000 01       		.uleb128 0x1
 638 0001 11       		.uleb128 0x11
 639 0002 01       		.byte	0x1
 640 0003 25       		.uleb128 0x25
 641 0004 0E       		.uleb128 0xe
 642 0005 13       		.uleb128 0x13
 643 0006 0B       		.uleb128 0xb
 644 0007 03       		.uleb128 0x3
 645 0008 0E       		.uleb128 0xe
 646 0009 1B       		.uleb128 0x1b
 647 000a 0E       		.uleb128 0xe
 648 000b 55       		.uleb128 0x55
ARM GAS  C:\Users\ADMIN\AppData\Local\Temp\cc73CO3Q.s 			page 18


 649 000c 17       		.uleb128 0x17
 650 000d 11       		.uleb128 0x11
 651 000e 01       		.uleb128 0x1
 652 000f 10       		.uleb128 0x10
 653 0010 17       		.uleb128 0x17
 654 0011 00       		.byte	0
 655 0012 00       		.byte	0
 656 0013 02       		.uleb128 0x2
 657 0014 24       		.uleb128 0x24
 658 0015 00       		.byte	0
 659 0016 0B       		.uleb128 0xb
 660 0017 0B       		.uleb128 0xb
 661 0018 3E       		.uleb128 0x3e
 662 0019 0B       		.uleb128 0xb
 663 001a 03       		.uleb128 0x3
 664 001b 08       		.uleb128 0x8
 665 001c 00       		.byte	0
 666 001d 00       		.byte	0
 667 001e 03       		.uleb128 0x3
 668 001f 16       		.uleb128 0x16
 669 0020 00       		.byte	0
 670 0021 03       		.uleb128 0x3
 671 0022 0E       		.uleb128 0xe
 672 0023 3A       		.uleb128 0x3a
 673 0024 0B       		.uleb128 0xb
 674 0025 3B       		.uleb128 0x3b
 675 0026 0B       		.uleb128 0xb
 676 0027 49       		.uleb128 0x49
 677 0028 13       		.uleb128 0x13
 678 0029 00       		.byte	0
 679 002a 00       		.byte	0
 680 002b 04       		.uleb128 0x4
 681 002c 24       		.uleb128 0x24
 682 002d 00       		.byte	0
 683 002e 0B       		.uleb128 0xb
 684 002f 0B       		.uleb128 0xb
 685 0030 3E       		.uleb128 0x3e
 686 0031 0B       		.uleb128 0xb
 687 0032 03       		.uleb128 0x3
 688 0033 0E       		.uleb128 0xe
 689 0034 00       		.byte	0
 690 0035 00       		.byte	0
 691 0036 05       		.uleb128 0x5
 692 0037 0F       		.uleb128 0xf
 693 0038 00       		.byte	0
 694 0039 0B       		.uleb128 0xb
 695 003a 0B       		.uleb128 0xb
 696 003b 00       		.byte	0
 697 003c 00       		.byte	0
 698 003d 06       		.uleb128 0x6
 699 003e 16       		.uleb128 0x16
 700 003f 00       		.byte	0
 701 0040 03       		.uleb128 0x3
 702 0041 0E       		.uleb128 0xe
 703 0042 3A       		.uleb128 0x3a
 704 0043 0B       		.uleb128 0xb
 705 0044 3B       		.uleb128 0x3b
ARM GAS  C:\Users\ADMIN\AppData\Local\Temp\cc73CO3Q.s 			page 19


 706 0045 05       		.uleb128 0x5
 707 0046 49       		.uleb128 0x49
 708 0047 13       		.uleb128 0x13
 709 0048 00       		.byte	0
 710 0049 00       		.byte	0
 711 004a 07       		.uleb128 0x7
 712 004b 35       		.uleb128 0x35
 713 004c 00       		.byte	0
 714 004d 49       		.uleb128 0x49
 715 004e 13       		.uleb128 0x13
 716 004f 00       		.byte	0
 717 0050 00       		.byte	0
 718 0051 08       		.uleb128 0x8
 719 0052 2E       		.uleb128 0x2e
 720 0053 00       		.byte	0
 721 0054 03       		.uleb128 0x3
 722 0055 0E       		.uleb128 0xe
 723 0056 3A       		.uleb128 0x3a
 724 0057 0B       		.uleb128 0xb
 725 0058 3B       		.uleb128 0x3b
 726 0059 0B       		.uleb128 0xb
 727 005a 27       		.uleb128 0x27
 728 005b 19       		.uleb128 0x19
 729 005c 11       		.uleb128 0x11
 730 005d 01       		.uleb128 0x1
 731 005e 12       		.uleb128 0x12
 732 005f 06       		.uleb128 0x6
 733 0060 40       		.uleb128 0x40
 734 0061 18       		.uleb128 0x18
 735 0062 9742     		.uleb128 0x2117
 736 0064 19       		.uleb128 0x19
 737 0065 00       		.byte	0
 738 0066 00       		.byte	0
 739 0067 09       		.uleb128 0x9
 740 0068 2E       		.uleb128 0x2e
 741 0069 01       		.byte	0x1
 742 006a 03       		.uleb128 0x3
 743 006b 0E       		.uleb128 0xe
 744 006c 3A       		.uleb128 0x3a
 745 006d 0B       		.uleb128 0xb
 746 006e 3B       		.uleb128 0x3b
 747 006f 0B       		.uleb128 0xb
 748 0070 27       		.uleb128 0x27
 749 0071 19       		.uleb128 0x19
 750 0072 11       		.uleb128 0x11
 751 0073 01       		.uleb128 0x1
 752 0074 12       		.uleb128 0x12
 753 0075 06       		.uleb128 0x6
 754 0076 40       		.uleb128 0x40
 755 0077 18       		.uleb128 0x18
 756 0078 9742     		.uleb128 0x2117
 757 007a 19       		.uleb128 0x19
 758 007b 01       		.uleb128 0x1
 759 007c 13       		.uleb128 0x13
 760 007d 00       		.byte	0
 761 007e 00       		.byte	0
 762 007f 0A       		.uleb128 0xa
ARM GAS  C:\Users\ADMIN\AppData\Local\Temp\cc73CO3Q.s 			page 20


 763 0080 05       		.uleb128 0x5
 764 0081 00       		.byte	0
 765 0082 03       		.uleb128 0x3
 766 0083 08       		.uleb128 0x8
 767 0084 3A       		.uleb128 0x3a
 768 0085 0B       		.uleb128 0xb
 769 0086 3B       		.uleb128 0x3b
 770 0087 0B       		.uleb128 0xb
 771 0088 49       		.uleb128 0x49
 772 0089 13       		.uleb128 0x13
 773 008a 02       		.uleb128 0x2
 774 008b 17       		.uleb128 0x17
 775 008c 00       		.byte	0
 776 008d 00       		.byte	0
 777 008e 0B       		.uleb128 0xb
 778 008f 898201   		.uleb128 0x4109
 779 0092 01       		.byte	0x1
 780 0093 11       		.uleb128 0x11
 781 0094 01       		.uleb128 0x1
 782 0095 31       		.uleb128 0x31
 783 0096 13       		.uleb128 0x13
 784 0097 00       		.byte	0
 785 0098 00       		.byte	0
 786 0099 0C       		.uleb128 0xc
 787 009a 8A8201   		.uleb128 0x410a
 788 009d 00       		.byte	0
 789 009e 02       		.uleb128 0x2
 790 009f 18       		.uleb128 0x18
 791 00a0 9142     		.uleb128 0x2111
 792 00a2 18       		.uleb128 0x18
 793 00a3 00       		.byte	0
 794 00a4 00       		.byte	0
 795 00a5 0D       		.uleb128 0xd
 796 00a6 898201   		.uleb128 0x4109
 797 00a9 01       		.byte	0x1
 798 00aa 11       		.uleb128 0x11
 799 00ab 01       		.uleb128 0x1
 800 00ac 31       		.uleb128 0x31
 801 00ad 13       		.uleb128 0x13
 802 00ae 01       		.uleb128 0x1
 803 00af 13       		.uleb128 0x13
 804 00b0 00       		.byte	0
 805 00b1 00       		.byte	0
 806 00b2 0E       		.uleb128 0xe
 807 00b3 2E       		.uleb128 0x2e
 808 00b4 01       		.byte	0x1
 809 00b5 3F       		.uleb128 0x3f
 810 00b6 19       		.uleb128 0x19
 811 00b7 03       		.uleb128 0x3
 812 00b8 0E       		.uleb128 0xe
 813 00b9 3A       		.uleb128 0x3a
 814 00ba 0B       		.uleb128 0xb
 815 00bb 3B       		.uleb128 0x3b
 816 00bc 0B       		.uleb128 0xb
 817 00bd 27       		.uleb128 0x27
 818 00be 19       		.uleb128 0x19
 819 00bf 11       		.uleb128 0x11
ARM GAS  C:\Users\ADMIN\AppData\Local\Temp\cc73CO3Q.s 			page 21


 820 00c0 01       		.uleb128 0x1
 821 00c1 12       		.uleb128 0x12
 822 00c2 06       		.uleb128 0x6
 823 00c3 40       		.uleb128 0x40
 824 00c4 18       		.uleb128 0x18
 825 00c5 9742     		.uleb128 0x2117
 826 00c7 19       		.uleb128 0x19
 827 00c8 01       		.uleb128 0x1
 828 00c9 13       		.uleb128 0x13
 829 00ca 00       		.byte	0
 830 00cb 00       		.byte	0
 831 00cc 0F       		.uleb128 0xf
 832 00cd 0B       		.uleb128 0xb
 833 00ce 01       		.byte	0x1
 834 00cf 11       		.uleb128 0x11
 835 00d0 01       		.uleb128 0x1
 836 00d1 12       		.uleb128 0x12
 837 00d2 06       		.uleb128 0x6
 838 00d3 01       		.uleb128 0x1
 839 00d4 13       		.uleb128 0x13
 840 00d5 00       		.byte	0
 841 00d6 00       		.byte	0
 842 00d7 10       		.uleb128 0x10
 843 00d8 13       		.uleb128 0x13
 844 00d9 01       		.byte	0x1
 845 00da 0B       		.uleb128 0xb
 846 00db 0B       		.uleb128 0xb
 847 00dc 3A       		.uleb128 0x3a
 848 00dd 0B       		.uleb128 0xb
 849 00de 3B       		.uleb128 0x3b
 850 00df 0B       		.uleb128 0xb
 851 00e0 01       		.uleb128 0x1
 852 00e1 13       		.uleb128 0x13
 853 00e2 00       		.byte	0
 854 00e3 00       		.byte	0
 855 00e4 11       		.uleb128 0x11
 856 00e5 0D       		.uleb128 0xd
 857 00e6 00       		.byte	0
 858 00e7 03       		.uleb128 0x3
 859 00e8 0E       		.uleb128 0xe
 860 00e9 3A       		.uleb128 0x3a
 861 00ea 0B       		.uleb128 0xb
 862 00eb 3B       		.uleb128 0x3b
 863 00ec 0B       		.uleb128 0xb
 864 00ed 49       		.uleb128 0x49
 865 00ee 13       		.uleb128 0x13
 866 00ef 38       		.uleb128 0x38
 867 00f0 0B       		.uleb128 0xb
 868 00f1 00       		.byte	0
 869 00f2 00       		.byte	0
 870 00f3 12       		.uleb128 0x12
 871 00f4 01       		.uleb128 0x1
 872 00f5 01       		.byte	0x1
 873 00f6 49       		.uleb128 0x49
 874 00f7 13       		.uleb128 0x13
 875 00f8 01       		.uleb128 0x1
 876 00f9 13       		.uleb128 0x13
ARM GAS  C:\Users\ADMIN\AppData\Local\Temp\cc73CO3Q.s 			page 22


 877 00fa 00       		.byte	0
 878 00fb 00       		.byte	0
 879 00fc 13       		.uleb128 0x13
 880 00fd 21       		.uleb128 0x21
 881 00fe 00       		.byte	0
 882 00ff 49       		.uleb128 0x49
 883 0100 13       		.uleb128 0x13
 884 0101 2F       		.uleb128 0x2f
 885 0102 0B       		.uleb128 0xb
 886 0103 00       		.byte	0
 887 0104 00       		.byte	0
 888 0105 14       		.uleb128 0x14
 889 0106 26       		.uleb128 0x26
 890 0107 00       		.byte	0
 891 0108 49       		.uleb128 0x49
 892 0109 13       		.uleb128 0x13
 893 010a 00       		.byte	0
 894 010b 00       		.byte	0
 895 010c 15       		.uleb128 0x15
 896 010d 34       		.uleb128 0x34
 897 010e 00       		.byte	0
 898 010f 03       		.uleb128 0x3
 899 0110 0E       		.uleb128 0xe
 900 0111 3A       		.uleb128 0x3a
 901 0112 0B       		.uleb128 0xb
 902 0113 3B       		.uleb128 0x3b
 903 0114 05       		.uleb128 0x5
 904 0115 49       		.uleb128 0x49
 905 0116 13       		.uleb128 0x13
 906 0117 02       		.uleb128 0x2
 907 0118 18       		.uleb128 0x18
 908 0119 00       		.byte	0
 909 011a 00       		.byte	0
 910 011b 16       		.uleb128 0x16
 911 011c 34       		.uleb128 0x34
 912 011d 00       		.byte	0
 913 011e 03       		.uleb128 0x3
 914 011f 08       		.uleb128 0x8
 915 0120 3A       		.uleb128 0x3a
 916 0121 0B       		.uleb128 0xb
 917 0122 3B       		.uleb128 0x3b
 918 0123 05       		.uleb128 0x5
 919 0124 49       		.uleb128 0x49
 920 0125 13       		.uleb128 0x13
 921 0126 02       		.uleb128 0x2
 922 0127 17       		.uleb128 0x17
 923 0128 00       		.byte	0
 924 0129 00       		.byte	0
 925 012a 17       		.uleb128 0x17
 926 012b 0B       		.uleb128 0xb
 927 012c 01       		.byte	0x1
 928 012d 11       		.uleb128 0x11
 929 012e 01       		.uleb128 0x1
 930 012f 12       		.uleb128 0x12
 931 0130 06       		.uleb128 0x6
 932 0131 00       		.byte	0
 933 0132 00       		.byte	0
ARM GAS  C:\Users\ADMIN\AppData\Local\Temp\cc73CO3Q.s 			page 23


 934 0133 18       		.uleb128 0x18
 935 0134 0F       		.uleb128 0xf
 936 0135 00       		.byte	0
 937 0136 0B       		.uleb128 0xb
 938 0137 0B       		.uleb128 0xb
 939 0138 49       		.uleb128 0x49
 940 0139 13       		.uleb128 0x13
 941 013a 00       		.byte	0
 942 013b 00       		.byte	0
 943 013c 19       		.uleb128 0x19
 944 013d 898201   		.uleb128 0x4109
 945 0140 00       		.byte	0
 946 0141 11       		.uleb128 0x11
 947 0142 01       		.uleb128 0x1
 948 0143 31       		.uleb128 0x31
 949 0144 13       		.uleb128 0x13
 950 0145 00       		.byte	0
 951 0146 00       		.byte	0
 952 0147 1A       		.uleb128 0x1a
 953 0148 2E       		.uleb128 0x2e
 954 0149 00       		.byte	0
 955 014a 3F       		.uleb128 0x3f
 956 014b 19       		.uleb128 0x19
 957 014c 3C       		.uleb128 0x3c
 958 014d 19       		.uleb128 0x19
 959 014e 6E       		.uleb128 0x6e
 960 014f 0E       		.uleb128 0xe
 961 0150 03       		.uleb128 0x3
 962 0151 0E       		.uleb128 0xe
 963 0152 00       		.byte	0
 964 0153 00       		.byte	0
 965 0154 1B       		.uleb128 0x1b
 966 0155 2E       		.uleb128 0x2e
 967 0156 00       		.byte	0
 968 0157 3F       		.uleb128 0x3f
 969 0158 19       		.uleb128 0x19
 970 0159 3C       		.uleb128 0x3c
 971 015a 19       		.uleb128 0x19
 972 015b 6E       		.uleb128 0x6e
 973 015c 0E       		.uleb128 0xe
 974 015d 03       		.uleb128 0x3
 975 015e 0E       		.uleb128 0xe
 976 015f 3A       		.uleb128 0x3a
 977 0160 0B       		.uleb128 0xb
 978 0161 3B       		.uleb128 0x3b
 979 0162 0B       		.uleb128 0xb
 980 0163 00       		.byte	0
 981 0164 00       		.byte	0
 982 0165 00       		.byte	0
 983              		.section	.debug_loc,"",%progbits
 984              	.Ldebug_loc0:
 985              	.LLST0:
 986 0000 00000000 		.4byte	.LVL0
 987 0004 09000000 		.4byte	.LVL2-1
 988 0008 0100     		.2byte	0x1
 989 000a 50       		.byte	0x50
 990 000b 09000000 		.4byte	.LVL2-1
ARM GAS  C:\Users\ADMIN\AppData\Local\Temp\cc73CO3Q.s 			page 24


 991 000f 0C000000 		.4byte	.LFE1
 992 0013 0400     		.2byte	0x4
 993 0015 F3       		.byte	0xf3
 994 0016 01       		.uleb128 0x1
 995 0017 50       		.byte	0x50
 996 0018 9F       		.byte	0x9f
 997 0019 00000000 		.4byte	0
 998 001d 00000000 		.4byte	0
 999              	.LLST1:
 1000 0021 00000000 		.4byte	.LVL0
 1001 0025 06000000 		.4byte	.LVL1
 1002 0029 0100     		.2byte	0x1
 1003 002b 51       		.byte	0x51
 1004 002c 06000000 		.4byte	.LVL1
 1005 0030 09000000 		.4byte	.LVL2-1
 1006 0034 0100     		.2byte	0x1
 1007 0036 52       		.byte	0x52
 1008 0037 09000000 		.4byte	.LVL2-1
 1009 003b 0C000000 		.4byte	.LFE1
 1010 003f 0400     		.2byte	0x4
 1011 0041 F3       		.byte	0xf3
 1012 0042 01       		.uleb128 0x1
 1013 0043 51       		.byte	0x51
 1014 0044 9F       		.byte	0x9f
 1015 0045 00000000 		.4byte	0
 1016 0049 00000000 		.4byte	0
 1017              	.LLST2:
 1018 004d 80000000 		.4byte	.LVL6
 1019 0051 84000000 		.4byte	.LVL7
 1020 0055 0200     		.2byte	0x2
 1021 0057 30       		.byte	0x30
 1022 0058 9F       		.byte	0x9f
 1023 0059 84000000 		.4byte	.LVL7
 1024 005d A2000000 		.4byte	.LVL9
 1025 0061 0100     		.2byte	0x1
 1026 0063 54       		.byte	0x54
 1027 0064 A4000000 		.4byte	.LVL10
 1028 0068 F2000000 		.4byte	.LVL13
 1029 006c 0100     		.2byte	0x1
 1030 006e 54       		.byte	0x54
 1031 006f 00000000 		.4byte	0
 1032 0073 00000000 		.4byte	0
 1033              	.LLST3:
 1034 0077 84000000 		.4byte	.LVL7
 1035 007b A2000000 		.4byte	.LVL9
 1036 007f 0B00     		.2byte	0xb
 1037 0081 74       		.byte	0x74
 1038 0082 00       		.sleb128 0
 1039 0083 36       		.byte	0x36
 1040 0084 1E       		.byte	0x1e
 1041 0085 03       		.byte	0x3
 1042 0086 00000000 		.4byte	cfg_memset_list.4888
 1043 008a 22       		.byte	0x22
 1044 008b 9F       		.byte	0x9f
 1045 008c A2000000 		.4byte	.LVL9
 1046 0090 A4000000 		.4byte	.LVL10
 1047 0094 0B00     		.2byte	0xb
ARM GAS  C:\Users\ADMIN\AppData\Local\Temp\cc73CO3Q.s 			page 25


 1048 0096 74       		.byte	0x74
 1049 0097 7F       		.sleb128 -1
 1050 0098 36       		.byte	0x36
 1051 0099 1E       		.byte	0x1e
 1052 009a 03       		.byte	0x3
 1053 009b 00000000 		.4byte	cfg_memset_list.4888
 1054 009f 22       		.byte	0x22
 1055 00a0 9F       		.byte	0x9f
 1056 00a1 00000000 		.4byte	0
 1057 00a5 00000000 		.4byte	0
 1058              		.section	.debug_aranges,"",%progbits
 1059 0000 34000000 		.4byte	0x34
 1060 0004 0200     		.2byte	0x2
 1061 0006 00000000 		.4byte	.Ldebug_info0
 1062 000a 04       		.byte	0x4
 1063 000b 00       		.byte	0
 1064 000c 0000     		.2byte	0
 1065 000e 0000     		.2byte	0
 1066 0010 00000000 		.4byte	.LFB5
 1067 0014 20000000 		.4byte	.LFE5-.LFB5
 1068 0018 00000000 		.4byte	.LFB1
 1069 001c 0C000000 		.4byte	.LFE1-.LFB1
 1070 0020 00000000 		.4byte	.LFB4
 1071 0024 7C000000 		.4byte	.LFE4-.LFB4
 1072 0028 7C000000 		.4byte	.LFB6
 1073 002c A4000000 		.4byte	.LFE6-.LFB6
 1074 0030 00000000 		.4byte	0
 1075 0034 00000000 		.4byte	0
 1076              		.section	.debug_ranges,"",%progbits
 1077              	.Ldebug_ranges0:
 1078 0000 00000000 		.4byte	.LFB5
 1079 0004 20000000 		.4byte	.LFE5
 1080 0008 00000000 		.4byte	.LFB1
 1081 000c 0C000000 		.4byte	.LFE1
 1082 0010 00000000 		.4byte	.LFB4
 1083 0014 7C000000 		.4byte	.LFE4
 1084 0018 7C000000 		.4byte	.LFB6
 1085 001c 20010000 		.4byte	.LFE6
 1086 0020 00000000 		.4byte	0
 1087 0024 00000000 		.4byte	0
 1088              		.section	.debug_line,"",%progbits
 1089              	.Ldebug_line0:
 1090 0000 43010000 		.section	.debug_str,"MS",%progbits,1
 1090      0200D600 
 1090      00000201 
 1090      FB0E0D00 
 1090      01010101 
 1091              	.LASF19:
 1092 0000 72656733 		.ascii	"reg32\000"
 1092      3200
 1093              	.LASF12:
 1094 0006 73697A65 		.ascii	"size_t\000"
 1094      5F7400
 1095              	.LASF32:
 1096 000d 416E616C 		.ascii	"AnalogSetDefault\000"
 1096      6F675365 
 1096      74446566 
ARM GAS  C:\Users\ADMIN\AppData\Local\Temp\cc73CO3Q.s 			page 26


 1096      61756C74 
 1096      00
 1097              	.LASF27:
 1098 001e 4379496E 		.ascii	"CyIntSetVector\000"
 1098      74536574 
 1098      56656374 
 1098      6F7200
 1099              	.LASF25:
 1100 002d 6366675F 		.ascii	"cfg_memset_list\000"
 1100      6D656D73 
 1100      65745F6C 
 1100      69737400 
 1101              	.LASF21:
 1102 003d 436C6F63 		.ascii	"ClockSetup\000"
 1102      6B536574 
 1102      757000
 1103              	.LASF6:
 1104 0048 73686F72 		.ascii	"short unsigned int\000"
 1104      7420756E 
 1104      7369676E 
 1104      65642069 
 1104      6E7400
 1105              	.LASF16:
 1106 005b 666C6F61 		.ascii	"float\000"
 1106      7400
 1107              	.LASF23:
 1108 0061 73697A65 		.ascii	"size\000"
 1108      00
 1109              	.LASF18:
 1110 0066 72656738 		.ascii	"reg8\000"
 1110      00
 1111              	.LASF8:
 1112 006b 6C6F6E67 		.ascii	"long unsigned int\000"
 1112      20756E73 
 1112      69676E65 
 1112      6420696E 
 1112      7400
 1113              	.LASF13:
 1114 007d 75696E74 		.ascii	"uint8\000"
 1114      3800
 1115              	.LASF20:
 1116 0083 43594D45 		.ascii	"CYMEMZERO\000"
 1116      4D5A4552 
 1116      4F00
 1117              	.LASF4:
 1118 008d 756E7369 		.ascii	"unsigned char\000"
 1118      676E6564 
 1118      20636861 
 1118      7200
 1119              	.LASF34:
 1120 009b 6D656D73 		.ascii	"memset\000"
 1120      657400
 1121              	.LASF17:
 1122 00a2 646F7562 		.ascii	"double\000"
 1122      6C6500
 1123              	.LASF28:
 1124 00a9 4379496E 		.ascii	"CyIntEnable\000"
ARM GAS  C:\Users\ADMIN\AppData\Local\Temp\cc73CO3Q.s 			page 27


 1124      74456E61 
 1124      626C6500 
 1125              	.LASF14:
 1126 00b5 75696E74 		.ascii	"uint16\000"
 1126      313600
 1127              	.LASF31:
 1128 00bc 443A5C50 		.ascii	"D:\\Programming\\PSoC\\Lab\\Lab2.cydsn\000"
 1128      726F6772 
 1128      616D6D69 
 1128      6E675C50 
 1128      536F435C 
 1129              	.LASF15:
 1130 00df 75696E74 		.ascii	"uint32\000"
 1130      333200
 1131              	.LASF0:
 1132 00e6 756E7369 		.ascii	"unsigned int\000"
 1132      676E6564 
 1132      20696E74 
 1132      00
 1133              	.LASF33:
 1134 00f3 63796669 		.ascii	"cyfitter_cfg\000"
 1134      74746572 
 1134      5F636667 
 1134      00
 1135              	.LASF22:
 1136 0100 61646472 		.ascii	"address\000"
 1136      65737300 
 1137              	.LASF9:
 1138 0108 6C6F6E67 		.ascii	"long long unsigned int\000"
 1138      206C6F6E 
 1138      6720756E 
 1138      7369676E 
 1138      65642069 
 1139              	.LASF29:
 1140 011f 474E5520 		.ascii	"GNU C11 5.4.1 20160609 (release) [ARM/embedded-5-br"
 1140      43313120 
 1140      352E342E 
 1140      31203230 
 1140      31363036 
 1141 0152 616E6368 		.ascii	"anch revision 237715] -mcpu=cortex-m0 -mthumb -g -O"
 1141      20726576 
 1141      6973696F 
 1141      6E203233 
 1141      37373135 
 1142 0185 67202D66 		.ascii	"g -ffunction-sections -ffat-lto-objects\000"
 1142      66756E63 
 1142      74696F6E 
 1142      2D736563 
 1142      74696F6E 
 1143              	.LASF24:
 1144 01ad 6366675F 		.ascii	"cfg_memset_t\000"
 1144      6D656D73 
 1144      65745F74 
 1144      00
 1145              	.LASF10:
 1146 01ba 73697A65 		.ascii	"sizetype\000"
 1146      74797065 
ARM GAS  C:\Users\ADMIN\AppData\Local\Temp\cc73CO3Q.s 			page 28


 1146      00
 1147              	.LASF1:
 1148 01c3 6C6F6E67 		.ascii	"long long int\000"
 1148      206C6F6E 
 1148      6720696E 
 1148      7400
 1149              	.LASF11:
 1150 01d1 63686172 		.ascii	"char\000"
 1150      00
 1151              	.LASF5:
 1152 01d6 73686F72 		.ascii	"short int\000"
 1152      7420696E 
 1152      7400
 1153              	.LASF26:
 1154 01e0 43795379 		.ascii	"CySysClkWriteImoFreq\000"
 1154      73436C6B 
 1154      57726974 
 1154      65496D6F 
 1154      46726571 
 1155              	.LASF7:
 1156 01f5 6C6F6E67 		.ascii	"long int\000"
 1156      20696E74 
 1156      00
 1157              	.LASF2:
 1158 01fe 6C6F6E67 		.ascii	"long double\000"
 1158      20646F75 
 1158      626C6500 
 1159              	.LASF3:
 1160 020a 7369676E 		.ascii	"signed char\000"
 1160      65642063 
 1160      68617200 
 1161              	.LASF30:
 1162 0216 47656E65 		.ascii	"Generated_Source\\PSoC4\\cyfitter_cfg.c\000"
 1162      72617465 
 1162      645F536F 
 1162      75726365 
 1162      5C50536F 
 1163              		.ident	"GCC: (GNU Tools for ARM Embedded Processors) 5.4.1 20160609 (release) [ARM/embedded-5-bran
