Archive member included to satisfy reference by file (symbol)

.\CortexM0\ARM_GCC_541\Debug\Lab2.a(CyLib.o)
                              .\CortexM0\ARM_GCC_541\Debug\cyfitter_cfg.o (CyIntEnable)
.\CortexM0\ARM_GCC_541\Debug\Lab2.a(CyLFClk.o)
                              .\CortexM0\ARM_GCC_541\Debug\Lab2.a(CyLib.o) (CySysClkWcoEnabled)
.\CortexM0\ARM_GCC_541\Debug\Lab2.a(Pin_Green.o)
                              .\CortexM0\ARM_GCC_541\Debug\main.o (Pin_Green_Write)
.\CortexM0\ARM_GCC_541\Debug\Lab2.a(SW.o)
                              .\CortexM0\ARM_GCC_541\Debug\main.o (SW_ClearInterrupt)
.\CortexM0\ARM_GCC_541\Debug\Lab2.a(Pin_Red.o)
                              .\CortexM0\ARM_GCC_541\Debug\main.o (Pin_Red_Write)
.\CortexM0\ARM_GCC_541\Debug\Lab2.a(Pin_Yellow.o)
                              .\CortexM0\ARM_GCC_541\Debug\main.o (Pin_Yellow_Write)
.\CortexM0\ARM_GCC_541\Debug\Lab2.a(Timer.o)
                              .\CortexM0\ARM_GCC_541\Debug\main.o (Timer_Start)
.\CortexM0\ARM_GCC_541\Debug\Lab2.a(Timer_Int.o)
                              .\CortexM0\ARM_GCC_541\Debug\main.o (Timer_Int_StartEx)
.\CortexM0\ARM_GCC_541\Debug\Lab2.a(SW_Int.o)
                              .\CortexM0\ARM_GCC_541\Debug\main.o (SW_Int_StartEx)
.\CortexM0\ARM_GCC_541\Debug\Lab2.a(CyBootAsmGnu.o)
                              .\CortexM0\ARM_GCC_541\Debug\Lab2.a(CyLib.o) (CyDelayCycles)
.\CortexM0\ARM_GCC_541\Debug\Lab2.a(CyFlash.o)
                              .\CortexM0\ARM_GCC_541\Debug\Lab2.a(CyLib.o) (CySysFlashSetWaitCycles)
c:/program files (x86)/cypress/psoc creator/4.2/psoc creator/import/gnu/arm/5.4.1/bin/../lib/gcc/arm-none-eabi/5.4.1/armv6-m\libgcc.a(_udivsi3.o)
                              .\CortexM0\ARM_GCC_541\Debug\Lab2.a(CyLib.o) (__aeabi_uidiv)
c:/program files (x86)/cypress/psoc creator/4.2/psoc creator/import/gnu/arm/5.4.1/bin/../lib/gcc/arm-none-eabi/5.4.1/armv6-m\libgcc.a(_divsi3.o)
                              .\CortexM0\ARM_GCC_541\Debug\Lab2.a(CyLFClk.o) (__aeabi_idiv)
c:/program files (x86)/cypress/psoc creator/4.2/psoc creator/import/gnu/arm/5.4.1/bin/../lib/gcc/arm-none-eabi/5.4.1/armv6-m\libgcc.a(_dvmd_tls.o)
                              c:/program files (x86)/cypress/psoc creator/4.2/psoc creator/import/gnu/arm/5.4.1/bin/../lib/gcc/arm-none-eabi/5.4.1/armv6-m\libgcc.a(_udivsi3.o) (__aeabi_idiv0)
c:/program files (x86)/cypress/psoc creator/4.2/psoc creator/import/gnu/arm/5.4.1/bin/../lib/gcc/arm-none-eabi/5.4.1/../../../../arm-none-eabi/lib/armv6-m\libg_nano.a(lib_a-errno.o)
                              .\CortexM0\ARM_GCC_541\Debug\Cm0Start.o (__errno)
c:/program files (x86)/cypress/psoc creator/4.2/psoc creator/import/gnu/arm/5.4.1/bin/../lib/gcc/arm-none-eabi/5.4.1/../../../../arm-none-eabi/lib/armv6-m\libg_nano.a(lib_a-exit.o)
                              c:/program files (x86)/cypress/psoc creator/4.2/psoc creator/import/gnu/arm/5.4.1/bin/../lib/gcc/arm-none-eabi/5.4.1/../../../../arm-none-eabi/lib/armv6-m/crt0.o (exit)
c:/program files (x86)/cypress/psoc creator/4.2/psoc creator/import/gnu/arm/5.4.1/bin/../lib/gcc/arm-none-eabi/5.4.1/../../../../arm-none-eabi/lib/armv6-m\libg_nano.a(lib_a-impure.o)
                              c:/program files (x86)/cypress/psoc creator/4.2/psoc creator/import/gnu/arm/5.4.1/bin/../lib/gcc/arm-none-eabi/5.4.1/../../../../arm-none-eabi/lib/armv6-m\libg_nano.a(lib_a-exit.o) (_global_impure_ptr)
c:/program files (x86)/cypress/psoc creator/4.2/psoc creator/import/gnu/arm/5.4.1/bin/../lib/gcc/arm-none-eabi/5.4.1/../../../../arm-none-eabi/lib/armv6-m\libg_nano.a(lib_a-init.o)
                              c:/program files (x86)/cypress/psoc creator/4.2/psoc creator/import/gnu/arm/5.4.1/bin/../lib/gcc/arm-none-eabi/5.4.1/../../../../arm-none-eabi/lib/armv6-m/crt0.o (__libc_init_array)
c:/program files (x86)/cypress/psoc creator/4.2/psoc creator/import/gnu/arm/5.4.1/bin/../lib/gcc/arm-none-eabi/5.4.1/../../../../arm-none-eabi/lib/armv6-m\libg_nano.a(lib_a-memcpy-stub.o)
                              .\CortexM0\ARM_GCC_541\Debug\Lab2.a(CyFlash.o) (memcpy)
c:/program files (x86)/cypress/psoc creator/4.2/psoc creator/import/gnu/arm/5.4.1/bin/../lib/gcc/arm-none-eabi/5.4.1/../../../../arm-none-eabi/lib/armv6-m\libg_nano.a(lib_a-memset.o)
                              c:/program files (x86)/cypress/psoc creator/4.2/psoc creator/import/gnu/arm/5.4.1/bin/../lib/gcc/arm-none-eabi/5.4.1/../../../../arm-none-eabi/lib/armv6-m/crt0.o (memset)

Discarded input sections

 .text          0x00000000        0x0 c:/program files (x86)/cypress/psoc creator/4.2/psoc creator/import/gnu/arm/5.4.1/bin/../lib/gcc/arm-none-eabi/5.4.1/armv6-m/crti.o
 .data          0x00000000        0x0 c:/program files (x86)/cypress/psoc creator/4.2/psoc creator/import/gnu/arm/5.4.1/bin/../lib/gcc/arm-none-eabi/5.4.1/armv6-m/crti.o
 .bss           0x00000000        0x0 c:/program files (x86)/cypress/psoc creator/4.2/psoc creator/import/gnu/arm/5.4.1/bin/../lib/gcc/arm-none-eabi/5.4.1/armv6-m/crti.o
 .data          0x00000000        0x4 c:/program files (x86)/cypress/psoc creator/4.2/psoc creator/import/gnu/arm/5.4.1/bin/../lib/gcc/arm-none-eabi/5.4.1/armv6-m/crtbegin.o
 .text          0x00000000       0x78 c:/program files (x86)/cypress/psoc creator/4.2/psoc creator/import/gnu/arm/5.4.1/bin/../lib/gcc/arm-none-eabi/5.4.1/../../../../arm-none-eabi/lib/armv6-m/crt0.o
 .data          0x00000000        0x0 c:/program files (x86)/cypress/psoc creator/4.2/psoc creator/import/gnu/arm/5.4.1/bin/../lib/gcc/arm-none-eabi/5.4.1/../../../../arm-none-eabi/lib/armv6-m/crt0.o
 .bss           0x00000000        0x0 c:/program files (x86)/cypress/psoc creator/4.2/psoc creator/import/gnu/arm/5.4.1/bin/../lib/gcc/arm-none-eabi/5.4.1/../../../../arm-none-eabi/lib/armv6-m/crt0.o
 .ARM.extab     0x00000000        0x0 c:/program files (x86)/cypress/psoc creator/4.2/psoc creator/import/gnu/arm/5.4.1/bin/../lib/gcc/arm-none-eabi/5.4.1/../../../../arm-none-eabi/lib/armv6-m/crt0.o
 .ARM.exidx     0x00000000        0x8 c:/program files (x86)/cypress/psoc creator/4.2/psoc creator/import/gnu/arm/5.4.1/bin/../lib/gcc/arm-none-eabi/5.4.1/../../../../arm-none-eabi/lib/armv6-m/crt0.o
 .text          0x00000000        0x0 .\CortexM0\ARM_GCC_541\Debug\main.o
 .text          0x00000000        0x0 .\CortexM0\ARM_GCC_541\Debug\cyfitter_cfg.o
 .data          0x00000000        0x0 .\CortexM0\ARM_GCC_541\Debug\cyfitter_cfg.o
 .bss           0x00000000        0x0 .\CortexM0\ARM_GCC_541\Debug\cyfitter_cfg.o
 .text          0x00000000        0x0 .\CortexM0\ARM_GCC_541\Debug\cymetadata.o
 .data          0x00000000        0x0 .\CortexM0\ARM_GCC_541\Debug\cymetadata.o
 .bss           0x00000000        0x0 .\CortexM0\ARM_GCC_541\Debug\cymetadata.o
 .text          0x00000000        0x0 .\CortexM0\ARM_GCC_541\Debug\Cm0Start.o
 .data          0x00000000        0x4 .\CortexM0\ARM_GCC_541\Debug\Cm0Start.o
 .bss           0x00000000        0x0 .\CortexM0\ARM_GCC_541\Debug\Cm0Start.o
 .text._exit    0x00000000        0xc .\CortexM0\ARM_GCC_541\Debug\Cm0Start.o
 .text._sbrk    0x00000000       0x30 .\CortexM0\ARM_GCC_541\Debug\Cm0Start.o
 .text          0x00000000        0x0 .\CortexM0\ARM_GCC_541\Debug\Lab2.a(CyLib.o)
 .bss           0x00000000       0x18 .\CortexM0\ARM_GCC_541\Debug\Lab2.a(CyLib.o)
 .text.CySysClkImoStart
                0x00000000       0x14 .\CortexM0\ARM_GCC_541\Debug\Lab2.a(CyLib.o)
 .text.CySysClkImoStop
                0x00000000       0x18 .\CortexM0\ARM_GCC_541\Debug\Lab2.a(CyLib.o)
 .text.CySysClkWriteHfclkDirect
                0x00000000       0x20 .\CortexM0\ARM_GCC_541\Debug\Lab2.a(CyLib.o)
 .text.CySysEnablePumpClock
                0x00000000       0x38 .\CortexM0\ARM_GCC_541\Debug\Lab2.a(CyLib.o)
 .text.CySysClkGetSysclkSource
                0x00000000       0x1c .\CortexM0\ARM_GCC_541\Debug\Lab2.a(CyLib.o)
 .text.CySysClkWriteSysclkDiv
                0x00000000       0x30 .\CortexM0\ARM_GCC_541\Debug\Lab2.a(CyLib.o)
 .text.CySysLvdDisable
                0x00000000       0x20 .\CortexM0\ARM_GCC_541\Debug\Lab2.a(CyLib.o)
 .text.CySysLvdGetInterruptSource
                0x00000000       0x10 .\CortexM0\ARM_GCC_541\Debug\Lab2.a(CyLib.o)
 .text.CySysLvdClearInterrupt
                0x00000000        0xc .\CortexM0\ARM_GCC_541\Debug\Lab2.a(CyLib.o)
 .text.CySysGetResetReason
                0x00000000       0x14 .\CortexM0\ARM_GCC_541\Debug\Lab2.a(CyLib.o)
 .text.CyDisableInts
                0x00000000       0x10 .\CortexM0\ARM_GCC_541\Debug\Lab2.a(CyLib.o)
 .text.CyEnableInts
                0x00000000        0xc .\CortexM0\ARM_GCC_541\Debug\Lab2.a(CyLib.o)
 .text.CyIntGetState
                0x00000000       0x18 .\CortexM0\ARM_GCC_541\Debug\Lab2.a(CyLib.o)
 .text.CyIntDisable
                0x00000000       0x14 .\CortexM0\ARM_GCC_541\Debug\Lab2.a(CyLib.o)
 .text.CyIntSetPending
                0x00000000       0x14 .\CortexM0\ARM_GCC_541\Debug\Lab2.a(CyLib.o)
 .text.CyIntClearPending
                0x00000000       0x14 .\CortexM0\ARM_GCC_541\Debug\Lab2.a(CyLib.o)
 .text.CyIntSetSysVector
                0x00000000       0x20 .\CortexM0\ARM_GCC_541\Debug\Lab2.a(CyLib.o)
 .text.CyIntGetSysVector
                0x00000000       0x1c .\CortexM0\ARM_GCC_541\Debug\Lab2.a(CyLib.o)
 .text.CyIntGetVector
                0x00000000       0x20 .\CortexM0\ARM_GCC_541\Debug\Lab2.a(CyLib.o)
 .text.CyIntSetPriority
                0x00000000       0x4c .\CortexM0\ARM_GCC_541\Debug\Lab2.a(CyLib.o)
 .text.CyIntGetPriority
                0x00000000       0x2c .\CortexM0\ARM_GCC_541\Debug\Lab2.a(CyLib.o)
 .text.CySoftwareReset
                0x00000000       0x18 .\CortexM0\ARM_GCC_541\Debug\Lab2.a(CyLib.o)
 .text.CyDelayUs
                0x00000000       0x14 .\CortexM0\ARM_GCC_541\Debug\Lab2.a(CyLib.o)
 .text.CySysLvdEnable
                0x00000000       0x44 .\CortexM0\ARM_GCC_541\Debug\Lab2.a(CyLib.o)
 .text.CyDelayFreq
                0x00000000       0x4c .\CortexM0\ARM_GCC_541\Debug\Lab2.a(CyLib.o)
 .text.CySysTickStop
                0x00000000       0x10 .\CortexM0\ARM_GCC_541\Debug\Lab2.a(CyLib.o)
 .text.CySysTickEnableInterrupt
                0x00000000       0x10 .\CortexM0\ARM_GCC_541\Debug\Lab2.a(CyLib.o)
 .text.CySysTickEnable
                0x00000000       0x18 .\CortexM0\ARM_GCC_541\Debug\Lab2.a(CyLib.o)
 .text.CySysTickDisableInterrupt
                0x00000000       0x10 .\CortexM0\ARM_GCC_541\Debug\Lab2.a(CyLib.o)
 .text.CySysTickSetReload
                0x00000000       0x10 .\CortexM0\ARM_GCC_541\Debug\Lab2.a(CyLib.o)
 .text.CySysTickGetReload
                0x00000000       0x10 .\CortexM0\ARM_GCC_541\Debug\Lab2.a(CyLib.o)
 .text.CySysTickGetValue
                0x00000000       0x10 .\CortexM0\ARM_GCC_541\Debug\Lab2.a(CyLib.o)
 .text.CySysTickSetClockSource
                0x00000000       0x20 .\CortexM0\ARM_GCC_541\Debug\Lab2.a(CyLib.o)
 .text.CySysTickGetClockSource
                0x00000000       0x10 .\CortexM0\ARM_GCC_541\Debug\Lab2.a(CyLib.o)
 .text.CySysTickGetCountFlag
                0x00000000       0x10 .\CortexM0\ARM_GCC_541\Debug\Lab2.a(CyLib.o)
 .text.CySysTickServiceCallbacks
                0x00000000       0x28 .\CortexM0\ARM_GCC_541\Debug\Lab2.a(CyLib.o)
 .text.CySysTickClear
                0x00000000        0xc .\CortexM0\ARM_GCC_541\Debug\Lab2.a(CyLib.o)
 .text.CySysTickInit
                0x00000000       0x44 .\CortexM0\ARM_GCC_541\Debug\Lab2.a(CyLib.o)
 .text.CySysTickStart
                0x00000000       0x20 .\CortexM0\ARM_GCC_541\Debug\Lab2.a(CyLib.o)
 .text.CySysTickSetCallback
                0x00000000       0x10 .\CortexM0\ARM_GCC_541\Debug\Lab2.a(CyLib.o)
 .text.CySysTickGetCallback
                0x00000000        0xc .\CortexM0\ARM_GCC_541\Debug\Lab2.a(CyLib.o)
 .text.CyGetUniqueId
                0x00000000       0x70 .\CortexM0\ARM_GCC_541\Debug\Lab2.a(CyLib.o)
 .text.CySysSetRamAccessArbPriority
                0x00000000       0x20 .\CortexM0\ARM_GCC_541\Debug\Lab2.a(CyLib.o)
 .text.CySysSetFlashAccessArbPriority
                0x00000000       0x20 .\CortexM0\ARM_GCC_541\Debug\Lab2.a(CyLib.o)
 .text.CySysSetDmacAccessArbPriority
                0x00000000       0x20 .\CortexM0\ARM_GCC_541\Debug\Lab2.a(CyLib.o)
 .text.CySysSetPeripheralAccessArbPriority
                0x00000000       0x68 .\CortexM0\ARM_GCC_541\Debug\Lab2.a(CyLib.o)
 .text          0x00000000        0x0 .\CortexM0\ARM_GCC_541\Debug\Lab2.a(CyLFClk.o)
 .text.CySysClkIloEnabled
                0x00000000       0x14 .\CortexM0\ARM_GCC_541\Debug\Lab2.a(CyLFClk.o)
 .text.CySysClkGetLfclkSource
                0x00000000       0x10 .\CortexM0\ARM_GCC_541\Debug\Lab2.a(CyLFClk.o)
 .text.CySysClkIloStart
                0x00000000       0x14 .\CortexM0\ARM_GCC_541\Debug\Lab2.a(CyLFClk.o)
 .text.CySysClkIloStartMeasurement
                0x00000000       0x5c .\CortexM0\ARM_GCC_541\Debug\Lab2.a(CyLFClk.o)
 .text.CySysClkIloStopMeasurement
                0x00000000       0x14 .\CortexM0\ARM_GCC_541\Debug\Lab2.a(CyLFClk.o)
 .text.CySysClkIloCompensate
                0x00000000      0x104 .\CortexM0\ARM_GCC_541\Debug\Lab2.a(CyLFClk.o)
 .text.CySysClkIloUpdateTrimReg
                0x00000000       0xa8 .\CortexM0\ARM_GCC_541\Debug\Lab2.a(CyLFClk.o)
 .text.CySysClkIloTrim
                0x00000000       0xd8 .\CortexM0\ARM_GCC_541\Debug\Lab2.a(CyLFClk.o)
 .text.CySysClkIloRestoreFactoryTrim
                0x00000000       0x30 .\CortexM0\ARM_GCC_541\Debug\Lab2.a(CyLFClk.o)
 .text.CySysClkWcoStart
                0x00000000       0x40 .\CortexM0\ARM_GCC_541\Debug\Lab2.a(CyLFClk.o)
 .text.CySysClkWcoSetPowerMode
                0x00000000       0x4c .\CortexM0\ARM_GCC_541\Debug\Lab2.a(CyLFClk.o)
 .text.CySysClkWcoClockOutSelect
                0x00000000       0x2c .\CortexM0\ARM_GCC_541\Debug\Lab2.a(CyLFClk.o)
 .text.CySysWdtGetEnabledStatus
                0x00000000       0x24 .\CortexM0\ARM_GCC_541\Debug\Lab2.a(CyLFClk.o)
 .text.CySysWdtSetMode
                0x00000000       0x38 .\CortexM0\ARM_GCC_541\Debug\Lab2.a(CyLFClk.o)
 .text.CySysClkLfclkPosedgeRestore
                0x00000000       0x2c .\CortexM0\ARM_GCC_541\Debug\Lab2.a(CyLFClk.o)
 .text.CySysWdtGetMode
                0x00000000       0x14 .\CortexM0\ARM_GCC_541\Debug\Lab2.a(CyLFClk.o)
 .text.CySysWdtSetClearOnMatch
                0x00000000       0x34 .\CortexM0\ARM_GCC_541\Debug\Lab2.a(CyLFClk.o)
 .text.CySysWdtGetClearOnMatch
                0x00000000       0x24 .\CortexM0\ARM_GCC_541\Debug\Lab2.a(CyLFClk.o)
 .text.CySysWdtEnable
                0x00000000       0x3c .\CortexM0\ARM_GCC_541\Debug\Lab2.a(CyLFClk.o)
 .text.CySysWdtDisable
                0x00000000       0x44 .\CortexM0\ARM_GCC_541\Debug\Lab2.a(CyLFClk.o)
 .text.CySysWdtSetCascade
                0x00000000       0x34 .\CortexM0\ARM_GCC_541\Debug\Lab2.a(CyLFClk.o)
 .text.CySysWdtGetCascade
                0x00000000       0x14 .\CortexM0\ARM_GCC_541\Debug\Lab2.a(CyLFClk.o)
 .text.CySysWdtSetMatch
                0x00000000       0x54 .\CortexM0\ARM_GCC_541\Debug\Lab2.a(CyLFClk.o)
 .text.CySysWdtSetToggleBit
                0x00000000       0x30 .\CortexM0\ARM_GCC_541\Debug\Lab2.a(CyLFClk.o)
 .text.CySysWdtGetToggleBit
                0x00000000       0x10 .\CortexM0\ARM_GCC_541\Debug\Lab2.a(CyLFClk.o)
 .text.CySysWdtGetMatch
                0x00000000       0x20 .\CortexM0\ARM_GCC_541\Debug\Lab2.a(CyLFClk.o)
 .text.CySysWdtGetCount
                0x00000000       0x3c .\CortexM0\ARM_GCC_541\Debug\Lab2.a(CyLFClk.o)
 .text.CySysClkLfclkPosedgeCatch
                0x00000000       0x74 .\CortexM0\ARM_GCC_541\Debug\Lab2.a(CyLFClk.o)
 .text.CySysClkIloStop
                0x00000000       0x4c .\CortexM0\ARM_GCC_541\Debug\Lab2.a(CyLFClk.o)
 .text.CySysClkSetLfclkSource
                0x00000000       0x38 .\CortexM0\ARM_GCC_541\Debug\Lab2.a(CyLFClk.o)
 .text.CySysClkWcoStop
                0x00000000       0x48 .\CortexM0\ARM_GCC_541\Debug\Lab2.a(CyLFClk.o)
 .text.CySysWdtGetInterruptSource
                0x00000000       0x14 .\CortexM0\ARM_GCC_541\Debug\Lab2.a(CyLFClk.o)
 .text.CySysWdtResetCounters
                0x00000000       0x20 .\CortexM0\ARM_GCC_541\Debug\Lab2.a(CyLFClk.o)
 .text.CySysWdtSetInterruptCallback
                0x00000000       0x20 .\CortexM0\ARM_GCC_541\Debug\Lab2.a(CyLFClk.o)
 .text.CySysWdtGetInterruptCallback
                0x00000000       0x20 .\CortexM0\ARM_GCC_541\Debug\Lab2.a(CyLFClk.o)
 .text.CySysWdtEnableCounterIsr
                0x00000000       0x34 .\CortexM0\ARM_GCC_541\Debug\Lab2.a(CyLFClk.o)
 .text.CySysWdtDisableCounterIsr
                0x00000000       0x28 .\CortexM0\ARM_GCC_541\Debug\Lab2.a(CyLFClk.o)
 .text.CySysWatchdogFeed
                0x00000000       0x60 .\CortexM0\ARM_GCC_541\Debug\Lab2.a(CyLFClk.o)
 .text.CySysTimerDelayUntilMatch
                0x00000000       0x6c .\CortexM0\ARM_GCC_541\Debug\Lab2.a(CyLFClk.o)
 .text.CySysTimerDelay
                0x00000000       0x3c .\CortexM0\ARM_GCC_541\Debug\Lab2.a(CyLFClk.o)
 .rodata        0x00000000        0xc .\CortexM0\ARM_GCC_541\Debug\Lab2.a(CyLFClk.o)
 .text          0x00000000        0x0 .\CortexM0\ARM_GCC_541\Debug\Lab2.a(Pin_Green.o)
 .data          0x00000000        0x0 .\CortexM0\ARM_GCC_541\Debug\Lab2.a(Pin_Green.o)
 .bss           0x00000000        0x0 .\CortexM0\ARM_GCC_541\Debug\Lab2.a(Pin_Green.o)
 .text.Pin_Green_SetDriveMode
                0x00000000       0x18 .\CortexM0\ARM_GCC_541\Debug\Lab2.a(Pin_Green.o)
 .text.Pin_Green_Read
                0x00000000       0x10 .\CortexM0\ARM_GCC_541\Debug\Lab2.a(Pin_Green.o)
 .text.Pin_Green_ReadDataReg
                0x00000000       0x10 .\CortexM0\ARM_GCC_541\Debug\Lab2.a(Pin_Green.o)
 .text.Pin_Green_SetInterruptMode
                0x00000000       0x14 .\CortexM0\ARM_GCC_541\Debug\Lab2.a(Pin_Green.o)
 .text.Pin_Green_ClearInterrupt
                0x00000000       0x14 .\CortexM0\ARM_GCC_541\Debug\Lab2.a(Pin_Green.o)
 .text          0x00000000        0x0 .\CortexM0\ARM_GCC_541\Debug\Lab2.a(SW.o)
 .data          0x00000000        0x0 .\CortexM0\ARM_GCC_541\Debug\Lab2.a(SW.o)
 .bss           0x00000000        0x0 .\CortexM0\ARM_GCC_541\Debug\Lab2.a(SW.o)
 .text.SW_SetDriveMode
                0x00000000       0x18 .\CortexM0\ARM_GCC_541\Debug\Lab2.a(SW.o)
 .text.SW_Write
                0x00000000       0x18 .\CortexM0\ARM_GCC_541\Debug\Lab2.a(SW.o)
 .text.SW_Read  0x00000000       0x10 .\CortexM0\ARM_GCC_541\Debug\Lab2.a(SW.o)
 .text.SW_ReadDataReg
                0x00000000       0x10 .\CortexM0\ARM_GCC_541\Debug\Lab2.a(SW.o)
 .text.SW_SetInterruptMode
                0x00000000       0x14 .\CortexM0\ARM_GCC_541\Debug\Lab2.a(SW.o)
 .text          0x00000000        0x0 .\CortexM0\ARM_GCC_541\Debug\Lab2.a(Pin_Red.o)
 .data          0x00000000        0x0 .\CortexM0\ARM_GCC_541\Debug\Lab2.a(Pin_Red.o)
 .bss           0x00000000        0x0 .\CortexM0\ARM_GCC_541\Debug\Lab2.a(Pin_Red.o)
 .text.Pin_Red_SetDriveMode
                0x00000000       0x18 .\CortexM0\ARM_GCC_541\Debug\Lab2.a(Pin_Red.o)
 .text.Pin_Red_Read
                0x00000000       0x10 .\CortexM0\ARM_GCC_541\Debug\Lab2.a(Pin_Red.o)
 .text.Pin_Red_ReadDataReg
                0x00000000       0x10 .\CortexM0\ARM_GCC_541\Debug\Lab2.a(Pin_Red.o)
 .text.Pin_Red_SetInterruptMode
                0x00000000       0x14 .\CortexM0\ARM_GCC_541\Debug\Lab2.a(Pin_Red.o)
 .text.Pin_Red_ClearInterrupt
                0x00000000       0x14 .\CortexM0\ARM_GCC_541\Debug\Lab2.a(Pin_Red.o)
 .text          0x00000000        0x0 .\CortexM0\ARM_GCC_541\Debug\Lab2.a(Pin_Yellow.o)
 .data          0x00000000        0x0 .\CortexM0\ARM_GCC_541\Debug\Lab2.a(Pin_Yellow.o)
 .bss           0x00000000        0x0 .\CortexM0\ARM_GCC_541\Debug\Lab2.a(Pin_Yellow.o)
 .text.Pin_Yellow_SetDriveMode
                0x00000000       0x18 .\CortexM0\ARM_GCC_541\Debug\Lab2.a(Pin_Yellow.o)
 .text.Pin_Yellow_Read
                0x00000000       0x10 .\CortexM0\ARM_GCC_541\Debug\Lab2.a(Pin_Yellow.o)
 .text.Pin_Yellow_ReadDataReg
                0x00000000       0x10 .\CortexM0\ARM_GCC_541\Debug\Lab2.a(Pin_Yellow.o)
 .text.Pin_Yellow_SetInterruptMode
                0x00000000       0x14 .\CortexM0\ARM_GCC_541\Debug\Lab2.a(Pin_Yellow.o)
 .text.Pin_Yellow_ClearInterrupt
                0x00000000       0x14 .\CortexM0\ARM_GCC_541\Debug\Lab2.a(Pin_Yellow.o)
 .text          0x00000000        0x0 .\CortexM0\ARM_GCC_541\Debug\Lab2.a(Timer.o)
 .data          0x00000000        0x0 .\CortexM0\ARM_GCC_541\Debug\Lab2.a(Timer.o)
 .text.Timer_Stop
                0x00000000       0x1c .\CortexM0\ARM_GCC_541\Debug\Lab2.a(Timer.o)
 .text.Timer_SetMode
                0x00000000       0x28 .\CortexM0\ARM_GCC_541\Debug\Lab2.a(Timer.o)
 .text.Timer_SetQDMode
                0x00000000       0x28 .\CortexM0\ARM_GCC_541\Debug\Lab2.a(Timer.o)
 .text.Timer_SetPrescaler
                0x00000000       0x28 .\CortexM0\ARM_GCC_541\Debug\Lab2.a(Timer.o)
 .text.Timer_SetOneShot
                0x00000000       0x30 .\CortexM0\ARM_GCC_541\Debug\Lab2.a(Timer.o)
 .text.Timer_SetPWMMode
                0x00000000       0x10 .\CortexM0\ARM_GCC_541\Debug\Lab2.a(Timer.o)
 .text.Timer_SetPWMSyncKill
                0x00000000       0x28 .\CortexM0\ARM_GCC_541\Debug\Lab2.a(Timer.o)
 .text.Timer_SetPWMStopOnKill
                0x00000000       0x28 .\CortexM0\ARM_GCC_541\Debug\Lab2.a(Timer.o)
 .text.Timer_SetPWMDeadTime
                0x00000000       0x2c .\CortexM0\ARM_GCC_541\Debug\Lab2.a(Timer.o)
 .text.Timer_SetPWMInvert
                0x00000000       0x28 .\CortexM0\ARM_GCC_541\Debug\Lab2.a(Timer.o)
 .text.Timer_ReadCounter
                0x00000000       0x10 .\CortexM0\ARM_GCC_541\Debug\Lab2.a(Timer.o)
 .text.Timer_SetCounterMode
                0x00000000       0x28 .\CortexM0\ARM_GCC_541\Debug\Lab2.a(Timer.o)
 .text.Timer_ReadPeriod
                0x00000000       0x10 .\CortexM0\ARM_GCC_541\Debug\Lab2.a(Timer.o)
 .text.Timer_SetCompareSwap
                0x00000000       0x24 .\CortexM0\ARM_GCC_541\Debug\Lab2.a(Timer.o)
 .text.Timer_WritePeriodBuf
                0x00000000       0x10 .\CortexM0\ARM_GCC_541\Debug\Lab2.a(Timer.o)
 .text.Timer_ReadPeriodBuf
                0x00000000       0x10 .\CortexM0\ARM_GCC_541\Debug\Lab2.a(Timer.o)
 .text.Timer_SetPeriodSwap
                0x00000000       0x28 .\CortexM0\ARM_GCC_541\Debug\Lab2.a(Timer.o)
 .text.Timer_WriteCompare
                0x00000000       0x10 .\CortexM0\ARM_GCC_541\Debug\Lab2.a(Timer.o)
 .text.Timer_ReadCompare
                0x00000000       0x10 .\CortexM0\ARM_GCC_541\Debug\Lab2.a(Timer.o)
 .text.Timer_WriteCompareBuf
                0x00000000       0x10 .\CortexM0\ARM_GCC_541\Debug\Lab2.a(Timer.o)
 .text.Timer_ReadCompareBuf
                0x00000000       0x10 .\CortexM0\ARM_GCC_541\Debug\Lab2.a(Timer.o)
 .text.Timer_ReadCapture
                0x00000000       0x10 .\CortexM0\ARM_GCC_541\Debug\Lab2.a(Timer.o)
 .text.Timer_ReadCaptureBuf
                0x00000000       0x10 .\CortexM0\ARM_GCC_541\Debug\Lab2.a(Timer.o)
 .text.Timer_SetCaptureMode
                0x00000000       0x24 .\CortexM0\ARM_GCC_541\Debug\Lab2.a(Timer.o)
 .text.Timer_SetReloadMode
                0x00000000       0x24 .\CortexM0\ARM_GCC_541\Debug\Lab2.a(Timer.o)
 .text.Timer_SetStartMode
                0x00000000       0x28 .\CortexM0\ARM_GCC_541\Debug\Lab2.a(Timer.o)
 .text.Timer_SetStopMode
                0x00000000       0x24 .\CortexM0\ARM_GCC_541\Debug\Lab2.a(Timer.o)
 .text.Timer_SetCountMode
                0x00000000       0x24 .\CortexM0\ARM_GCC_541\Debug\Lab2.a(Timer.o)
 .text.Timer_ReadStatus
                0x00000000       0x14 .\CortexM0\ARM_GCC_541\Debug\Lab2.a(Timer.o)
 .text.Timer_GetInterruptSourceMasked
                0x00000000        0xc .\CortexM0\ARM_GCC_541\Debug\Lab2.a(Timer.o)
 .text.Timer_GetInterruptSource
                0x00000000        0xc .\CortexM0\ARM_GCC_541\Debug\Lab2.a(Timer.o)
 .text.Timer_SetInterrupt
                0x00000000        0xc .\CortexM0\ARM_GCC_541\Debug\Lab2.a(Timer.o)
 .text          0x00000000        0x0 .\CortexM0\ARM_GCC_541\Debug\Lab2.a(Timer_Int.o)
 .data          0x00000000        0x0 .\CortexM0\ARM_GCC_541\Debug\Lab2.a(Timer_Int.o)
 .bss           0x00000000        0x0 .\CortexM0\ARM_GCC_541\Debug\Lab2.a(Timer_Int.o)
 .text.Timer_Int_Interrupt
                0x00000000        0x4 .\CortexM0\ARM_GCC_541\Debug\Lab2.a(Timer_Int.o)
 .text.Timer_Int_GetVector
                0x00000000        0xc .\CortexM0\ARM_GCC_541\Debug\Lab2.a(Timer_Int.o)
 .text.Timer_Int_GetPriority
                0x00000000        0xc .\CortexM0\ARM_GCC_541\Debug\Lab2.a(Timer_Int.o)
 .text.Timer_Int_GetState
                0x00000000       0x14 .\CortexM0\ARM_GCC_541\Debug\Lab2.a(Timer_Int.o)
 .text.Timer_Int_Start
                0x00000000       0x1c .\CortexM0\ARM_GCC_541\Debug\Lab2.a(Timer_Int.o)
 .text.Timer_Int_Stop
                0x00000000       0x14 .\CortexM0\ARM_GCC_541\Debug\Lab2.a(Timer_Int.o)
 .text.Timer_Int_SetPending
                0x00000000       0x10 .\CortexM0\ARM_GCC_541\Debug\Lab2.a(Timer_Int.o)
 .text.Timer_Int_ClearPending
                0x00000000       0x10 .\CortexM0\ARM_GCC_541\Debug\Lab2.a(Timer_Int.o)
 .text          0x00000000        0x0 .\CortexM0\ARM_GCC_541\Debug\Lab2.a(SW_Int.o)
 .data          0x00000000        0x0 .\CortexM0\ARM_GCC_541\Debug\Lab2.a(SW_Int.o)
 .bss           0x00000000        0x0 .\CortexM0\ARM_GCC_541\Debug\Lab2.a(SW_Int.o)
 .text.SW_Int_Interrupt
                0x00000000        0x4 .\CortexM0\ARM_GCC_541\Debug\Lab2.a(SW_Int.o)
 .text.SW_Int_GetVector
                0x00000000        0xc .\CortexM0\ARM_GCC_541\Debug\Lab2.a(SW_Int.o)
 .text.SW_Int_GetPriority
                0x00000000       0x10 .\CortexM0\ARM_GCC_541\Debug\Lab2.a(SW_Int.o)
 .text.SW_Int_GetState
                0x00000000       0x10 .\CortexM0\ARM_GCC_541\Debug\Lab2.a(SW_Int.o)
 .text.SW_Int_Start
                0x00000000       0x1c .\CortexM0\ARM_GCC_541\Debug\Lab2.a(SW_Int.o)
 .text.SW_Int_Stop
                0x00000000       0x14 .\CortexM0\ARM_GCC_541\Debug\Lab2.a(SW_Int.o)
 .text.SW_Int_SetPending
                0x00000000        0xc .\CortexM0\ARM_GCC_541\Debug\Lab2.a(SW_Int.o)
 .text.SW_Int_ClearPending
                0x00000000        0xc .\CortexM0\ARM_GCC_541\Debug\Lab2.a(SW_Int.o)
 .data          0x00000000        0x0 .\CortexM0\ARM_GCC_541\Debug\Lab2.a(CyBootAsmGnu.o)
 .bss           0x00000000        0x0 .\CortexM0\ARM_GCC_541\Debug\Lab2.a(CyBootAsmGnu.o)
 .text          0x00000000        0x0 .\CortexM0\ARM_GCC_541\Debug\Lab2.a(CyFlash.o)
 .data          0x00000000        0x0 .\CortexM0\ARM_GCC_541\Debug\Lab2.a(CyFlash.o)
 .bss           0x00000000        0x0 .\CortexM0\ARM_GCC_541\Debug\Lab2.a(CyFlash.o)
 .text.CySysFlashClockBackup
                0x00000000        0x4 .\CortexM0\ARM_GCC_541\Debug\Lab2.a(CyFlash.o)
 .text.CySysFlashClockRestore
                0x00000000        0x4 .\CortexM0\ARM_GCC_541\Debug\Lab2.a(CyFlash.o)
 .text.CySysFlashWriteRow
                0x00000000      0x124 .\CortexM0\ARM_GCC_541\Debug\Lab2.a(CyFlash.o)
 .text.CySysSFlashWriteUserRow
                0x00000000      0x110 .\CortexM0\ARM_GCC_541\Debug\Lab2.a(CyFlash.o)
 .text          0x00000000      0x114 c:/program files (x86)/cypress/psoc creator/4.2/psoc creator/import/gnu/arm/5.4.1/bin/../lib/gcc/arm-none-eabi/5.4.1/armv6-m\libgcc.a(_udivsi3.o)
 .data          0x00000000        0x0 c:/program files (x86)/cypress/psoc creator/4.2/psoc creator/import/gnu/arm/5.4.1/bin/../lib/gcc/arm-none-eabi/5.4.1/armv6-m\libgcc.a(_udivsi3.o)
 .bss           0x00000000        0x0 c:/program files (x86)/cypress/psoc creator/4.2/psoc creator/import/gnu/arm/5.4.1/bin/../lib/gcc/arm-none-eabi/5.4.1/armv6-m\libgcc.a(_udivsi3.o)
 .text          0x00000000      0x1d4 c:/program files (x86)/cypress/psoc creator/4.2/psoc creator/import/gnu/arm/5.4.1/bin/../lib/gcc/arm-none-eabi/5.4.1/armv6-m\libgcc.a(_divsi3.o)
 .data          0x00000000        0x0 c:/program files (x86)/cypress/psoc creator/4.2/psoc creator/import/gnu/arm/5.4.1/bin/../lib/gcc/arm-none-eabi/5.4.1/armv6-m\libgcc.a(_divsi3.o)
 .bss           0x00000000        0x0 c:/program files (x86)/cypress/psoc creator/4.2/psoc creator/import/gnu/arm/5.4.1/bin/../lib/gcc/arm-none-eabi/5.4.1/armv6-m\libgcc.a(_divsi3.o)
 .text          0x00000000        0x4 c:/program files (x86)/cypress/psoc creator/4.2/psoc creator/import/gnu/arm/5.4.1/bin/../lib/gcc/arm-none-eabi/5.4.1/armv6-m\libgcc.a(_dvmd_tls.o)
 .data          0x00000000        0x0 c:/program files (x86)/cypress/psoc creator/4.2/psoc creator/import/gnu/arm/5.4.1/bin/../lib/gcc/arm-none-eabi/5.4.1/armv6-m\libgcc.a(_dvmd_tls.o)
 .bss           0x00000000        0x0 c:/program files (x86)/cypress/psoc creator/4.2/psoc creator/import/gnu/arm/5.4.1/bin/../lib/gcc/arm-none-eabi/5.4.1/armv6-m\libgcc.a(_dvmd_tls.o)
 .text          0x00000000        0x0 c:/program files (x86)/cypress/psoc creator/4.2/psoc creator/import/gnu/arm/5.4.1/bin/../lib/gcc/arm-none-eabi/5.4.1/../../../../arm-none-eabi/lib/armv6-m\libg_nano.a(lib_a-errno.o)
 .data          0x00000000        0x0 c:/program files (x86)/cypress/psoc creator/4.2/psoc creator/import/gnu/arm/5.4.1/bin/../lib/gcc/arm-none-eabi/5.4.1/../../../../arm-none-eabi/lib/armv6-m\libg_nano.a(lib_a-errno.o)
 .bss           0x00000000        0x0 c:/program files (x86)/cypress/psoc creator/4.2/psoc creator/import/gnu/arm/5.4.1/bin/../lib/gcc/arm-none-eabi/5.4.1/../../../../arm-none-eabi/lib/armv6-m\libg_nano.a(lib_a-errno.o)
 .text          0x00000000        0x0 c:/program files (x86)/cypress/psoc creator/4.2/psoc creator/import/gnu/arm/5.4.1/bin/../lib/gcc/arm-none-eabi/5.4.1/../../../../arm-none-eabi/lib/armv6-m\libg_nano.a(lib_a-exit.o)
 .data          0x00000000        0x0 c:/program files (x86)/cypress/psoc creator/4.2/psoc creator/import/gnu/arm/5.4.1/bin/../lib/gcc/arm-none-eabi/5.4.1/../../../../arm-none-eabi/lib/armv6-m\libg_nano.a(lib_a-exit.o)
 .bss           0x00000000        0x0 c:/program files (x86)/cypress/psoc creator/4.2/psoc creator/import/gnu/arm/5.4.1/bin/../lib/gcc/arm-none-eabi/5.4.1/../../../../arm-none-eabi/lib/armv6-m\libg_nano.a(lib_a-exit.o)
 .text.exit     0x00000000       0x2c c:/program files (x86)/cypress/psoc creator/4.2/psoc creator/import/gnu/arm/5.4.1/bin/../lib/gcc/arm-none-eabi/5.4.1/../../../../arm-none-eabi/lib/armv6-m\libg_nano.a(lib_a-exit.o)
 .text          0x00000000        0x0 c:/program files (x86)/cypress/psoc creator/4.2/psoc creator/import/gnu/arm/5.4.1/bin/../lib/gcc/arm-none-eabi/5.4.1/../../../../arm-none-eabi/lib/armv6-m\libg_nano.a(lib_a-impure.o)
 .data          0x00000000        0x0 c:/program files (x86)/cypress/psoc creator/4.2/psoc creator/import/gnu/arm/5.4.1/bin/../lib/gcc/arm-none-eabi/5.4.1/../../../../arm-none-eabi/lib/armv6-m\libg_nano.a(lib_a-impure.o)
 .bss           0x00000000        0x0 c:/program files (x86)/cypress/psoc creator/4.2/psoc creator/import/gnu/arm/5.4.1/bin/../lib/gcc/arm-none-eabi/5.4.1/../../../../arm-none-eabi/lib/armv6-m\libg_nano.a(lib_a-impure.o)
 .rodata._global_impure_ptr
                0x00000000        0x4 c:/program files (x86)/cypress/psoc creator/4.2/psoc creator/import/gnu/arm/5.4.1/bin/../lib/gcc/arm-none-eabi/5.4.1/../../../../arm-none-eabi/lib/armv6-m\libg_nano.a(lib_a-impure.o)
 .text          0x00000000        0x0 c:/program files (x86)/cypress/psoc creator/4.2/psoc creator/import/gnu/arm/5.4.1/bin/../lib/gcc/arm-none-eabi/5.4.1/../../../../arm-none-eabi/lib/armv6-m\libg_nano.a(lib_a-init.o)
 .data          0x00000000        0x0 c:/program files (x86)/cypress/psoc creator/4.2/psoc creator/import/gnu/arm/5.4.1/bin/../lib/gcc/arm-none-eabi/5.4.1/../../../../arm-none-eabi/lib/armv6-m\libg_nano.a(lib_a-init.o)
 .bss           0x00000000        0x0 c:/program files (x86)/cypress/psoc creator/4.2/psoc creator/import/gnu/arm/5.4.1/bin/../lib/gcc/arm-none-eabi/5.4.1/../../../../arm-none-eabi/lib/armv6-m\libg_nano.a(lib_a-init.o)
 .text          0x00000000        0x0 c:/program files (x86)/cypress/psoc creator/4.2/psoc creator/import/gnu/arm/5.4.1/bin/../lib/gcc/arm-none-eabi/5.4.1/../../../../arm-none-eabi/lib/armv6-m\libg_nano.a(lib_a-memcpy-stub.o)
 .data          0x00000000        0x0 c:/program files (x86)/cypress/psoc creator/4.2/psoc creator/import/gnu/arm/5.4.1/bin/../lib/gcc/arm-none-eabi/5.4.1/../../../../arm-none-eabi/lib/armv6-m\libg_nano.a(lib_a-memcpy-stub.o)
 .bss           0x00000000        0x0 c:/program files (x86)/cypress/psoc creator/4.2/psoc creator/import/gnu/arm/5.4.1/bin/../lib/gcc/arm-none-eabi/5.4.1/../../../../arm-none-eabi/lib/armv6-m\libg_nano.a(lib_a-memcpy-stub.o)
 .text.memcpy   0x00000000       0x12 c:/program files (x86)/cypress/psoc creator/4.2/psoc creator/import/gnu/arm/5.4.1/bin/../lib/gcc/arm-none-eabi/5.4.1/../../../../arm-none-eabi/lib/armv6-m\libg_nano.a(lib_a-memcpy-stub.o)
 .text          0x00000000        0x0 c:/program files (x86)/cypress/psoc creator/4.2/psoc creator/import/gnu/arm/5.4.1/bin/../lib/gcc/arm-none-eabi/5.4.1/../../../../arm-none-eabi/lib/armv6-m\libg_nano.a(lib_a-memset.o)
 .data          0x00000000        0x0 c:/program files (x86)/cypress/psoc creator/4.2/psoc creator/import/gnu/arm/5.4.1/bin/../lib/gcc/arm-none-eabi/5.4.1/../../../../arm-none-eabi/lib/armv6-m\libg_nano.a(lib_a-memset.o)
 .bss           0x00000000        0x0 c:/program files (x86)/cypress/psoc creator/4.2/psoc creator/import/gnu/arm/5.4.1/bin/../lib/gcc/arm-none-eabi/5.4.1/../../../../arm-none-eabi/lib/armv6-m\libg_nano.a(lib_a-memset.o)
 .text          0x00000000        0x0 c:/program files (x86)/cypress/psoc creator/4.2/psoc creator/import/gnu/arm/5.4.1/bin/../lib/gcc/arm-none-eabi/5.4.1/armv6-m/crtend.o
 .data          0x00000000        0x0 c:/program files (x86)/cypress/psoc creator/4.2/psoc creator/import/gnu/arm/5.4.1/bin/../lib/gcc/arm-none-eabi/5.4.1/armv6-m/crtend.o
 .bss           0x00000000        0x0 c:/program files (x86)/cypress/psoc creator/4.2/psoc creator/import/gnu/arm/5.4.1/bin/../lib/gcc/arm-none-eabi/5.4.1/armv6-m/crtend.o
 .text          0x00000000        0x0 c:/program files (x86)/cypress/psoc creator/4.2/psoc creator/import/gnu/arm/5.4.1/bin/../lib/gcc/arm-none-eabi/5.4.1/armv6-m/crtn.o
 .data          0x00000000        0x0 c:/program files (x86)/cypress/psoc creator/4.2/psoc creator/import/gnu/arm/5.4.1/bin/../lib/gcc/arm-none-eabi/5.4.1/armv6-m/crtn.o
 .bss           0x00000000        0x0 c:/program files (x86)/cypress/psoc creator/4.2/psoc creator/import/gnu/arm/5.4.1/bin/../lib/gcc/arm-none-eabi/5.4.1/armv6-m/crtn.o

Memory Configuration

Name             Origin             Length             Attributes
rom              0x00000000         0x00020000         xr
ram              0x20000000         0x00004000         xrw
*default*        0x00000000         0xffffffff

Linker script and memory map

LOAD c:/program files (x86)/cypress/psoc creator/4.2/psoc creator/import/gnu/arm/5.4.1/bin/../lib/gcc/arm-none-eabi/5.4.1/armv6-m/crti.o
LOAD c:/program files (x86)/cypress/psoc creator/4.2/psoc creator/import/gnu/arm/5.4.1/bin/../lib/gcc/arm-none-eabi/5.4.1/armv6-m/crtbegin.o
LOAD c:/program files (x86)/cypress/psoc creator/4.2/psoc creator/import/gnu/arm/5.4.1/bin/../lib/gcc/arm-none-eabi/5.4.1/../../../../arm-none-eabi/lib/armv6-m/crt0.o
START GROUP
LOAD .\CortexM0\ARM_GCC_541\Debug\main.o
LOAD .\CortexM0\ARM_GCC_541\Debug\cyfitter_cfg.o
LOAD .\CortexM0\ARM_GCC_541\Debug\cymetadata.o
LOAD .\CortexM0\ARM_GCC_541\Debug\Cm0Start.o
LOAD .\CortexM0\ARM_GCC_541\Debug\Lab2.a
END GROUP
START GROUP
LOAD c:/program files (x86)/cypress/psoc creator/4.2/psoc creator/import/gnu/arm/5.4.1/bin/../lib/gcc/arm-none-eabi/5.4.1/armv6-m\libgcc.a
LOAD c:/program files (x86)/cypress/psoc creator/4.2/psoc creator/import/gnu/arm/5.4.1/bin/../lib/gcc/arm-none-eabi/5.4.1/../../../../arm-none-eabi/lib/armv6-m\libg_nano.a
LOAD c:/program files (x86)/cypress/psoc creator/4.2/psoc creator/import/gnu/arm/5.4.1/bin/../lib/gcc/arm-none-eabi/5.4.1/../../../../arm-none-eabi/lib/armv6-m\libc_nano.a
END GROUP
START GROUP
LOAD c:/program files (x86)/cypress/psoc creator/4.2/psoc creator/import/gnu/arm/5.4.1/bin/../lib/gcc/arm-none-eabi/5.4.1/armv6-m\libgcc.a
LOAD c:/program files (x86)/cypress/psoc creator/4.2/psoc creator/import/gnu/arm/5.4.1/bin/../lib/gcc/arm-none-eabi/5.4.1/../../../../arm-none-eabi/lib/armv6-m\libc_nano.a
END GROUP
LOAD c:/program files (x86)/cypress/psoc creator/4.2/psoc creator/import/gnu/arm/5.4.1/bin/../lib/gcc/arm-none-eabi/5.4.1/armv6-m/crtend.o
LOAD c:/program files (x86)/cypress/psoc creator/4.2/psoc creator/import/gnu/arm/5.4.1/bin/../lib/gcc/arm-none-eabi/5.4.1/armv6-m/crtn.o
START GROUP
LOAD c:/program files (x86)/cypress/psoc creator/4.2/psoc creator/import/gnu/arm/5.4.1/bin/../lib/gcc/arm-none-eabi/5.4.1/armv6-m\libgcc.a
LOAD c:/program files (x86)/cypress/psoc creator/4.2/psoc creator/import/gnu/arm/5.4.1/bin/../lib/gcc/arm-none-eabi/5.4.1/../../../../arm-none-eabi/lib/armv6-m\libc.a
LOAD c:/program files (x86)/cypress/psoc creator/4.2/psoc creator/import/gnu/arm/5.4.1/bin/../lib/gcc/arm-none-eabi/5.4.1/../../../../arm-none-eabi/lib/armv6-m\libnosys.a
END GROUP
                0x00000000                CY_APPL_ORIGIN = 0x0
                0x00000080                CY_FLASH_ROW_SIZE = 0x80
                0x00000001                CY_APPL_NUM = 0x1
                0x00000001                CY_APPL_MAX = 0x1
                0x00000040                CY_METADATA_SIZE = 0x40
                0x00000000                CY_APPL_LOADABLE = 0x0
                0x00000000                CY_CHECKSUM_EXCLUDE_SIZE = ALIGN (0x0, CY_FLASH_ROW_SIZE)
                0x00000000                CY_APP_FOR_STACK_AND_COPIER = 0x0
                [!provide]                PROVIDE (__cy_heap_start, _end)
                0x00000001                PROVIDE (__cy_region_num, ((__cy_regions_end - __cy_regions) / 0x10))
                0x20004000                PROVIDE (__cy_stack, (ORIGIN (ram) + LENGTH (ram)))
                [!provide]                PROVIDE (__cy_heap_end, (__cy_stack - 0x800))

.cybootloader   0x00000000        0x0
 *(.cybootloader)
                0x00000000                appl1_start = CY_APPL_ORIGIN?CY_APPL_ORIGIN:ALIGN (CY_FLASH_ROW_SIZE)
                0x0000ff80                appl2_start = (appl1_start + ALIGN ((((LENGTH (rom) - appl1_start) - (0x2 * CY_FLASH_ROW_SIZE)) / 0x2), CY_FLASH_ROW_SIZE))
                0x00000000                appl_start = (CY_APPL_NUM == 0x1)?appl1_start:appl2_start
                0x00000001                cy_project_type_bootloader = (appl_start == 0x0)?0x1:0x0
                0x00000000                cy_project_type_app_for_stack_and_copier = (CY_APP_FOR_STACK_AND_COPIER == 0x1)?0x1:0x0

.text           0x00000000      0xa74
 CREATE_OBJECT_SYMBOLS
                0x00000000                PROVIDE (__cy_interrupt_vector, RomVectors)
 *(.romvectors)
 .romvectors    0x00000000       0x10 .\CortexM0\ARM_GCC_541\Debug\Cm0Start.o
                0x00000000                RomVectors
                0x00000001                ASSERT ((. != __cy_interrupt_vector), No interrupt vector)
                0x00000001                ASSERT (CY_APPL_ORIGIN?(SIZEOF (.cybootloader) <= CY_APPL_ORIGIN):0x1, Wrong image location)
                0x00000010                PROVIDE (__cy_reset, Reset)
 *(.text.Reset)
 .text.Reset    0x00000010        0x8 .\CortexM0\ARM_GCC_541\Debug\Cm0Start.o
                0x00000010                Reset
                0x00000001                ASSERT ((. != __cy_reset), No reset code)
 *(.psocinit)
 .psocinit      0x00000018      0x120 .\CortexM0\ARM_GCC_541\Debug\cyfitter_cfg.o
                0x00000094                cyfitter_cfg
                0x00000138                . = MAX (., 0x100)
 *(.text .text.* .gnu.linkonce.t.*)
 .text          0x00000138       0x60 c:/program files (x86)/cypress/psoc creator/4.2/psoc creator/import/gnu/arm/5.4.1/bin/../lib/gcc/arm-none-eabi/5.4.1/armv6-m/crtbegin.o
 .text.Timer_Handler
                0x00000198       0x18 .\CortexM0\ARM_GCC_541\Debug\main.o
                0x00000198                Timer_Handler
 .text.SW_Handler
                0x000001b0       0x18 .\CortexM0\ARM_GCC_541\Debug\main.o
                0x000001b0                SW_Handler
 .text.algorithm_1
                0x000001c8       0x8c .\CortexM0\ARM_GCC_541\Debug\main.o
                0x000001c8                algorithm_1
 .text.algorithm_2
                0x00000254       0x8c .\CortexM0\ARM_GCC_541\Debug\main.o
                0x00000254                algorithm_2
 .text.main     0x000002e0       0x50 .\CortexM0\ARM_GCC_541\Debug\main.o
                0x000002e0                main
 .text.AnalogSetDefault
                0x00000330       0x20 .\CortexM0\ARM_GCC_541\Debug\cyfitter_cfg.o
 .text.CYMEMZERO
                0x00000350        0xc .\CortexM0\ARM_GCC_541\Debug\cyfitter_cfg.o
 .text.IntDefaultHandler
                0x0000035c       0x10 .\CortexM0\ARM_GCC_541\Debug\Cm0Start.o
                0x0000035c                IntDefaultHandler
 .text.Start_c  0x0000036c       0x48 .\CortexM0\ARM_GCC_541\Debug\Cm0Start.o
                0x0000036c                Start_c
 .text.initialize_psoc
                0x000003b4       0x4c .\CortexM0\ARM_GCC_541\Debug\Cm0Start.o
                0x000003b4                initialize_psoc
 .text.CySysClkImoDisableWcoLock
                0x00000400       0x54 .\CortexM0\ARM_GCC_541\Debug\Lab2.a(CyLib.o)
                0x00000400                CySysClkImoDisableWcoLock
 .text.CySysClkImoGetWcoLock
                0x00000454       0x14 .\CortexM0\ARM_GCC_541\Debug\Lab2.a(CyLib.o)
                0x00000454                CySysClkImoGetWcoLock
 .text.CyIntEnable
                0x00000468       0x14 .\CortexM0\ARM_GCC_541\Debug\Lab2.a(CyLib.o)
                0x00000468                CyIntEnable
 .text.CyHalt   0x0000047c        0x4 .\CortexM0\ARM_GCC_541\Debug\Lab2.a(CyLib.o)
                0x0000047c                CyHalt
 .text.CyIntSetVector
                0x00000480       0x24 .\CortexM0\ARM_GCC_541\Debug\Lab2.a(CyLib.o)
                0x00000480                CyIntSetVector
 .text.CyDelay  0x000004a4       0x30 .\CortexM0\ARM_GCC_541\Debug\Lab2.a(CyLib.o)
                0x000004a4                CyDelay
 .text.CySysClkImoEnableWcoLock
                0x000004d4       0xf4 .\CortexM0\ARM_GCC_541\Debug\Lab2.a(CyLib.o)
                0x000004d4                CySysClkImoEnableWcoLock
 .text.CySysClkWriteImoFreq
                0x000005c8       0x80 .\CortexM0\ARM_GCC_541\Debug\Lab2.a(CyLib.o)
                0x000005c8                CySysClkWriteImoFreq
 .text.CySysWdtLocked
                0x00000648       0x14 .\CortexM0\ARM_GCC_541\Debug\Lab2.a(CyLFClk.o)
 .text.CySysClkWcoEnabled
                0x0000065c       0x14 .\CortexM0\ARM_GCC_541\Debug\Lab2.a(CyLFClk.o)
                0x0000065c                CySysClkWcoEnabled
 .text.CySysWdtLock
                0x00000670       0x1c .\CortexM0\ARM_GCC_541\Debug\Lab2.a(CyLFClk.o)
                0x00000670                CySysWdtLock
 .text.CySysWdtUnlock
                0x0000068c       0x30 .\CortexM0\ARM_GCC_541\Debug\Lab2.a(CyLFClk.o)
                0x0000068c                CySysWdtUnlock
 .text.CySysWdtClearInterrupt
                0x000006bc       0x4c .\CortexM0\ARM_GCC_541\Debug\Lab2.a(CyLFClk.o)
                0x000006bc                CySysWdtClearInterrupt
 .text.CySysWdtIsr
                0x00000708       0xa4 .\CortexM0\ARM_GCC_541\Debug\Lab2.a(CyLFClk.o)
                0x00000708                CySysWdtIsr
 .text.Pin_Green_Write
                0x000007ac       0x18 .\CortexM0\ARM_GCC_541\Debug\Lab2.a(Pin_Green.o)
                0x000007ac                Pin_Green_Write
 .text.SW_ClearInterrupt
                0x000007c4       0x14 .\CortexM0\ARM_GCC_541\Debug\Lab2.a(SW.o)
                0x000007c4                SW_ClearInterrupt
 .text.Pin_Red_Write
                0x000007d8       0x18 .\CortexM0\ARM_GCC_541\Debug\Lab2.a(Pin_Red.o)
                0x000007d8                Pin_Red_Write
 .text.Pin_Yellow_Write
                0x000007f0       0x18 .\CortexM0\ARM_GCC_541\Debug\Lab2.a(Pin_Yellow.o)
                0x000007f0                Pin_Yellow_Write
 .text.Timer_WriteCounter
                0x00000808       0x10 .\CortexM0\ARM_GCC_541\Debug\Lab2.a(Timer.o)
                0x00000808                Timer_WriteCounter
 .text.Timer_WritePeriod
                0x00000818       0x10 .\CortexM0\ARM_GCC_541\Debug\Lab2.a(Timer.o)
                0x00000818                Timer_WritePeriod
 .text.Timer_TriggerCommand
                0x00000828       0x1c .\CortexM0\ARM_GCC_541\Debug\Lab2.a(Timer.o)
                0x00000828                Timer_TriggerCommand
 .text.Timer_Enable
                0x00000844       0x24 .\CortexM0\ARM_GCC_541\Debug\Lab2.a(Timer.o)
                0x00000844                Timer_Enable
 .text.Timer_SetInterruptMode
                0x00000868        0xc .\CortexM0\ARM_GCC_541\Debug\Lab2.a(Timer.o)
                0x00000868                Timer_SetInterruptMode
 .text.Timer_Init
                0x00000874       0x30 .\CortexM0\ARM_GCC_541\Debug\Lab2.a(Timer.o)
                0x00000874                Timer_Init
 .text.Timer_Start
                0x000008a4       0x20 .\CortexM0\ARM_GCC_541\Debug\Lab2.a(Timer.o)
                0x000008a4                Timer_Start
 .text.Timer_ClearInterrupt
                0x000008c4        0xc .\CortexM0\ARM_GCC_541\Debug\Lab2.a(Timer.o)
                0x000008c4                Timer_ClearInterrupt
 .text.Timer_Int_SetVector
                0x000008d0        0xc .\CortexM0\ARM_GCC_541\Debug\Lab2.a(Timer_Int.o)
                0x000008d0                Timer_Int_SetVector
 .text.Timer_Int_SetPriority
                0x000008dc       0x20 .\CortexM0\ARM_GCC_541\Debug\Lab2.a(Timer_Int.o)
                0x000008dc                Timer_Int_SetPriority
 .text.Timer_Int_Enable
                0x000008fc       0x10 .\CortexM0\ARM_GCC_541\Debug\Lab2.a(Timer_Int.o)
                0x000008fc                Timer_Int_Enable
 .text.Timer_Int_Disable
                0x0000090c       0x10 .\CortexM0\ARM_GCC_541\Debug\Lab2.a(Timer_Int.o)
                0x0000090c                Timer_Int_Disable
 .text.Timer_Int_StartEx
                0x0000091c       0x1c .\CortexM0\ARM_GCC_541\Debug\Lab2.a(Timer_Int.o)
                0x0000091c                Timer_Int_StartEx
 .text.SW_Int_SetVector
                0x00000938        0xc .\CortexM0\ARM_GCC_541\Debug\Lab2.a(SW_Int.o)
                0x00000938                SW_Int_SetVector
 .text.SW_Int_SetPriority
                0x00000944       0x20 .\CortexM0\ARM_GCC_541\Debug\Lab2.a(SW_Int.o)
                0x00000944                SW_Int_SetPriority
 .text.SW_Int_Enable
                0x00000964        0xc .\CortexM0\ARM_GCC_541\Debug\Lab2.a(SW_Int.o)
                0x00000964                SW_Int_Enable
 .text.SW_Int_Disable
                0x00000970        0xc .\CortexM0\ARM_GCC_541\Debug\Lab2.a(SW_Int.o)
                0x00000970                SW_Int_Disable
 .text.SW_Int_StartEx
                0x0000097c       0x1c .\CortexM0\ARM_GCC_541\Debug\Lab2.a(SW_Int.o)
                0x0000097c                SW_Int_StartEx
 .text          0x00000998       0x20 .\CortexM0\ARM_GCC_541\Debug\Lab2.a(CyBootAsmGnu.o)
                0x00000998                CyDelayCycles
                0x000009aa                CyEnterCriticalSection
                0x000009b2                CyExitCriticalSection
 .text.CySysFlashSetWaitCycles
                0x000009b8       0x54 .\CortexM0\ARM_GCC_541\Debug\Lab2.a(CyFlash.o)
                0x000009b8                CySysFlashSetWaitCycles
 .text.__errno  0x00000a0c        0xc c:/program files (x86)/cypress/psoc creator/4.2/psoc creator/import/gnu/arm/5.4.1/bin/../lib/gcc/arm-none-eabi/5.4.1/../../../../arm-none-eabi/lib/armv6-m\libg_nano.a(lib_a-errno.o)
                0x00000a0c                __errno
 .text.__libc_init_array
                0x00000a18       0x4c c:/program files (x86)/cypress/psoc creator/4.2/psoc creator/import/gnu/arm/5.4.1/bin/../lib/gcc/arm-none-eabi/5.4.1/../../../../arm-none-eabi/lib/armv6-m\libg_nano.a(lib_a-init.o)
                0x00000a18                __libc_init_array
 .text.memset   0x00000a64       0x10 c:/program files (x86)/cypress/psoc creator/4.2/psoc creator/import/gnu/arm/5.4.1/bin/../lib/gcc/arm-none-eabi/5.4.1/../../../../arm-none-eabi/lib/armv6-m\libg_nano.a(lib_a-memset.o)
                0x00000a64                memset
 *(.plt)
 *(.gnu.warning)
 *(.glue_7t)
 .glue_7t       0x00000a74        0x0 linker stubs
 *(.glue_7)
 .glue_7        0x00000a74        0x0 linker stubs
 *(.vfp11_veneer)
 .vfp11_veneer  0x00000a74        0x0 linker stubs
 *(.bootloader)
 *(.ARM.extab* .gnu.linkonce.armextab.*)
 *(.gcc_except_table)

.v4_bx          0x00000a74        0x0
 .v4_bx         0x00000a74        0x0 linker stubs

.iplt           0x00000a74        0x0
 .iplt          0x00000a74        0x0 c:/program files (x86)/cypress/psoc creator/4.2/psoc creator/import/gnu/arm/5.4.1/bin/../lib/gcc/arm-none-eabi/5.4.1/armv6-m/crtbegin.o

.eh_frame_hdr
 *(.eh_frame_hdr)

.eh_frame       0x00000a74        0x4
 *(.eh_frame)
 .eh_frame      0x00000a74        0x0 c:/program files (x86)/cypress/psoc creator/4.2/psoc creator/import/gnu/arm/5.4.1/bin/../lib/gcc/arm-none-eabi/5.4.1/armv6-m/crtbegin.o
 .eh_frame      0x00000a74        0x4 c:/program files (x86)/cypress/psoc creator/4.2/psoc creator/import/gnu/arm/5.4.1/bin/../lib/gcc/arm-none-eabi/5.4.1/armv6-m/crtend.o
                [!provide]                PROVIDE (__exidx_start, .)

.ARM.exidx
 *(.ARM.exidx* .gnu.linkonce.armexidx.*)
                0x00000a78                __exidx_end = .

.rodata         0x00000a78       0x70
 *(.rodata .rodata.* .gnu.linkonce.r.*)
 .rodata        0x00000a78        0xc .\CortexM0\ARM_GCC_541\Debug\cyfitter_cfg.o
 .rodata        0x00000a84       0x2e .\CortexM0\ARM_GCC_541\Debug\Lab2.a(CyLib.o)
                0x00000a84                cyImoFreqMhz2Reg
 .rodata.str1.1
                0x00000ab2        0x2 c:/program files (x86)/cypress/psoc creator/4.2/psoc creator/import/gnu/arm/5.4.1/bin/../lib/gcc/arm-none-eabi/5.4.1/../../../../arm-none-eabi/lib/armv6-m\libg_nano.a(lib_a-impure.o)
                0x00000ab4                . = ALIGN (0x4)
 *(.init)
 .init          0x00000ab4        0x4 c:/program files (x86)/cypress/psoc creator/4.2/psoc creator/import/gnu/arm/5.4.1/bin/../lib/gcc/arm-none-eabi/5.4.1/armv6-m/crti.o
                0x00000ab4                _init
 .init          0x00000ab8        0x8 c:/program files (x86)/cypress/psoc creator/4.2/psoc creator/import/gnu/arm/5.4.1/bin/../lib/gcc/arm-none-eabi/5.4.1/armv6-m/crtn.o
                0x00000ac0                . = ALIGN (0x4)
                0x00000ac0                __preinit_array_start = .
 *(.preinit_array)
                0x00000ac0                __preinit_array_end = .
                0x00000ac0                . = ALIGN (0x4)
                0x00000ac0                __init_array_start = .
 *(SORT(.init_array.*))
 *(.init_array)
 .init_array    0x00000ac0        0x4 c:/program files (x86)/cypress/psoc creator/4.2/psoc creator/import/gnu/arm/5.4.1/bin/../lib/gcc/arm-none-eabi/5.4.1/armv6-m/crtbegin.o
 .init_array    0x00000ac4        0x4 .\CortexM0\ARM_GCC_541\Debug\Cm0Start.o
                0x00000ac8                __init_array_end = .
                0x00000ac8                . = ALIGN (0x4)
 *(.fini)
 .fini          0x00000ac8        0x4 c:/program files (x86)/cypress/psoc creator/4.2/psoc creator/import/gnu/arm/5.4.1/bin/../lib/gcc/arm-none-eabi/5.4.1/armv6-m/crti.o
                0x00000ac8                _fini
 .fini          0x00000acc        0x8 c:/program files (x86)/cypress/psoc creator/4.2/psoc creator/import/gnu/arm/5.4.1/bin/../lib/gcc/arm-none-eabi/5.4.1/armv6-m/crtn.o
                0x00000ad4                . = ALIGN (0x4)
                0x00000ad4                __fini_array_start = .
 *(.fini_array)
 .fini_array    0x00000ad4        0x4 c:/program files (x86)/cypress/psoc creator/4.2/psoc creator/import/gnu/arm/5.4.1/bin/../lib/gcc/arm-none-eabi/5.4.1/armv6-m/crtbegin.o
 *(SORT(.fini_array.*))
                0x00000ad8                __fini_array_end = .
                0x00000ad8                . = ALIGN (0x4)
 *crtbegin.o(.ctors)
 *(EXCLUDE_FILE(*crtend.o) .ctors)
 *(SORT(.ctors.*))
 *crtend.o(.ctors)
                0x00000ad8                . = ALIGN (0x4)
 *crtbegin.o(.dtors)
 *(EXCLUDE_FILE(*crtend.o) .dtors)
 *(SORT(.dtors.*))
 *crtend.o(.dtors)
                0x00000ad8                . = ALIGN (0x4)
                0x00000ad8                __cy_regions = .
                0x00000ad8        0x4 LONG 0xae8 __cy_region_init_ram
                0x00000adc        0x4 LONG 0x200000c0 __cy_region_start_data
                0x00000ae0        0x4 LONG 0x88 __cy_region_init_size_ram
                0x00000ae4        0x4 LONG 0x50 __cy_region_zero_size_ram
                0x00000ae8                __cy_regions_end = .
                0x00000ae8                . = ALIGN (0x8)
                0x00000ae8                _etext = .

.cy_checksum_exclude
                0x00000ae8        0x0
 *(.cy_checksum_exclude)

.ramvectors     0x20000000       0xc0
                0x20000000                __cy_region_start_ram = .
 *(.ramvectors)
 .ramvectors    0x20000000       0xc0 .\CortexM0\ARM_GCC_541\Debug\Cm0Start.o
                0x20000000                CyRamVectors

.noinit
 *(.noinit)

.data           0x200000c0       0x88 load address 0x00000ae8
                0x200000c0                __cy_region_start_data = .
 *(.jcr)
 .jcr           0x200000c0        0x0 c:/program files (x86)/cypress/psoc creator/4.2/psoc creator/import/gnu/arm/5.4.1/bin/../lib/gcc/arm-none-eabi/5.4.1/armv6-m/crtbegin.o
 .jcr           0x200000c0        0x4 c:/program files (x86)/cypress/psoc creator/4.2/psoc creator/import/gnu/arm/5.4.1/bin/../lib/gcc/arm-none-eabi/5.4.1/armv6-m/crtend.o
 *(.got.plt)
 *(.got)
 *(.shdata)
 *(.data .data.* .gnu.linkonce.d.*)
 .data          0x200000c4        0x4 .\CortexM0\ARM_GCC_541\Debug\main.o
                0x200000c4                number_algorithm
 .data          0x200000c8       0x14 .\CortexM0\ARM_GCC_541\Debug\Lab2.a(CyLib.o)
                0x200000c8                CySysClkPumpConfig
                0x200000cc                cydelay32kMs
                0x200000d0                cydelayFreqKhz
                0x200000d4                cydelayFreqMhz
                0x200000d8                cydelayFreqHz
 .data          0x200000dc        0x8 .\CortexM0\ARM_GCC_541\Debug\Lab2.a(CyLFClk.o)
 .data.impure_data
                0x200000e4       0x60 c:/program files (x86)/cypress/psoc creator/4.2/psoc creator/import/gnu/arm/5.4.1/bin/../lib/gcc/arm-none-eabi/5.4.1/../../../../arm-none-eabi/lib/armv6-m\libg_nano.a(lib_a-impure.o)
 .data._impure_ptr
                0x20000144        0x4 c:/program files (x86)/cypress/psoc creator/4.2/psoc creator/import/gnu/arm/5.4.1/bin/../lib/gcc/arm-none-eabi/5.4.1/../../../../arm-none-eabi/lib/armv6-m\libg_nano.a(lib_a-impure.o)
                0x20000144                _impure_ptr
                0x20000148                . = ALIGN (0x8)
 *(.ram)
                0x20000148                _edata = .

.igot.plt       0x20000148        0x0 load address 0x00000b70
 .igot.plt      0x20000148        0x0 c:/program files (x86)/cypress/psoc creator/4.2/psoc creator/import/gnu/arm/5.4.1/bin/../lib/gcc/arm-none-eabi/5.4.1/armv6-m/crtbegin.o

.bss            0x20000148       0x50 load address 0x00000b70
                0x20000148                PROVIDE (__bss_start__, .)
 *(.shbss)
 *(.bss .bss.* .gnu.linkonce.b.*)
 .bss           0x20000148       0x1c c:/program files (x86)/cypress/psoc creator/4.2/psoc creator/import/gnu/arm/5.4.1/bin/../lib/gcc/arm-none-eabi/5.4.1/armv6-m/crtbegin.o
 .bss           0x20000164        0x4 .\CortexM0\ARM_GCC_541\Debug\main.o
                0x20000164                time
 .bss           0x20000168       0x28 .\CortexM0\ARM_GCC_541\Debug\Lab2.a(CyLFClk.o)
 .bss           0x20000190        0x1 .\CortexM0\ARM_GCC_541\Debug\Lab2.a(Timer.o)
                0x20000190                Timer_initVar
 *(COMMON)
                0x20000198                . = ALIGN (0x8)
 *fill*         0x20000191        0x7 
 *(.ram.b)
                0x20000198                _end = .
                0x20000198                __end = .
                0x20000198                PROVIDE (end, .)
                0x20000198                PROVIDE (__bss_end__, .)
                0x00000ae8                __cy_region_init_ram = LOADADDR (.data)
                0x00000088                __cy_region_init_size_ram = (_edata - ADDR (.data))
                0x00000050                __cy_region_zero_size_ram = (_end - _edata)

.heap           0x20000198       0x80 load address 0x00000b70
                0x20000198                . = _end
                0x20000218                . = (. + 0x80)
 *fill*         0x20000198       0x80 
                0x20000218                __cy_heap_limit = .

.stack          0x20003800      0x800
                0x20003800                __cy_stack_limit = .
                0x20004000                . = (. + 0x800)
 *fill*         0x20003800      0x800 
                0x00000001                ASSERT ((__cy_stack_limit >= __cy_heap_limit), region RAM overflowed with stack)
                0x00000000                cy_checksum_exclude_size = (CY_APPL_LOADABLE == 0x1)?SIZEOF (.cy_checksum_exclude):0x0
                0x00000001                ASSERT ((cy_checksum_exclude_size <= CY_CHECKSUM_EXCLUDE_SIZE), CY_BOOT: Section .cy_checksum_exclude size exceedes specified limit.)
                0x0001ffc0                cyloadermeta_start = (cy_project_type_bootloader || cy_project_type_app_for_stack_and_copier)?(LENGTH (rom) - CY_METADATA_SIZE):0xf0000000

.cyloadermeta
 *(.cyloadermeta)
                0x0001ffc0                cyloadablemeta_start = cy_project_type_app_for_stack_and_copier?((LENGTH (rom) - CY_FLASH_ROW_SIZE) - CY_METADATA_SIZE):((LENGTH (rom) - (CY_FLASH_ROW_SIZE * (CY_APPL_NUM - 0x1))) - CY_METADATA_SIZE)

.cyloadablemeta
 *(.cyloadablemeta)

.cyflashprotect
                0x90400000       0x80
 *(.cyflashprotect)
 .cyflashprotect
                0x90400000       0x80 .\CortexM0\ARM_GCC_541\Debug\cymetadata.o
                0x90400000                cy_meta_flashprotect

.cymeta         0x90500000        0xc
 *(.cymeta)
 .cymeta        0x90500000        0xc .\CortexM0\ARM_GCC_541\Debug\cymetadata.o
                0x90500000                cy_metadata

.cychipprotect  0x90600000        0x1
 *(.cychipprotect)
 .cychipprotect
                0x90600000        0x1 .\CortexM0\ARM_GCC_541\Debug\cymetadata.o
                0x90600000                cy_meta_chipprotect

.rel.dyn        0x00000b70        0x0 load address 0x90600004
 .rel.iplt      0x00000b70        0x0 c:/program files (x86)/cypress/psoc creator/4.2/psoc creator/import/gnu/arm/5.4.1/bin/../lib/gcc/arm-none-eabi/5.4.1/armv6-m/crtbegin.o

.stab
 *(.stab)

.stabstr
 *(.stabstr)

.debug
 *(.debug)

.line
 *(.line)

.debug_srcinfo
 *(.debug_srcinfo)

.debug_sfnames
 *(.debug_sfnames)

.debug_aranges  0x00000000      0x800
 *(.debug_aranges)
 .debug_aranges
                0x00000000       0x40 .\CortexM0\ARM_GCC_541\Debug\main.o
 .debug_aranges
                0x00000040       0x38 .\CortexM0\ARM_GCC_541\Debug\cyfitter_cfg.o
 .debug_aranges
                0x00000078       0x18 .\CortexM0\ARM_GCC_541\Debug\cymetadata.o
 .debug_aranges
                0x00000090       0x48 .\CortexM0\ARM_GCC_541\Debug\Cm0Start.o
 .debug_aranges
                0x000000d8      0x1c8 .\CortexM0\ARM_GCC_541\Debug\Lab2.a(CyLib.o)
 .debug_aranges
                0x000002a0      0x188 .\CortexM0\ARM_GCC_541\Debug\Lab2.a(CyLFClk.o)
 .debug_aranges
                0x00000428       0x48 .\CortexM0\ARM_GCC_541\Debug\Lab2.a(Pin_Green.o)
 .debug_aranges
                0x00000470       0x48 .\CortexM0\ARM_GCC_541\Debug\Lab2.a(SW.o)
 .debug_aranges
                0x000004b8       0x48 .\CortexM0\ARM_GCC_541\Debug\Lab2.a(Pin_Red.o)
 .debug_aranges
                0x00000500       0x48 .\CortexM0\ARM_GCC_541\Debug\Lab2.a(Pin_Yellow.o)
 .debug_aranges
                0x00000548      0x158 .\CortexM0\ARM_GCC_541\Debug\Lab2.a(Timer.o)
 .debug_aranges
                0x000006a0       0x80 .\CortexM0\ARM_GCC_541\Debug\Lab2.a(Timer_Int.o)
 .debug_aranges
                0x00000720       0x80 .\CortexM0\ARM_GCC_541\Debug\Lab2.a(SW_Int.o)
 .debug_aranges
                0x000007a0       0x20 .\CortexM0\ARM_GCC_541\Debug\Lab2.a(CyBootAsmGnu.o)
 .debug_aranges
                0x000007c0       0x40 .\CortexM0\ARM_GCC_541\Debug\Lab2.a(CyFlash.o)

.debug_pubnames
 *(.debug_pubnames)

.debug_info     0x00000000     0x4184
 *(.debug_info .gnu.linkonce.wi.*)
 .debug_info    0x00000000      0x389 .\CortexM0\ARM_GCC_541\Debug\main.o
 .debug_info    0x00000389      0x295 .\CortexM0\ARM_GCC_541\Debug\cyfitter_cfg.o
 .debug_info    0x0000061e       0xf8 .\CortexM0\ARM_GCC_541\Debug\cymetadata.o
 .debug_info    0x00000716      0x3a2 .\CortexM0\ARM_GCC_541\Debug\Cm0Start.o
 .debug_info    0x00000ab8      0xd3f .\CortexM0\ARM_GCC_541\Debug\Lab2.a(CyLib.o)
 .debug_info    0x000017f7     0x1058 .\CortexM0\ARM_GCC_541\Debug\Lab2.a(CyLFClk.o)
 .debug_info    0x0000284f      0x19d .\CortexM0\ARM_GCC_541\Debug\Lab2.a(Pin_Green.o)
 .debug_info    0x000029ec      0x19d .\CortexM0\ARM_GCC_541\Debug\Lab2.a(SW.o)
 .debug_info    0x00002b89      0x19d .\CortexM0\ARM_GCC_541\Debug\Lab2.a(Pin_Red.o)
 .debug_info    0x00002d26      0x19d .\CortexM0\ARM_GCC_541\Debug\Lab2.a(Pin_Yellow.o)
 .debug_info    0x00002ec3      0x8f6 .\CortexM0\ARM_GCC_541\Debug\Lab2.a(Timer.o)
 .debug_info    0x000037b9      0x305 .\CortexM0\ARM_GCC_541\Debug\Lab2.a(Timer_Int.o)
 .debug_info    0x00003abe      0x305 .\CortexM0\ARM_GCC_541\Debug\Lab2.a(SW_Int.o)
 .debug_info    0x00003dc3       0x71 .\CortexM0\ARM_GCC_541\Debug\Lab2.a(CyBootAsmGnu.o)
 .debug_info    0x00003e34      0x350 .\CortexM0\ARM_GCC_541\Debug\Lab2.a(CyFlash.o)

.debug_abbrev   0x00000000     0x11d6
 *(.debug_abbrev)
 .debug_abbrev  0x00000000       0xd9 .\CortexM0\ARM_GCC_541\Debug\main.o
 .debug_abbrev  0x000000d9      0x166 .\CortexM0\ARM_GCC_541\Debug\cyfitter_cfg.o
 .debug_abbrev  0x0000023f       0x5d .\CortexM0\ARM_GCC_541\Debug\cymetadata.o
 .debug_abbrev  0x0000029c      0x1d7 .\CortexM0\ARM_GCC_541\Debug\Cm0Start.o
 .debug_abbrev  0x00000473      0x218 .\CortexM0\ARM_GCC_541\Debug\Lab2.a(CyLib.o)
 .debug_abbrev  0x0000068b      0x248 .\CortexM0\ARM_GCC_541\Debug\Lab2.a(CyLFClk.o)
 .debug_abbrev  0x000008d3       0xc8 .\CortexM0\ARM_GCC_541\Debug\Lab2.a(Pin_Green.o)
 .debug_abbrev  0x0000099b       0xc8 .\CortexM0\ARM_GCC_541\Debug\Lab2.a(SW.o)
 .debug_abbrev  0x00000a63       0xc8 .\CortexM0\ARM_GCC_541\Debug\Lab2.a(Pin_Red.o)
 .debug_abbrev  0x00000b2b       0xc8 .\CortexM0\ARM_GCC_541\Debug\Lab2.a(Pin_Yellow.o)
 .debug_abbrev  0x00000bf3      0x119 .\CortexM0\ARM_GCC_541\Debug\Lab2.a(Timer.o)
 .debug_abbrev  0x00000d0c      0x19a .\CortexM0\ARM_GCC_541\Debug\Lab2.a(Timer_Int.o)
 .debug_abbrev  0x00000ea6      0x19a .\CortexM0\ARM_GCC_541\Debug\Lab2.a(SW_Int.o)
 .debug_abbrev  0x00001040       0x14 .\CortexM0\ARM_GCC_541\Debug\Lab2.a(CyBootAsmGnu.o)
 .debug_abbrev  0x00001054      0x182 .\CortexM0\ARM_GCC_541\Debug\Lab2.a(CyFlash.o)

.debug_line     0x00000000     0x1c2d
 *(.debug_line)
 .debug_line    0x00000000      0x148 .\CortexM0\ARM_GCC_541\Debug\main.o
 .debug_line    0x00000148      0x147 .\CortexM0\ARM_GCC_541\Debug\cyfitter_cfg.o
 .debug_line    0x0000028f      0x141 .\CortexM0\ARM_GCC_541\Debug\cymetadata.o
 .debug_line    0x000003d0      0x236 .\CortexM0\ARM_GCC_541\Debug\Cm0Start.o
 .debug_line    0x00000606      0x563 .\CortexM0\ARM_GCC_541\Debug\Lab2.a(CyLib.o)
 .debug_line    0x00000b69      0x5d1 .\CortexM0\ARM_GCC_541\Debug\Lab2.a(CyLFClk.o)
 .debug_line    0x0000113a       0xc1 .\CortexM0\ARM_GCC_541\Debug\Lab2.a(Pin_Green.o)
 .debug_line    0x000011fb       0xba .\CortexM0\ARM_GCC_541\Debug\Lab2.a(SW.o)
 .debug_line    0x000012b5       0xbf .\CortexM0\ARM_GCC_541\Debug\Lab2.a(Pin_Red.o)
 .debug_line    0x00001374       0xc2 .\CortexM0\ARM_GCC_541\Debug\Lab2.a(Pin_Yellow.o)
 .debug_line    0x00001436      0x379 .\CortexM0\ARM_GCC_541\Debug\Lab2.a(Timer.o)
 .debug_line    0x000017af      0x155 .\CortexM0\ARM_GCC_541\Debug\Lab2.a(Timer_Int.o)
 .debug_line    0x00001904      0x14e .\CortexM0\ARM_GCC_541\Debug\Lab2.a(SW_Int.o)
 .debug_line    0x00001a52       0x68 .\CortexM0\ARM_GCC_541\Debug\Lab2.a(CyBootAsmGnu.o)
 .debug_line    0x00001aba      0x173 .\CortexM0\ARM_GCC_541\Debug\Lab2.a(CyFlash.o)

.debug_frame    0x00000000     0x1408
 *(.debug_frame)
 .debug_frame   0x00000000       0x9c .\CortexM0\ARM_GCC_541\Debug\main.o
 .debug_frame   0x0000009c       0x74 .\CortexM0\ARM_GCC_541\Debug\cyfitter_cfg.o
 .debug_frame   0x00000110       0xbc .\CortexM0\ARM_GCC_541\Debug\Cm0Start.o
 .debug_frame   0x000001cc      0x48c .\CortexM0\ARM_GCC_541\Debug\Lab2.a(CyLib.o)
 .debug_frame   0x00000658      0x4a4 .\CortexM0\ARM_GCC_541\Debug\Lab2.a(CyLFClk.o)
 .debug_frame   0x00000afc       0x70 .\CortexM0\ARM_GCC_541\Debug\Lab2.a(Pin_Green.o)
 .debug_frame   0x00000b6c       0x70 .\CortexM0\ARM_GCC_541\Debug\Lab2.a(SW.o)
 .debug_frame   0x00000bdc       0x70 .\CortexM0\ARM_GCC_541\Debug\Lab2.a(Pin_Red.o)
 .debug_frame   0x00000c4c       0x70 .\CortexM0\ARM_GCC_541\Debug\Lab2.a(Pin_Yellow.o)
 .debug_frame   0x00000cbc      0x3a0 .\CortexM0\ARM_GCC_541\Debug\Lab2.a(Timer.o)
 .debug_frame   0x0000105c      0x110 .\CortexM0\ARM_GCC_541\Debug\Lab2.a(Timer_Int.o)
 .debug_frame   0x0000116c      0x110 .\CortexM0\ARM_GCC_541\Debug\Lab2.a(SW_Int.o)
 .debug_frame   0x0000127c       0x90 .\CortexM0\ARM_GCC_541\Debug\Lab2.a(CyFlash.o)
 .debug_frame   0x0000130c       0x20 c:/program files (x86)/cypress/psoc creator/4.2/psoc creator/import/gnu/arm/5.4.1/bin/../lib/gcc/arm-none-eabi/5.4.1/armv6-m\libgcc.a(_udivsi3.o)
 .debug_frame   0x0000132c       0x20 c:/program files (x86)/cypress/psoc creator/4.2/psoc creator/import/gnu/arm/5.4.1/bin/../lib/gcc/arm-none-eabi/5.4.1/armv6-m\libgcc.a(_divsi3.o)
 .debug_frame   0x0000134c       0x20 c:/program files (x86)/cypress/psoc creator/4.2/psoc creator/import/gnu/arm/5.4.1/bin/../lib/gcc/arm-none-eabi/5.4.1/../../../../arm-none-eabi/lib/armv6-m\libg_nano.a(lib_a-errno.o)
 .debug_frame   0x0000136c       0x28 c:/program files (x86)/cypress/psoc creator/4.2/psoc creator/import/gnu/arm/5.4.1/bin/../lib/gcc/arm-none-eabi/5.4.1/../../../../arm-none-eabi/lib/armv6-m\libg_nano.a(lib_a-exit.o)
 .debug_frame   0x00001394       0x2c c:/program files (x86)/cypress/psoc creator/4.2/psoc creator/import/gnu/arm/5.4.1/bin/../lib/gcc/arm-none-eabi/5.4.1/../../../../arm-none-eabi/lib/armv6-m\libg_nano.a(lib_a-init.o)
 .debug_frame   0x000013c0       0x28 c:/program files (x86)/cypress/psoc creator/4.2/psoc creator/import/gnu/arm/5.4.1/bin/../lib/gcc/arm-none-eabi/5.4.1/../../../../arm-none-eabi/lib/armv6-m\libg_nano.a(lib_a-memcpy-stub.o)
 .debug_frame   0x000013e8       0x20 c:/program files (x86)/cypress/psoc creator/4.2/psoc creator/import/gnu/arm/5.4.1/bin/../lib/gcc/arm-none-eabi/5.4.1/../../../../arm-none-eabi/lib/armv6-m\libg_nano.a(lib_a-memset.o)

.debug_str      0x00000000     0x1a12
 *(.debug_str)
 .debug_str     0x00000000      0x1f9 .\CortexM0\ARM_GCC_541\Debug\main.o
                                0x239 (size before relaxing)
 .debug_str     0x000001f9       0xcc .\CortexM0\ARM_GCC_541\Debug\cyfitter_cfg.o
                                0x23c (size before relaxing)
 .debug_str     0x000002c5       0x63 .\CortexM0\ARM_GCC_541\Debug\cymetadata.o
                                0x1a9 (size before relaxing)
 .debug_str     0x00000328      0x140 .\CortexM0\ARM_GCC_541\Debug\Cm0Start.o
                                0x2e2 (size before relaxing)
 .debug_str     0x00000468      0x617 .\CortexM0\ARM_GCC_541\Debug\Lab2.a(CyLib.o)
                                0x7de (size before relaxing)
 .debug_str     0x00000a7f      0x6f0 .\CortexM0\ARM_GCC_541\Debug\Lab2.a(CyLFClk.o)
                                0x8fe (size before relaxing)
 .debug_str     0x0000116f       0xb7 .\CortexM0\ARM_GCC_541\Debug\Lab2.a(Pin_Green.o)
                                0x233 (size before relaxing)
 .debug_str     0x00001226       0x60 .\CortexM0\ARM_GCC_541\Debug\Lab2.a(SW.o)
                                0x202 (size before relaxing)
 .debug_str     0x00001286       0x87 .\CortexM0\ARM_GCC_541\Debug\Lab2.a(Pin_Red.o)
                                0x225 (size before relaxing)
 .debug_str     0x0000130d       0x99 .\CortexM0\ARM_GCC_541\Debug\Lab2.a(Pin_Yellow.o)
                                0x23a (size before relaxing)
 .debug_str     0x000013a6      0x3c5 .\CortexM0\ARM_GCC_541\Debug\Lab2.a(Timer.o)
                                0x592 (size before relaxing)
 .debug_str     0x0000176b      0x11b .\CortexM0\ARM_GCC_541\Debug\Lab2.a(Timer_Int.o)
                                0x303 (size before relaxing)
 .debug_str     0x00001886       0xe5 .\CortexM0\ARM_GCC_541\Debug\Lab2.a(SW_Int.o)
                                0x2d9 (size before relaxing)
 .debug_str     0x0000196b       0xa7 .\CortexM0\ARM_GCC_541\Debug\Lab2.a(CyFlash.o)
                                0x291 (size before relaxing)

.debug_loc      0x00000000     0x21fe
 *(.debug_loc)
 .debug_loc     0x00000000       0xa9 .\CortexM0\ARM_GCC_541\Debug\cyfitter_cfg.o
 .debug_loc     0x000000a9      0x14f .\CortexM0\ARM_GCC_541\Debug\Cm0Start.o
 .debug_loc     0x000001f8      0x81c .\CortexM0\ARM_GCC_541\Debug\Lab2.a(CyLib.o)
 .debug_loc     0x00000a14      0xdb7 .\CortexM0\ARM_GCC_541\Debug\Lab2.a(CyLFClk.o)
 .debug_loc     0x000017cb       0xa2 .\CortexM0\ARM_GCC_541\Debug\Lab2.a(Pin_Green.o)
 .debug_loc     0x0000186d       0xa2 .\CortexM0\ARM_GCC_541\Debug\Lab2.a(SW.o)
 .debug_loc     0x0000190f       0xa2 .\CortexM0\ARM_GCC_541\Debug\Lab2.a(Pin_Red.o)
 .debug_loc     0x000019b1       0xa2 .\CortexM0\ARM_GCC_541\Debug\Lab2.a(Pin_Yellow.o)
 .debug_loc     0x00001a53      0x547 .\CortexM0\ARM_GCC_541\Debug\Lab2.a(Timer.o)
 .debug_loc     0x00001f9a       0x82 .\CortexM0\ARM_GCC_541\Debug\Lab2.a(Timer_Int.o)
 .debug_loc     0x0000201c       0x82 .\CortexM0\ARM_GCC_541\Debug\Lab2.a(SW_Int.o)
 .debug_loc     0x0000209e      0x160 .\CortexM0\ARM_GCC_541\Debug\Lab2.a(CyFlash.o)

.debug_macinfo
 *(.debug_macinfo)

.debug_ranges   0x00000000      0x6f8
 *(.debug_ranges)
 .debug_ranges  0x00000000       0x30 .\CortexM0\ARM_GCC_541\Debug\main.o
 .debug_ranges  0x00000030       0x28 .\CortexM0\ARM_GCC_541\Debug\cyfitter_cfg.o
 .debug_ranges  0x00000058       0x38 .\CortexM0\ARM_GCC_541\Debug\Cm0Start.o
 .debug_ranges  0x00000090      0x1b8 .\CortexM0\ARM_GCC_541\Debug\Lab2.a(CyLib.o)
 .debug_ranges  0x00000248      0x178 .\CortexM0\ARM_GCC_541\Debug\Lab2.a(CyLFClk.o)
 .debug_ranges  0x000003c0       0x38 .\CortexM0\ARM_GCC_541\Debug\Lab2.a(Pin_Green.o)
 .debug_ranges  0x000003f8       0x38 .\CortexM0\ARM_GCC_541\Debug\Lab2.a(SW.o)
 .debug_ranges  0x00000430       0x38 .\CortexM0\ARM_GCC_541\Debug\Lab2.a(Pin_Red.o)
 .debug_ranges  0x00000468       0x38 .\CortexM0\ARM_GCC_541\Debug\Lab2.a(Pin_Yellow.o)
 .debug_ranges  0x000004a0      0x148 .\CortexM0\ARM_GCC_541\Debug\Lab2.a(Timer.o)
 .debug_ranges  0x000005e8       0x70 .\CortexM0\ARM_GCC_541\Debug\Lab2.a(Timer_Int.o)
 .debug_ranges  0x00000658       0x70 .\CortexM0\ARM_GCC_541\Debug\Lab2.a(SW_Int.o)
 .debug_ranges  0x000006c8       0x30 .\CortexM0\ARM_GCC_541\Debug\Lab2.a(CyFlash.o)

.comment        0x00000000       0x6e
 .comment       0x00000000       0x6e .\CortexM0\ARM_GCC_541\Debug\main.o
                                 0x6f (size before relaxing)
 .comment       0x0000006e       0x6f .\CortexM0\ARM_GCC_541\Debug\cyfitter_cfg.o
 .comment       0x0000006e       0x6f .\CortexM0\ARM_GCC_541\Debug\cymetadata.o
 .comment       0x0000006e       0x6f .\CortexM0\ARM_GCC_541\Debug\Cm0Start.o
 .comment       0x0000006e       0x6f .\CortexM0\ARM_GCC_541\Debug\Lab2.a(CyLib.o)
 .comment       0x0000006e       0x6f .\CortexM0\ARM_GCC_541\Debug\Lab2.a(CyLFClk.o)
 .comment       0x0000006e       0x6f .\CortexM0\ARM_GCC_541\Debug\Lab2.a(Pin_Green.o)
 .comment       0x0000006e       0x6f .\CortexM0\ARM_GCC_541\Debug\Lab2.a(SW.o)
 .comment       0x0000006e       0x6f .\CortexM0\ARM_GCC_541\Debug\Lab2.a(Pin_Red.o)
 .comment       0x0000006e       0x6f .\CortexM0\ARM_GCC_541\Debug\Lab2.a(Pin_Yellow.o)
 .comment       0x0000006e       0x6f .\CortexM0\ARM_GCC_541\Debug\Lab2.a(Timer.o)
 .comment       0x0000006e       0x6f .\CortexM0\ARM_GCC_541\Debug\Lab2.a(Timer_Int.o)
 .comment       0x0000006e       0x6f .\CortexM0\ARM_GCC_541\Debug\Lab2.a(SW_Int.o)
 .comment       0x0000006e       0x6f .\CortexM0\ARM_GCC_541\Debug\Lab2.a(CyFlash.o)

.debug_weaknames
 *(.debug_weaknames)

.debug_funcnames
 *(.debug_funcnames)

.debug_typenames
 *(.debug_typenames)

.debug_varnames
 *(.debug_varnames)

.note.gnu.arm.ident
 *(.note.gnu.arm.ident)

.ARM.attributes
                0x00000000       0x28
 *(.ARM.attributes)
 .ARM.attributes
                0x00000000       0x1e c:/program files (x86)/cypress/psoc creator/4.2/psoc creator/import/gnu/arm/5.4.1/bin/../lib/gcc/arm-none-eabi/5.4.1/armv6-m/crti.o
 .ARM.attributes
                0x0000001e       0x2c c:/program files (x86)/cypress/psoc creator/4.2/psoc creator/import/gnu/arm/5.4.1/bin/../lib/gcc/arm-none-eabi/5.4.1/armv6-m/crtbegin.o
 .ARM.attributes
                0x0000004a       0x1b c:/program files (x86)/cypress/psoc creator/4.2/psoc creator/import/gnu/arm/5.4.1/bin/../lib/gcc/arm-none-eabi/5.4.1/../../../../arm-none-eabi/lib/armv6-m/crt0.o
 .ARM.attributes
                0x00000065       0x31 .\CortexM0\ARM_GCC_541\Debug\main.o
 .ARM.attributes
                0x00000096       0x31 .\CortexM0\ARM_GCC_541\Debug\cyfitter_cfg.o
 .ARM.attributes
                0x000000c7       0x31 .\CortexM0\ARM_GCC_541\Debug\cymetadata.o
 .ARM.attributes
                0x000000f8       0x31 .\CortexM0\ARM_GCC_541\Debug\Cm0Start.o
 .ARM.attributes
                0x00000129       0x31 .\CortexM0\ARM_GCC_541\Debug\Lab2.a(CyLib.o)
 .ARM.attributes
                0x0000015a       0x31 .\CortexM0\ARM_GCC_541\Debug\Lab2.a(CyLFClk.o)
 .ARM.attributes
                0x0000018b       0x31 .\CortexM0\ARM_GCC_541\Debug\Lab2.a(Pin_Green.o)
 .ARM.attributes
                0x000001bc       0x31 .\CortexM0\ARM_GCC_541\Debug\Lab2.a(SW.o)
 .ARM.attributes
                0x000001ed       0x31 .\CortexM0\ARM_GCC_541\Debug\Lab2.a(Pin_Red.o)
 .ARM.attributes
                0x0000021e       0x31 .\CortexM0\ARM_GCC_541\Debug\Lab2.a(Pin_Yellow.o)
 .ARM.attributes
                0x0000024f       0x31 .\CortexM0\ARM_GCC_541\Debug\Lab2.a(Timer.o)
 .ARM.attributes
                0x00000280       0x31 .\CortexM0\ARM_GCC_541\Debug\Lab2.a(Timer_Int.o)
 .ARM.attributes
                0x000002b1       0x31 .\CortexM0\ARM_GCC_541\Debug\Lab2.a(SW_Int.o)
 .ARM.attributes
                0x000002e2       0x21 .\CortexM0\ARM_GCC_541\Debug\Lab2.a(CyBootAsmGnu.o)
 .ARM.attributes
                0x00000303       0x31 .\CortexM0\ARM_GCC_541\Debug\Lab2.a(CyFlash.o)
 .ARM.attributes
                0x00000334       0x1e c:/program files (x86)/cypress/psoc creator/4.2/psoc creator/import/gnu/arm/5.4.1/bin/../lib/gcc/arm-none-eabi/5.4.1/armv6-m\libgcc.a(_udivsi3.o)
 .ARM.attributes
                0x00000352       0x1e c:/program files (x86)/cypress/psoc creator/4.2/psoc creator/import/gnu/arm/5.4.1/bin/../lib/gcc/arm-none-eabi/5.4.1/armv6-m\libgcc.a(_divsi3.o)
 .ARM.attributes
                0x00000370       0x1e c:/program files (x86)/cypress/psoc creator/4.2/psoc creator/import/gnu/arm/5.4.1/bin/../lib/gcc/arm-none-eabi/5.4.1/armv6-m\libgcc.a(_dvmd_tls.o)
 .ARM.attributes
                0x0000038e       0x2c c:/program files (x86)/cypress/psoc creator/4.2/psoc creator/import/gnu/arm/5.4.1/bin/../lib/gcc/arm-none-eabi/5.4.1/../../../../arm-none-eabi/lib/armv6-m\libg_nano.a(lib_a-errno.o)
 .ARM.attributes
                0x000003ba       0x2c c:/program files (x86)/cypress/psoc creator/4.2/psoc creator/import/gnu/arm/5.4.1/bin/../lib/gcc/arm-none-eabi/5.4.1/../../../../arm-none-eabi/lib/armv6-m\libg_nano.a(lib_a-exit.o)
 .ARM.attributes
                0x000003e6       0x2c c:/program files (x86)/cypress/psoc creator/4.2/psoc creator/import/gnu/arm/5.4.1/bin/../lib/gcc/arm-none-eabi/5.4.1/../../../../arm-none-eabi/lib/armv6-m\libg_nano.a(lib_a-impure.o)
 .ARM.attributes
                0x00000412       0x2c c:/program files (x86)/cypress/psoc creator/4.2/psoc creator/import/gnu/arm/5.4.1/bin/../lib/gcc/arm-none-eabi/5.4.1/../../../../arm-none-eabi/lib/armv6-m\libg_nano.a(lib_a-init.o)
 .ARM.attributes
                0x0000043e       0x2c c:/program files (x86)/cypress/psoc creator/4.2/psoc creator/import/gnu/arm/5.4.1/bin/../lib/gcc/arm-none-eabi/5.4.1/../../../../arm-none-eabi/lib/armv6-m\libg_nano.a(lib_a-memcpy-stub.o)
 .ARM.attributes
                0x0000046a       0x2c c:/program files (x86)/cypress/psoc creator/4.2/psoc creator/import/gnu/arm/5.4.1/bin/../lib/gcc/arm-none-eabi/5.4.1/../../../../arm-none-eabi/lib/armv6-m\libg_nano.a(lib_a-memset.o)
 .ARM.attributes
                0x00000496       0x2c c:/program files (x86)/cypress/psoc creator/4.2/psoc creator/import/gnu/arm/5.4.1/bin/../lib/gcc/arm-none-eabi/5.4.1/armv6-m/crtend.o
 .ARM.attributes
                0x000004c2       0x1e c:/program files (x86)/cypress/psoc creator/4.2/psoc creator/import/gnu/arm/5.4.1/bin/../lib/gcc/arm-none-eabi/5.4.1/armv6-m/crtn.o

/DISCARD/
 *(.note.GNU-stack)
OUTPUT(D:\Programming\PSoC\Lab\Lab2.cydsn\CortexM0\ARM_GCC_541\Debug\Lab2.elf elf32-littlearm)
