Archive member included to satisfy reference by file (symbol)

.\CortexM0\ARM_GCC_541\Debug\Lab5.a(Pin_1.o)
                              .\CortexM0\ARM_GCC_541\Debug\stage_rotor.o (Pin_1_Write)
.\CortexM0\ARM_GCC_541\Debug\Lab5.a(Pin_2.o)
                              .\CortexM0\ARM_GCC_541\Debug\stage_rotor.o (Pin_2_Write)
.\CortexM0\ARM_GCC_541\Debug\Lab5.a(CyLib.o)
                              .\CortexM0\ARM_GCC_541\Debug\cyfitter_cfg.o (CyIntEnable)
.\CortexM0\ARM_GCC_541\Debug\Lab5.a(CyLFClk.o)
                              .\CortexM0\ARM_GCC_541\Debug\Lab5.a(CyLib.o) (CySysClkWcoEnabled)
.\CortexM0\ARM_GCC_541\Debug\Lab5.a(SW_4.o)
                              .\CortexM0\ARM_GCC_541\Debug\algorithm.o (SW_4_ClearInterrupt)
.\CortexM0\ARM_GCC_541\Debug\Lab5.a(SW_3.o)
                              .\CortexM0\ARM_GCC_541\Debug\algorithm.o (SW_3_ClearInterrupt)
.\CortexM0\ARM_GCC_541\Debug\Lab5.a(SW_1.o)
                              .\CortexM0\ARM_GCC_541\Debug\algorithm.o (SW_1_ClearInterrupt)
.\CortexM0\ARM_GCC_541\Debug\Lab5.a(SW_2.o)
                              .\CortexM0\ARM_GCC_541\Debug\algorithm.o (SW_2_ClearInterrupt)
.\CortexM0\ARM_GCC_541\Debug\Lab5.a(Timer.o)
                              .\CortexM0\ARM_GCC_541\Debug\algorithm.o (Timer_WritePeriod)
.\CortexM0\ARM_GCC_541\Debug\Lab5.a(Timer_Int.o)
                              .\CortexM0\ARM_GCC_541\Debug\algorithm.o (Timer_Int_StartEx)
.\CortexM0\ARM_GCC_541\Debug\Lab5.a(LCD.o)
                              .\CortexM0\ARM_GCC_541\Debug\lcd_status_rotor.o (LCD_PrintString)
.\CortexM0\ARM_GCC_541\Debug\Lab5.a(QuadDec.o)
                              .\CortexM0\ARM_GCC_541\Debug\algorithm.o (QuadDec_WriteCounter)
.\CortexM0\ARM_GCC_541\Debug\Lab5.a(SW_Int_1.o)
                              .\CortexM0\ARM_GCC_541\Debug\algorithm.o (SW_Int_1_StartEx)
.\CortexM0\ARM_GCC_541\Debug\Lab5.a(SW_Int_2.o)
                              .\CortexM0\ARM_GCC_541\Debug\algorithm.o (SW_Int_2_StartEx)
.\CortexM0\ARM_GCC_541\Debug\Lab5.a(SW_Int_3.o)
                              .\CortexM0\ARM_GCC_541\Debug\algorithm.o (SW_Int_3_StartEx)
.\CortexM0\ARM_GCC_541\Debug\Lab5.a(SW_Int_4.o)
                              .\CortexM0\ARM_GCC_541\Debug\algorithm.o (SW_Int_4_StartEx)
.\CortexM0\ARM_GCC_541\Debug\Lab5.a(Pin_3.o)
                              .\CortexM0\ARM_GCC_541\Debug\stage_rotor.o (Pin_3_Write)
.\CortexM0\ARM_GCC_541\Debug\Lab5.a(Pin_4.o)
                              .\CortexM0\ARM_GCC_541\Debug\stage_rotor.o (Pin_4_Write)
.\CortexM0\ARM_GCC_541\Debug\Lab5.a(PWM.o)
                              .\CortexM0\ARM_GCC_541\Debug\algorithm.o (PWM_WriteCompare)
.\CortexM0\ARM_GCC_541\Debug\Lab5.a(Rotor.o)
                              .\CortexM0\ARM_GCC_541\Debug\algorithm.o (Rotor_Write)
.\CortexM0\ARM_GCC_541\Debug\Lab5.a(CyBootAsmGnu.o)
                              .\CortexM0\ARM_GCC_541\Debug\Lab5.a(CyLib.o) (CyDelayCycles)
.\CortexM0\ARM_GCC_541\Debug\Lab5.a(CyFlash.o)
                              .\CortexM0\ARM_GCC_541\Debug\Lab5.a(CyLib.o) (CySysFlashSetWaitCycles)
c:/program files (x86)/cypress/psoc creator/4.2/psoc creator/import/gnu/arm/5.4.1/bin/../lib/gcc/arm-none-eabi/5.4.1/armv6-m\libgcc.a(_udivsi3.o)
                              .\CortexM0\ARM_GCC_541\Debug\Lab5.a(CyLib.o) (__aeabi_uidiv)
c:/program files (x86)/cypress/psoc creator/4.2/psoc creator/import/gnu/arm/5.4.1/bin/../lib/gcc/arm-none-eabi/5.4.1/armv6-m\libgcc.a(_divsi3.o)
                              .\CortexM0\ARM_GCC_541\Debug\Lab5.a(CyLFClk.o) (__aeabi_idiv)
c:/program files (x86)/cypress/psoc creator/4.2/psoc creator/import/gnu/arm/5.4.1/bin/../lib/gcc/arm-none-eabi/5.4.1/armv6-m\libgcc.a(_dvmd_tls.o)
                              c:/program files (x86)/cypress/psoc creator/4.2/psoc creator/import/gnu/arm/5.4.1/bin/../lib/gcc/arm-none-eabi/5.4.1/armv6-m\libgcc.a(_udivsi3.o) (__aeabi_idiv0)
c:/program files (x86)/cypress/psoc creator/4.2/psoc creator/import/gnu/arm/5.4.1/bin/../lib/gcc/arm-none-eabi/5.4.1/../../../../arm-none-eabi/lib/armv6-m\libg_nano.a(lib_a-errno.o)
                              .\CortexM0\ARM_GCC_541\Debug\Cm0Start.o (__errno)
c:/program files (x86)/cypress/psoc creator/4.2/psoc creator/import/gnu/arm/5.4.1/bin/../lib/gcc/arm-none-eabi/5.4.1/../../../../arm-none-eabi/lib/armv6-m\libg_nano.a(lib_a-exit.o)
                              c:/program files (x86)/cypress/psoc creator/4.2/psoc creator/import/gnu/arm/5.4.1/bin/../lib/gcc/arm-none-eabi/5.4.1/../../../../arm-none-eabi/lib/armv6-m/crt0.o (exit)
c:/program files (x86)/cypress/psoc creator/4.2/psoc creator/import/gnu/arm/5.4.1/bin/../lib/gcc/arm-none-eabi/5.4.1/../../../../arm-none-eabi/lib/armv6-m\libg_nano.a(lib_a-impure.o)
                              c:/program files (x86)/cypress/psoc creator/4.2/psoc creator/import/gnu/arm/5.4.1/bin/../lib/gcc/arm-none-eabi/5.4.1/../../../../arm-none-eabi/lib/armv6-m\libg_nano.a(lib_a-exit.o) (_global_impure_ptr)
[...]
Memory Configuration

Name             Origin             Length             Attributes
rom              0x00000000         0x00020000         xr
ram              0x20000000         0x00004000         xrw
*default*        0x00000000         0xffffffff

Linker script and memory map

LOAD c:/program files (x86)/cypress/psoc creator/4.2/psoc creator/import/gnu/arm/5.4.1/bin/../lib/gcc/arm-none-eabi/5.4.1/armv6-m/crti.o
LOAD c:/program files (x86)/cypress/psoc creator/4.2/psoc creator/import/gnu/arm/5.4.1/bin/../lib/gcc/arm-none-eabi/5.4.1/armv6-m/crtbegin.o
LOAD c:/program files (x86)/cypress/psoc creator/4.2/psoc creator/import/gnu/arm/5.4.1/bin/../lib/gcc/arm-none-eabi/5.4.1/../../../../arm-none-eabi/lib/armv6-m/crt0.o
START GROUP
LOAD .\CortexM0\ARM_GCC_541\Debug\lcd_status_rotor.o
LOAD .\CortexM0\ARM_GCC_541\Debug\algorithm.o
LOAD .\CortexM0\ARM_GCC_541\Debug\protocol.o
LOAD .\CortexM0\ARM_GCC_541\Debug\stage_rotor.o
LOAD .\CortexM0\ARM_GCC_541\Debug\main.o
LOAD .\CortexM0\ARM_GCC_541\Debug\cyfitter_cfg.o
LOAD .\CortexM0\ARM_GCC_541\Debug\cymetadata.o
LOAD .\CortexM0\ARM_GCC_541\Debug\Cm0Start.o
LOAD .\CortexM0\ARM_GCC_541\Debug\Lab5.a
END GROUP
START GROUP
LOAD c:/program files (x86)/cypress/psoc creator/4.2/psoc creator/import/gnu/arm/5.4.1/bin/../lib/gcc/arm-none-eabi/5.4.1/armv6-m\libgcc.a
LOAD c:/program files (x86)/cypress/psoc creator/4.2/psoc creator/import/gnu/arm/5.4.1/bin/../lib/gcc/arm-none-eabi/5.4.1/../../../../arm-none-eabi/lib/armv6-m\libg_nano.a
LOAD c:/program files (x86)/cypress/psoc creator/4.2/psoc creator/import/gnu/arm/5.4.1/bin/../lib/gcc/arm-none-eabi/5.4.1/../../../../arm-none-eabi/lib/armv6-m\libc_nano.a
END GROUP
START GROUP
LOAD c:/program files (x86)/cypress/psoc creator/4.2/psoc creator/import/gnu/arm/5.4.1/bin/../lib/gcc/arm-none-eabi/5.4.1/armv6-m\libgcc.a
LOAD c:/program files (x86)/cypress/psoc creator/4.2/psoc creator/import/gnu/arm/5.4.1/bin/../lib/gcc/arm-none-eabi/5.4.1/../../../../arm-none-eabi/lib/armv6-m\libc_nano.a
END GROUP
LOAD c:/program files (x86)/cypress/psoc creator/4.2/psoc creator/import/gnu/arm/5.4.1/bin/../lib/gcc/arm-none-eabi/5.4.1/armv6-m/crtend.o
LOAD c:/program files (x86)/cypress/psoc creator/4.2/psoc creator/import/gnu/arm/5.4.1/bin/../lib/gcc/arm-none-eabi/5.4.1/armv6-m/crtn.o
START GROUP
LOAD c:/program files (x86)/cypress/psoc creator/4.2/psoc creator/import/gnu/arm/5.4.1/bin/../lib/gcc/arm-none-eabi/5.4.1/armv6-m\libgcc.a
LOAD c:/program files (x86)/cypress/psoc creator/4.2/psoc creator/import/gnu/arm/5.4.1/bin/../lib/gcc/arm-none-eabi/5.4.1/../../../../arm-none-eabi/lib/armv6-m\libc.a
LOAD c:/program files (x86)/cypress/psoc creator/4.2/psoc creator/import/gnu/arm/5.4.1/bin/../lib/gcc/arm-none-eabi/5.4.1/../../../../arm-none-eabi/lib/armv6-m\libnosys.a
END GROUP
                0x00000000                CY_APPL_ORIGIN = 0x0
                0x00000080                CY_FLASH_ROW_SIZE = 0x80
                0x00000001                CY_APPL_NUM = 0x1
                0x00000001                CY_APPL_MAX = 0x1
                0x00000040                CY_METADATA_SIZE = 0x40
                0x00000000                CY_APPL_LOADABLE = 0x0
                0x00000000                CY_CHECKSUM_EXCLUDE_SIZE = ALIGN (0x0, CY_FLASH_ROW_SIZE)
                0x00000000                CY_APP_FOR_STACK_AND_COPIER = 0x0
                [!provide]                PROVIDE (__cy_heap_start, _end)
                0x00000001                PROVIDE (__cy_region_num, ((__cy_regions_end - __cy_regions) / 0x10))
                0x20004000                PROVIDE (__cy_stack, (ORIGIN (ram) + LENGTH (ram)))
                [!provide]                PROVIDE (__cy_heap_end, (__cy_stack - 0x800))

.cybootloader   0x00000000        0x0
 *(.cybootloader)
                0x00000000                appl1_start = CY_APPL_ORIGIN?CY_APPL_ORIGIN:ALIGN (CY_FLASH_ROW_SIZE)
                0x0000ff80                appl2_start = (appl1_start + ALIGN ((((LENGTH (rom) - appl1_start) - (0x2 * CY_FLASH_ROW_SIZE)) / 0x2), CY_FLASH_ROW_SIZE))
                0x00000000                appl_start = (CY_APPL_NUM == 0x1)?appl1_start:appl2_start
                0x00000001                cy_project_type_bootloader = (appl_start == 0x0)?0x1:0x0
                0x00000000                cy_project_type_app_for_stack_and_copier = (CY_APP_FOR_STACK_AND_COPIER == 0x1)?0x1:0x0

.text           0x00000000     0x1c3e
 CREATE_OBJECT_SYMBOLS
                0x00000000                PROVIDE (__cy_interrupt_vector, RomVectors)
 *(.romvectors)
 .romvectors    0x00000000       0x10 .\CortexM0\ARM_GCC_541\Debug\Cm0Start.o
                0x00000000                RomVectors
                0x00000001                ASSERT ((. != __cy_interrupt_vector), No interrupt vector)
                0x00000001                ASSERT (CY_APPL_ORIGIN?(SIZEOF (.cybootloader) <= CY_APPL_ORIGIN):0x1, Wrong image location)
                0x00000010                PROVIDE (__cy_reset, Reset)
 *(.text.Reset)
 .text.Reset    0x00000010        0x8 .\CortexM0\ARM_GCC_541\Debug\Cm0Start.o
                0x00000010                Reset
                0x00000001                ASSERT ((. != __cy_reset), No reset code)
 *(.psocinit)
 .psocinit      0x00000018      0x25c .\CortexM0\ARM_GCC_541\Debug\cyfitter_cfg.o
                0x00000138                cyfitter_cfg
                0x00000274                . = MAX (., 0x100)
 *(.text .text.* .gnu.linkonce.t.*)
 .text          0x00000274       0x60 c:/program files (x86)/cypress/psoc creator/4.2/psoc creator/import/gnu/arm/5.4.1/bin/../lib/gcc/arm-none-eabi/5.4.1/armv6-m/crtbegin.o
 .text.lcd_stop
                0x000002d4       0x54 .\CortexM0\ARM_GCC_541\Debug\lcd_status_rotor.o
                0x000002d4                lcd_stop
 .text.lcd_forward_rotor
                0x00000328       0x58 .\CortexM0\ARM_GCC_541\Debug\lcd_status_rotor.o
                0x00000328                lcd_forward_rotor
 .text.lcd_back_rotor
                0x00000380       0x58 .\CortexM0\ARM_GCC_541\Debug\lcd_status_rotor.o
                0x00000380                lcd_back_rotor
 .text.definition_direction
                0x000003d8       0x20 .\CortexM0\ARM_GCC_541\Debug\lcd_status_rotor.o
                0x000003d8                definition_direction
 .text.Timer_Handler
                0x000003f8       0x24 .\CortexM0\ARM_GCC_541\Debug\algorithm.o
                0x000003f8                Timer_Handler
 .text.SW_1_Handler
                0x0000041c       0x14 .\CortexM0\ARM_GCC_541\Debug\algorithm.o
                0x0000041c                SW_1_Handler
 .text.SW_2_Handler
                0x00000430       0x14 .\CortexM0\ARM_GCC_541\Debug\algorithm.o
                0x00000430                SW_2_Handler
 .text.SW_3_Handler
                0x00000444       0x24 .\CortexM0\ARM_GCC_541\Debug\algorithm.o
                0x00000444                SW_3_Handler
 .text.SW_4_Handler
                0x00000468       0x2c .\CortexM0\ARM_GCC_541\Debug\algorithm.o
                0x00000468                SW_4_Handler
 .text.algorithm_init
                0x00000494       0x40 .\CortexM0\ARM_GCC_541\Debug\algorithm.o
                0x00000494                algorithm_init
 .text.enc_init
                0x000004d4       0x10 .\CortexM0\ARM_GCC_541\Debug\algorithm.o
                0x000004d4                enc_init
 .text.set_pwm  0x000004e4       0x30 .\CortexM0\ARM_GCC_541\Debug\algorithm.o
                0x000004e4                set_pwm
 .text.active_stage
                0x00000514       0x5c .\CortexM0\ARM_GCC_541\Debug\algorithm.o
                0x00000514                active_stage
 .text.algorithm_work_rotor
                0x00000570       0x18 .\CortexM0\ARM_GCC_541\Debug\algorithm.o
                0x00000570                algorithm_work_rotor
 .text.protocol_init
                0x00000588       0x10 .\CortexM0\ARM_GCC_541\Debug\protocol.o
                0x00000588                protocol_init
 .text.main     0x00000598       0x14 .\CortexM0\ARM_GCC_541\Debug\main.o
                0x00000598                main
 .text.cfg_write_bytes32
                0x000005ac       0x34 .\CortexM0\ARM_GCC_541\Debug\cyfitter_cfg.o
 .text.AnalogSetDefault
                0x000005e0       0x20 .\CortexM0\ARM_GCC_541\Debug\cyfitter_cfg.o
 .text.CYMEMZERO
                0x00000600        0xc .\CortexM0\ARM_GCC_541\Debug\cyfitter_cfg.o
 .text.IntDefaultHandler
                0x0000060c       0x10 .\CortexM0\ARM_GCC_541\Debug\Cm0Start.o
                0x0000060c                IntDefaultHandler
 .text._sbrk    0x0000061c       0x30 .\CortexM0\ARM_GCC_541\Debug\Cm0Start.o
                0x0000061c                _sbrk
 .text.Start_c  0x0000064c       0x48 .\CortexM0\ARM_GCC_541\Debug\Cm0Start.o
                0x0000064c                Start_c
 .text.initialize_psoc
                0x00000694       0x4c .\CortexM0\ARM_GCC_541\Debug\Cm0Start.o
                0x00000694                initialize_psoc
 .text.CySysClkImoDisableWcoLock
                0x000006e0       0x54 .\CortexM0\ARM_GCC_541\Debug\Lab5.a(CyLib.o)
                0x000006e0                CySysClkImoDisableWcoLock
 .text.CySysClkImoGetWcoLock
                0x00000734       0x14 .\CortexM0\ARM_GCC_541\Debug\Lab5.a(CyLib.o)
                0x00000734                CySysClkImoGetWcoLock
 .text.CyIntEnable
                0x00000748       0x14 .\CortexM0\ARM_GCC_541\Debug\Lab5.a(CyLib.o)
                0x00000748                CyIntEnable
 .text.CyHalt   0x0000075c        0x4 .\CortexM0\ARM_GCC_541\Debug\Lab5.a(CyLib.o)
                0x0000075c                CyHalt
 .text.CyIntSetVector
                0x00000760       0x24 .\CortexM0\ARM_GCC_541\Debug\Lab5.a(CyLib.o)
                0x00000760                CyIntSetVector
 .text.CyDelay  0x00000784       0x30 .\CortexM0\ARM_GCC_541\Debug\Lab5.a(CyLib.o)
                0x00000784                CyDelay
 .text.CySysClkImoEnableWcoLock
                0x000007b4       0xf4 .\CortexM0\ARM_GCC_541\Debug\Lab5.a(CyLib.o)
                0x000007b4                CySysClkImoEnableWcoLock
 .text.CySysClkWriteImoFreq
                0x000008a8       0x80 .\CortexM0\ARM_GCC_541\Debug\Lab5.a(CyLib.o)
                0x000008a8                CySysClkWriteImoFreq
 .text.CyDelayUs
                0x00000928       0x14 .\CortexM0\ARM_GCC_541\Debug\Lab5.a(CyLib.o)
                0x00000928                CyDelayUs
 .text.CySysWdtLocked
                0x0000093c       0x14 .\CortexM0\ARM_GCC_541\Debug\Lab5.a(CyLFClk.o)
 .text.CySysClkWcoEnabled
                0x00000950       0x14 .\CortexM0\ARM_GCC_541\Debug\Lab5.a(CyLFClk.o)
                0x00000950                CySysClkWcoEnabled
 .text.CySysWdtLock
                0x00000964       0x1c .\CortexM0\ARM_GCC_541\Debug\Lab5.a(CyLFClk.o)
                0x00000964                CySysWdtLock
 .text.CySysWdtUnlock
                0x00000980       0x30 .\CortexM0\ARM_GCC_541\Debug\Lab5.a(CyLFClk.o)
                0x00000980                CySysWdtUnlock
 .text.CySysWdtClearInterrupt
                0x000009b0       0x4c .\CortexM0\ARM_GCC_541\Debug\Lab5.a(CyLFClk.o)
                0x000009b0                CySysWdtClearInterrupt
 .text.CySysWdtIsr
                0x000009fc       0xa4 .\CortexM0\ARM_GCC_541\Debug\Lab5.a(CyLFClk.o)
                0x000009fc                CySysWdtIsr
 .text.SW_4_ClearInterrupt
                0x00000aa0       0x14 .\CortexM0\ARM_GCC_541\Debug\Lab5.a(SW_4.o)
                0x00000aa0                SW_4_ClearInterrupt
 .text.SW_3_ClearInterrupt
                0x00000ab4       0x14 .\CortexM0\ARM_GCC_541\Debug\Lab5.a(SW_3.o)
                0x00000ab4                SW_3_ClearInterrupt
 .text.SW_1_ClearInterrupt
                0x00000ac8       0x14 .\CortexM0\ARM_GCC_541\Debug\Lab5.a(SW_1.o)
                0x00000ac8                SW_1_ClearInterrupt
 .text.SW_2_ClearInterrupt
                0x00000adc       0x14 .\CortexM0\ARM_GCC_541\Debug\Lab5.a(SW_2.o)
                0x00000adc                SW_2_ClearInterrupt
 .text.Timer_WriteCounter
                0x00000af0       0x10 .\CortexM0\ARM_GCC_541\Debug\Lab5.a(Timer.o)
                0x00000af0                Timer_WriteCounter
 .text.Timer_WritePeriod
                0x00000b00       0x10 .\CortexM0\ARM_GCC_541\Debug\Lab5.a(Timer.o)
                0x00000b00                Timer_WritePeriod
 .text.Timer_TriggerCommand
                0x00000b10       0x1c .\CortexM0\ARM_GCC_541\Debug\Lab5.a(Timer.o)
                0x00000b10                Timer_TriggerCommand
 .text.Timer_Enable
                0x00000b2c       0x24 .\CortexM0\ARM_GCC_541\Debug\Lab5.a(Timer.o)
                0x00000b2c                Timer_Enable
 .text.Timer_SetInterruptMode
                0x00000b50        0xc .\CortexM0\ARM_GCC_541\Debug\Lab5.a(Timer.o)
                0x00000b50                Timer_SetInterruptMode
 .text.Timer_Init
                0x00000b5c       0x30 .\CortexM0\ARM_GCC_541\Debug\Lab5.a(Timer.o)
                0x00000b5c                Timer_Init
 .text.Timer_Start
                0x00000b8c       0x20 .\CortexM0\ARM_GCC_541\Debug\Lab5.a(Timer.o)
                0x00000b8c                Timer_Start
 .text.Timer_ClearInterrupt
                0x00000bac        0xc .\CortexM0\ARM_GCC_541\Debug\Lab5.a(Timer.o)
                0x00000bac                Timer_ClearInterrupt
 .text.Timer_Int_SetVector
                0x00000bb8        0xc .\CortexM0\ARM_GCC_541\Debug\Lab5.a(Timer_Int.o)
                0x00000bb8                Timer_Int_SetVector
 .text.Timer_Int_SetPriority
                0x00000bc4       0x24 .\CortexM0\ARM_GCC_541\Debug\Lab5.a(Timer_Int.o)
                0x00000bc4                Timer_Int_SetPriority
 .text.Timer_Int_Enable
                0x00000be8       0x10 .\CortexM0\ARM_GCC_541\Debug\Lab5.a(Timer_Int.o)
                0x00000be8                Timer_Int_Enable
 .text.Timer_Int_Disable
                0x00000bf8       0x10 .\CortexM0\ARM_GCC_541\Debug\Lab5.a(Timer_Int.o)
                0x00000bf8                Timer_Int_Disable
 .text.Timer_Int_StartEx
                0x00000c08       0x1c .\CortexM0\ARM_GCC_541\Debug\Lab5.a(Timer_Int.o)
                0x00000c08                Timer_Int_StartEx
 .text.LCD_WrCntrlNib
                0x00000c24       0x34 .\CortexM0\ARM_GCC_541\Debug\Lab5.a(LCD.o)
 .text.LCD_WrDatNib
                0x00000c58       0x44 .\CortexM0\ARM_GCC_541\Debug\Lab5.a(LCD.o)
 .text.LCD_IsReady
                0x00000c9c       0xb4 .\CortexM0\ARM_GCC_541\Debug\Lab5.a(LCD.o)
                0x00000c9c                LCD_IsReady
 .text.LCD_WriteData
                0x00000d50       0x18 .\CortexM0\ARM_GCC_541\Debug\Lab5.a(LCD.o)
                0x00000d50                LCD_WriteData
 .text.LCD_PrintString
                0x00000d68       0x1c .\CortexM0\ARM_GCC_541\Debug\Lab5.a(LCD.o)
                0x00000d68                LCD_PrintString
 .text.LCD_WriteControl
                0x00000d84       0x18 .\CortexM0\ARM_GCC_541\Debug\Lab5.a(LCD.o)
                0x00000d84                LCD_WriteControl
 .text.LCD_Init
                0x00000d9c       0x6c .\CortexM0\ARM_GCC_541\Debug\Lab5.a(LCD.o)
                0x00000d9c                LCD_Init
 .text.LCD_Enable
                0x00000e08       0x14 .\CortexM0\ARM_GCC_541\Debug\Lab5.a(LCD.o)
                0x00000e08                LCD_Enable
 .text.LCD_Start
                0x00000e1c       0x20 .\CortexM0\ARM_GCC_541\Debug\Lab5.a(LCD.o)
                0x00000e1c                LCD_Start
 .text.LCD_Position
                0x00000e3c       0x3c .\CortexM0\ARM_GCC_541\Debug\Lab5.a(LCD.o)
                0x00000e3c                LCD_Position
 .text.QuadDec_WriteCounter
                0x00000e78       0x10 .\CortexM0\ARM_GCC_541\Debug\Lab5.a(QuadDec.o)
                0x00000e78                QuadDec_WriteCounter
 .text.QuadDec_ReadCounter
                0x00000e88       0x10 .\CortexM0\ARM_GCC_541\Debug\Lab5.a(QuadDec.o)
                0x00000e88                QuadDec_ReadCounter
 .text.QuadDec_SetCounterMode
                0x00000e98       0x28 .\CortexM0\ARM_GCC_541\Debug\Lab5.a(QuadDec.o)
                0x00000e98                QuadDec_SetCounterMode
 .text.QuadDec_WritePeriod
                0x00000ec0       0x10 .\CortexM0\ARM_GCC_541\Debug\Lab5.a(QuadDec.o)
                0x00000ec0                QuadDec_WritePeriod
 .text.QuadDec_TriggerCommand
                0x00000ed0       0x1c .\CortexM0\ARM_GCC_541\Debug\Lab5.a(QuadDec.o)
                0x00000ed0                QuadDec_TriggerCommand
 .text.QuadDec_Enable
                0x00000eec       0x24 .\CortexM0\ARM_GCC_541\Debug\Lab5.a(QuadDec.o)
                0x00000eec                QuadDec_Enable
 .text.QuadDec_SetInterruptMode
                0x00000f10        0xc .\CortexM0\ARM_GCC_541\Debug\Lab5.a(QuadDec.o)
                0x00000f10                QuadDec_SetInterruptMode
 .text.QuadDec_Init
                0x00000f1c       0x3c .\CortexM0\ARM_GCC_541\Debug\Lab5.a(QuadDec.o)
                0x00000f1c                QuadDec_Init
 .text.QuadDec_Start
                0x00000f58       0x20 .\CortexM0\ARM_GCC_541\Debug\Lab5.a(QuadDec.o)
                0x00000f58                QuadDec_Start
 .text.SW_Int_1_SetVector
                0x00000f78        0xc .\CortexM0\ARM_GCC_541\Debug\Lab5.a(SW_Int_1.o)
                0x00000f78                SW_Int_1_SetVector
 .text.SW_Int_1_SetPriority
                0x00000f84       0x20 .\CortexM0\ARM_GCC_541\Debug\Lab5.a(SW_Int_1.o)
                0x00000f84                SW_Int_1_SetPriority
 .text.SW_Int_1_Enable
                0x00000fa4        0xc .\CortexM0\ARM_GCC_541\Debug\Lab5.a(SW_Int_1.o)
                0x00000fa4                SW_Int_1_Enable
 .text.SW_Int_1_Disable
                0x00000fb0        0xc .\CortexM0\ARM_GCC_541\Debug\Lab5.a(SW_Int_1.o)
                0x00000fb0                SW_Int_1_Disable
 .text.SW_Int_1_StartEx
                0x00000fbc       0x1c .\CortexM0\ARM_GCC_541\Debug\Lab5.a(SW_Int_1.o)
                0x00000fbc                SW_Int_1_StartEx
 .text.SW_Int_2_SetVector
                0x00000fd8        0xc .\CortexM0\ARM_GCC_541\Debug\Lab5.a(SW_Int_2.o)
                0x00000fd8                SW_Int_2_SetVector
 .text.SW_Int_2_SetPriority
                0x00000fe4       0x24 .\CortexM0\ARM_GCC_541\Debug\Lab5.a(SW_Int_2.o)
                0x00000fe4                SW_Int_2_SetPriority
 .text.SW_Int_2_Enable
                0x00001008        0xc .\CortexM0\ARM_GCC_541\Debug\Lab5.a(SW_Int_2.o)
                0x00001008                SW_Int_2_Enable
 .text.SW_Int_2_Disable
                0x00001014        0xc .\CortexM0\ARM_GCC_541\Debug\Lab5.a(SW_Int_2.o)
                0x00001014                SW_Int_2_Disable
 .text.SW_Int_2_StartEx
                0x00001020       0x1c .\CortexM0\ARM_GCC_541\Debug\Lab5.a(SW_Int_2.o)
                0x00001020                SW_Int_2_StartEx
 .text.SW_Int_3_SetVector
                0x0000103c        0xc .\CortexM0\ARM_GCC_541\Debug\Lab5.a(SW_Int_3.o)
                0x0000103c                SW_Int_3_SetVector
 .text.SW_Int_3_SetPriority
                0x00001048       0x24 .\CortexM0\ARM_GCC_541\Debug\Lab5.a(SW_Int_3.o)
                0x00001048                SW_Int_3_SetPriority
 .text.SW_Int_3_Enable
                0x0000106c        0xc .\CortexM0\ARM_GCC_541\Debug\Lab5.a(SW_Int_3.o)
                0x0000106c                SW_Int_3_Enable
 .text.SW_Int_3_Disable
                0x00001078        0xc .\CortexM0\ARM_GCC_541\Debug\Lab5.a(SW_Int_3.o)
                0x00001078                SW_Int_3_Disable
 .text.SW_Int_3_StartEx
                0x00001084       0x1c .\CortexM0\ARM_GCC_541\Debug\Lab5.a(SW_Int_3.o)
                0x00001084                SW_Int_3_StartEx
 .text.SW_Int_4_SetVector
                0x000010a0        0xc .\CortexM0\ARM_GCC_541\Debug\Lab5.a(SW_Int_4.o)
                0x000010a0                SW_Int_4_SetVector
 .text.SW_Int_4_SetPriority
                0x000010ac       0x20 .\CortexM0\ARM_GCC_541\Debug\Lab5.a(SW_Int_4.o)
                0x000010ac                SW_Int_4_SetPriority
 .text.SW_Int_4_Enable
                0x000010cc        0xc .\CortexM0\ARM_GCC_541\Debug\Lab5.a(SW_Int_4.o)
                0x000010cc                SW_Int_4_Enable
 .text.SW_Int_4_Disable
                0x000010d8        0xc .\CortexM0\ARM_GCC_541\Debug\Lab5.a(SW_Int_4.o)
                0x000010d8                SW_Int_4_Disable
 .text.SW_Int_4_StartEx
                0x000010e4       0x1c .\CortexM0\ARM_GCC_541\Debug\Lab5.a(SW_Int_4.o)
                0x000010e4                SW_Int_4_StartEx
 .text.PWM_WriteCounter
                0x00001100       0x10 .\CortexM0\ARM_GCC_541\Debug\Lab5.a(PWM.o)
                0x00001100                PWM_WriteCounter
 .text.PWM_WritePeriod
                0x00001110       0x10 .\CortexM0\ARM_GCC_541\Debug\Lab5.a(PWM.o)
                0x00001110                PWM_WritePeriod
 .text.PWM_WriteCompare
                0x00001120       0x10 .\CortexM0\ARM_GCC_541\Debug\Lab5.a(PWM.o)
                0x00001120                PWM_WriteCompare
 .text.PWM_TriggerCommand
                0x00001130       0x1c .\CortexM0\ARM_GCC_541\Debug\Lab5.a(PWM.o)
                0x00001130                PWM_TriggerCommand
 .text.PWM_Enable
                0x0000114c       0x24 .\CortexM0\ARM_GCC_541\Debug\Lab5.a(PWM.o)
                0x0000114c                PWM_Enable
 .text.PWM_SetInterruptMode
                0x00001170        0xc .\CortexM0\ARM_GCC_541\Debug\Lab5.a(PWM.o)
                0x00001170                PWM_SetInterruptMode
 .text.PWM_Init
                0x0000117c       0x44 .\CortexM0\ARM_GCC_541\Debug\Lab5.a(PWM.o)
                0x0000117c                PWM_Init
 .text.PWM_Start
                0x000011c0       0x20 .\CortexM0\ARM_GCC_541\Debug\Lab5.a(PWM.o)
                0x000011c0                PWM_Start
 .text.Rotor_Write
                0x000011e0        0xc .\CortexM0\ARM_GCC_541\Debug\Lab5.a(Rotor.o)
                0x000011e0                Rotor_Write
 *fill*         0x000011ec        0x4 
 .text          0x000011f0       0x20 .\CortexM0\ARM_GCC_541\Debug\Lab5.a(CyBootAsmGnu.o)
                0x000011f0                CyDelayCycles
                0x00001202                CyEnterCriticalSection
                0x0000120a                CyExitCriticalSection
 .text.CySysFlashSetWaitCycles
                0x00001210       0x54 .\CortexM0\ARM_GCC_541\Debug\Lab5.a(CyFlash.o)
                0x00001210                CySysFlashSetWaitCycles
 .text          0x00001264      0x114 c:/program files (x86)/cypress/psoc creator/4.2/psoc creator/import/gnu/arm/5.4.1/bin/../lib/gcc/arm-none-eabi/5.4.1/armv6-m\libgcc.a(_udivsi3.o)
                0x00001264                __aeabi_uidiv
                0x00001264                __udivsi3
                0x00001370                __aeabi_uidivmod
 .text          0x00001378        0x4 c:/program files (x86)/cypress/psoc creator/4.2/psoc creator/import/gnu/arm/5.4.1/bin/../lib/gcc/arm-none-eabi/5.4.1/armv6-m\libgcc.a(_dvmd_tls.o)
                0x00001378                __aeabi_idiv0
                0x00001378                __aeabi_ldiv0
 .text.__errno  0x0000137c        0xc c:/program files (x86)/cypress/psoc creator/4.2/psoc creator/import/gnu/arm/5.4.1/bin/../lib/gcc/arm-none-eabi/5.4.1/../../../../arm-none-eabi/lib/armv6-m\libg_nano.a(lib_a-errno.o)
                0x0000137c                __errno
 .text.__libc_init_array
                0x00001388       0x4c c:/program files (x86)/cypress/psoc creator/4.2/psoc creator/import/gnu/arm/5.4.1/bin/../lib/gcc/arm-none-eabi/5.4.1/../../../../arm-none-eabi/lib/armv6-m\libg_nano.a(lib_a-init.o)
                0x00001388                __libc_init_array
 .text.memcpy   0x000013d4       0x12 c:/program files (x86)/cypress/psoc creator/4.2/psoc creator/import/gnu/arm/5.4.1/bin/../lib/gcc/arm-none-eabi/5.4.1/../../../../arm-none-eabi/lib/armv6-m\libg_nano.a(lib_a-memcpy-stub.o)
                0x000013d4                memcpy
 .text.memset   0x000013e6       0x10 c:/program files (x86)/cypress/psoc creator/4.2/psoc creator/import/gnu/arm/5.4.1/bin/../lib/gcc/arm-none-eabi/5.4.1/../../../../arm-none-eabi/lib/armv6-m\libg_nano.a(lib_a-memset.o)
                0x000013e6                memset
 *fill*         0x000013f6        0x2 
 .text.sprintf  0x000013f8       0x44 c:/program files (x86)/cypress/psoc creator/4.2/psoc creator/import/gnu/arm/5.4.1/bin/../lib/gcc/arm-none-eabi/5.4.1/../../../../arm-none-eabi/lib/armv6-m\libg_nano.a(lib_a-sprintf.o)
                0x000013f8                siprintf
                0x000013f8                sprintf
 .text.__ssputs_r
                0x0000143c       0xc4 c:/program files (x86)/cypress/psoc creator/4.2/psoc creator/import/gnu/arm/5.4.1/bin/../lib/gcc/arm-none-eabi/5.4.1/../../../../arm-none-eabi/lib/armv6-m\libg_nano.a(lib_a-nano-svfprintf.o)
                0x0000143c                __ssputs_r
 .text._svfprintf_r
                0x00001500      0x1fc c:/program files (x86)/cypress/psoc creator/4.2/psoc creator/import/gnu/arm/5.4.1/bin/../lib/gcc/arm-none-eabi/5.4.1/../../../../arm-none-eabi/lib/armv6-m\libg_nano.a(lib_a-nano-svfprintf.o)
                0x00001500                _svfiprintf_r
                0x00001500                _svfprintf_r
 .text._printf_common
                0x000016fc       0xdc c:/program files (x86)/cypress/psoc creator/4.2/psoc creator/import/gnu/arm/5.4.1/bin/../lib/gcc/arm-none-eabi/5.4.1/../../../../arm-none-eabi/lib/armv6-m\libg_nano.a(lib_a-nano-vfprintf_i.o)
                0x000016fc                _printf_common
 .text._printf_i
                0x000017d8      0x244 c:/program files (x86)/cypress/psoc creator/4.2/psoc creator/import/gnu/arm/5.4.1/bin/../lib/gcc/arm-none-eabi/5.4.1/../../../../arm-none-eabi/lib/armv6-m\libg_nano.a(lib_a-nano-vfprintf_i.o)
                0x000017d8                _printf_i
 .text.memchr   0x00001a1c       0x16 c:/program files (x86)/cypress/psoc creator/4.2/psoc creator/import/gnu/arm/5.4.1/bin/../lib/gcc/arm-none-eabi/5.4.1/../../../../arm-none-eabi/lib/armv6-m\libg_nano.a(lib_a-memchr-stub.o)
                0x00001a1c                memchr
 .text.memmove  0x00001a32       0x2a c:/program files (x86)/cypress/psoc creator/4.2/psoc creator/import/gnu/arm/5.4.1/bin/../lib/gcc/arm-none-eabi/5.4.1/../../../../arm-none-eabi/lib/armv6-m\libg_nano.a(lib_a-memmove.o)
                0x00001a32                memmove
 .text._free_r  0x00001a5c       0x98 c:/program files (x86)/cypress/psoc creator/4.2/psoc creator/import/gnu/arm/5.4.1/bin/../lib/gcc/arm-none-eabi/5.4.1/../../../../arm-none-eabi/lib/armv6-m\libg_nano.a(lib_a-nano-freer.o)
                0x00001a5c                _free_r
 .text._malloc_r
                0x00001af4       0xc0 c:/program files (x86)/cypress/psoc creator/4.2/psoc creator/import/gnu/arm/5.4.1/bin/../lib/gcc/arm-none-eabi/5.4.1/../../../../arm-none-eabi/lib/armv6-m\libg_nano.a(lib_a-nano-mallocr.o)
                0x00001af4                _malloc_r
 .text._realloc_r
                0x00001bb4       0x4c c:/program files (x86)/cypress/psoc creator/4.2/psoc creator/import/gnu/arm/5.4.1/bin/../lib/gcc/arm-none-eabi/5.4.1/../../../../arm-none-eabi/lib/armv6-m\libg_nano.a(lib_a-nano-reallocr.o)
                0x00001bb4                _realloc_r
 .text._sbrk_r  0x00001c00       0x24 c:/program files (x86)/cypress/psoc creator/4.2/psoc creator/import/gnu/arm/5.4.1/bin/../lib/gcc/arm-none-eabi/5.4.1/../../../../arm-none-eabi/lib/armv6-m\libg_nano.a(lib_a-sbrkr.o)
                0x00001c00                _sbrk_r
 .text.__malloc_lock
                0x00001c24        0x2 c:/program files (x86)/cypress/psoc creator/4.2/psoc creator/import/gnu/arm/5.4.1/bin/../lib/gcc/arm-none-eabi/5.4.1/../../../../arm-none-eabi/lib/armv6-m\libg_nano.a(lib_a-mlock.o)
                0x00001c24                __malloc_lock
 .text.__malloc_unlock
                0x00001c26        0x2 c:/program files (x86)/cypress/psoc creator/4.2/psoc creator/import/gnu/arm/5.4.1/bin/../lib/gcc/arm-none-eabi/5.4.1/../../../../arm-none-eabi/lib/armv6-m\libg_nano.a(lib_a-mlock.o)
                0x00001c26                __malloc_unlock
 .text._malloc_usable_size_r
                0x00001c28       0x16 c:/program files (x86)/cypress/psoc creator/4.2/psoc creator/import/gnu/arm/5.4.1/bin/../lib/gcc/arm-none-eabi/5.4.1/../../../../arm-none-eabi/lib/armv6-m\libg_nano.a(lib_a-nano-msizer.o)
                0x00001c28                _malloc_usable_size_r
 *(.plt)
 *(.gnu.warning)
 *(.glue_7t)
 .glue_7t       0x00001c3e        0x0 linker stubs
 *(.glue_7)
 .glue_7        0x00001c3e        0x0 linker stubs
 *(.vfp11_veneer)
 .vfp11_veneer  0x00001c3e        0x0 linker stubs
 *(.bootloader)
 *(.ARM.extab* .gnu.linkonce.armextab.*)
 *(.gcc_except_table)

.v4_bx          0x00001c40        0x0
 .v4_bx         0x00001c40        0x0 linker stubs

.iplt           0x00001c40        0x0
 .iplt          0x00001c40        0x0 c:/program files (x86)/cypress/psoc creator/4.2/psoc creator/import/gnu/arm/5.4.1/bin/../lib/gcc/arm-none-eabi/5.4.1/armv6-m/crtbegin.o

.eh_frame_hdr
 *(.eh_frame_hdr)

.eh_frame       0x00001c40        0x4
 *(.eh_frame)
 .eh_frame      0x00001c40        0x0 c:/program files (x86)/cypress/psoc creator/4.2/psoc creator/import/gnu/arm/5.4.1/bin/../lib/gcc/arm-none-eabi/5.4.1/armv6-m/crtbegin.o
 .eh_frame      0x00001c40        0x4 c:/program files (x86)/cypress/psoc creator/4.2/psoc creator/import/gnu/arm/5.4.1/bin/../lib/gcc/arm-none-eabi/5.4.1/armv6-m/crtend.o
                [!provide]                PROVIDE (__exidx_start, .)

.ARM.exidx
 *(.ARM.exidx* .gnu.linkonce.armexidx.*)
                0x00001c44                __exidx_end = .

.rodata         0x00001c44      0x234
 *(.rodata .rodata.* .gnu.linkonce.r.*)
 .rodata.str1.4
                0x00001c44       0x44 .\CortexM0\ARM_GCC_541\Debug\lcd_status_rotor.o
                                 0x41 (size before relaxing)
 .rodata        0x00001c88      0x158 .\CortexM0\ARM_GCC_541\Debug\cyfitter_cfg.o
 .rodata        0x00001de0       0x2e .\CortexM0\ARM_GCC_541\Debug\Lab5.a(CyLib.o)
                0x00001de0                cyImoFreqMhz2Reg
 .rodata.str1.1
                0x00001e0e        0x2 c:/program files (x86)/cypress/psoc creator/4.2/psoc creator/import/gnu/arm/5.4.1/bin/../lib/gcc/arm-none-eabi/5.4.1/../../../../arm-none-eabi/lib/armv6-m\libg_nano.a(lib_a-impure.o)
 .rodata.str1.1
                0x00001e10       0x11 c:/program files (x86)/cypress/psoc creator/4.2/psoc creator/import/gnu/arm/5.4.1/bin/../lib/gcc/arm-none-eabi/5.4.1/../../../../arm-none-eabi/lib/armv6-m\libg_nano.a(lib_a-nano-svfprintf.o)
 .rodata.str1.1
                0x00001e21       0x22 c:/program files (x86)/cypress/psoc creator/4.2/psoc creator/import/gnu/arm/5.4.1/bin/../lib/gcc/arm-none-eabi/5.4.1/../../../../arm-none-eabi/lib/armv6-m\libg_nano.a(lib_a-nano-vfprintf_i.o)
                0x00001e44                . = ALIGN (0x4)
 *fill*         0x00001e43        0x1 
 *(.init)
 .init          0x00001e44        0x4 c:/program files (x86)/cypress/psoc creator/4.2/psoc creator/import/gnu/arm/5.4.1/bin/../lib/gcc/arm-none-eabi/5.4.1/armv6-m/crti.o
                0x00001e44                _init
 .init          0x00001e48        0x8 c:/program files (x86)/cypress/psoc creator/4.2/psoc creator/import/gnu/arm/5.4.1/bin/../lib/gcc/arm-none-eabi/5.4.1/armv6-m/crtn.o
                0x00001e50                . = ALIGN (0x4)
                0x00001e50                __preinit_array_start = .
 *(.preinit_array)
                0x00001e50                __preinit_array_end = .
                0x00001e50                . = ALIGN (0x4)
                0x00001e50                __init_array_start = .
 *(SORT(.init_array.*))
 *(.init_array)
 .init_array    0x00001e50        0x4 c:/program files (x86)/cypress/psoc creator/4.2/psoc creator/import/gnu/arm/5.4.1/bin/../lib/gcc/arm-none-eabi/5.4.1/armv6-m/crtbegin.o
 .init_array    0x00001e54        0x4 .\CortexM0\ARM_GCC_541\Debug\Cm0Start.o
                0x00001e58                __init_array_end = .
                0x00001e58                . = ALIGN (0x4)
 *(.fini)
 .fini          0x00001e58        0x4 c:/program files (x86)/cypress/psoc creator/4.2/psoc creator/import/gnu/arm/5.4.1/bin/../lib/gcc/arm-none-eabi/5.4.1/armv6-m/crti.o
                0x00001e58                _fini
 .fini          0x00001e5c        0x8 c:/program files (x86)/cypress/psoc creator/4.2/psoc creator/import/gnu/arm/5.4.1/bin/../lib/gcc/arm-none-eabi/5.4.1/armv6-m/crtn.o
                0x00001e64                . = ALIGN (0x4)
                0x00001e64                __fini_array_start = .
 *(.fini_array)
 .fini_array    0x00001e64        0x4 c:/program files (x86)/cypress/psoc creator/4.2/psoc creator/import/gnu/arm/5.4.1/bin/../lib/gcc/arm-none-eabi/5.4.1/armv6-m/crtbegin.o
 *(SORT(.fini_array.*))
                0x00001e68                __fini_array_end = .
                0x00001e68                . = ALIGN (0x4)
 *crtbegin.o(.ctors)
 *(EXCLUDE_FILE(*crtend.o) .ctors)
 *(SORT(.ctors.*))
 *crtend.o(.ctors)
                0x00001e68                . = ALIGN (0x4)
 *crtbegin.o(.dtors)
 *(EXCLUDE_FILE(*crtend.o) .dtors)
 *(SORT(.dtors.*))
 *crtend.o(.dtors)
                0x00001e68                . = ALIGN (0x4)
                0x00001e68                __cy_regions = .
                0x00001e68        0x4 LONG 0x1e78 __cy_region_init_ram
                0x00001e6c        0x4 LONG 0x200000c0 __cy_region_start_data
                0x00001e70        0x4 LONG 0x90 __cy_region_init_size_ram
                0x00001e74        0x4 LONG 0x88 __cy_region_zero_size_ram
                0x00001e78                __cy_regions_end = .
                0x00001e78                . = ALIGN (0x8)
                0x00001e78                _etext = .

.cy_checksum_exclude
                0x00001e78        0x0
 *(.cy_checksum_exclude)

.ramvectors     0x20000000       0xc0
                0x20000000                __cy_region_start_ram = .
 *(.ramvectors)
 .ramvectors    0x20000000       0xc0 .\CortexM0\ARM_GCC_541\Debug\Cm0Start.o
                0x20000000                CyRamVectors

.noinit
 *(.noinit)

.data           0x200000c0       0x90 load address 0x00001e78
                0x200000c0                __cy_region_start_data = .
 *(.jcr)
 .jcr           0x200000c0        0x0 c:/program files (x86)/cypress/psoc creator/4.2/psoc creator/import/gnu/arm/5.4.1/bin/../lib/gcc/arm-none-eabi/5.4.1/armv6-m/crtbegin.o
 .jcr           0x200000c0        0x4 c:/program files (x86)/cypress/psoc creator/4.2/psoc creator/import/gnu/arm/5.4.1/bin/../lib/gcc/arm-none-eabi/5.4.1/armv6-m/crtend.o
 *(.got.plt)
 *(.got)
 *(.shdata)
 *(.data .data.* .gnu.linkonce.d.*)
 .data          0x200000c4        0x8 .\CortexM0\ARM_GCC_541\Debug\algorithm.o
                0x200000c4                stage_rotor
 .data          0x200000cc        0x4 .\CortexM0\ARM_GCC_541\Debug\Cm0Start.o
 .data          0x200000d0       0x14 .\CortexM0\ARM_GCC_541\Debug\Lab5.a(CyLib.o)
                0x200000d0                CySysClkPumpConfig
                0x200000d4                cydelay32kMs
                0x200000d8                cydelayFreqKhz
                0x200000dc                cydelayFreqMhz
                0x200000e0                cydelayFreqHz
 .data          0x200000e4        0x8 .\CortexM0\ARM_GCC_541\Debug\Lab5.a(CyLFClk.o)
 .data.impure_data
                0x200000ec       0x60 c:/program files (x86)/cypress/psoc creator/4.2/psoc creator/import/gnu/arm/5.4.1/bin/../lib/gcc/arm-none-eabi/5.4.1/../../../../arm-none-eabi/lib/armv6-m\libg_nano.a(lib_a-impure.o)
 .data._impure_ptr
                0x2000014c        0x4 c:/program files (x86)/cypress/psoc creator/4.2/psoc creator/import/gnu/arm/5.4.1/bin/../lib/gcc/arm-none-eabi/5.4.1/../../../../arm-none-eabi/lib/armv6-m\libg_nano.a(lib_a-impure.o)
                0x2000014c                _impure_ptr
                0x20000150                . = ALIGN (0x8)
 *(.ram)
                0x20000150                _edata = .

.igot.plt       0x20000150        0x0 load address 0x00001f08
 .igot.plt      0x20000150        0x0 c:/program files (x86)/cypress/psoc creator/4.2/psoc creator/import/gnu/arm/5.4.1/bin/../lib/gcc/arm-none-eabi/5.4.1/armv6-m/crtbegin.o

.bss            0x20000150       0x88 load address 0x00001f08
                0x20000150                PROVIDE (__bss_start__, .)
 *(.shbss)
 *(.bss .bss.* .gnu.linkonce.b.*)
 .bss           0x20000150       0x1c c:/program files (x86)/cypress/psoc creator/4.2/psoc creator/import/gnu/arm/5.4.1/bin/../lib/gcc/arm-none-eabi/5.4.1/armv6-m/crtbegin.o
 .bss           0x2000016c       0x25 .\CortexM0\ARM_GCC_541\Debug\lcd_status_rotor.o
 .bss           0x20000191        0x4 .\CortexM0\ARM_GCC_541\Debug\algorithm.o
                0x20000191                time
                0x20000192                direction
                0x20000193                speed
                0x20000194                value_PWM
 *fill*         0x20000195        0x3 
 .bss           0x20000198       0x28 .\CortexM0\ARM_GCC_541\Debug\Lab5.a(CyLFClk.o)
 .bss           0x200001c0        0x1 .\CortexM0\ARM_GCC_541\Debug\Lab5.a(Timer.o)
                0x200001c0                Timer_initVar
 .bss           0x200001c1        0x2 .\CortexM0\ARM_GCC_541\Debug\Lab5.a(LCD.o)
                0x200001c1                LCD_enableState
                0x200001c2                LCD_initVar
 .bss           0x200001c3        0x1 .\CortexM0\ARM_GCC_541\Debug\Lab5.a(QuadDec.o)
                0x200001c3                QuadDec_initVar
 .bss           0x200001c4        0x1 .\CortexM0\ARM_GCC_541\Debug\Lab5.a(PWM.o)
                0x200001c4                PWM_initVar
 *fill*         0x200001c5        0x3 
 .bss.__malloc_sbrk_start
                0x200001c8        0x4 c:/program files (x86)/cypress/psoc creator/4.2/psoc creator/import/gnu/arm/5.4.1/bin/../lib/gcc/arm-none-eabi/5.4.1/../../../../arm-none-eabi/lib/armv6-m\libg_nano.a(lib_a-nano-mallocr.o)
                0x200001c8                __malloc_sbrk_start
 .bss.__malloc_free_list
                0x200001cc        0x4 c:/program files (x86)/cypress/psoc creator/4.2/psoc creator/import/gnu/arm/5.4.1/bin/../lib/gcc/arm-none-eabi/5.4.1/../../../../arm-none-eabi/lib/armv6-m\libg_nano.a(lib_a-nano-mallocr.o)
                0x200001cc                __malloc_free_list
 *(COMMON)
 COMMON         0x200001d0        0x4 c:/program files (x86)/cypress/psoc creator/4.2/psoc creator/import/gnu/arm/5.4.1/bin/../lib/gcc/arm-none-eabi/5.4.1/../../../../arm-none-eabi/lib/armv6-m\libg_nano.a(lib_a-reent.o)
                0x200001d0                errno
                0x200001d8                . = ALIGN (0x8)
 *fill*         0x200001d4        0x4 
 *(.ram.b)
                0x200001d8                _end = .
                0x200001d8                __end = .
                0x200001d8                PROVIDE (end, .)
                0x200001d8                PROVIDE (__bss_end__, .)
                0x00001e78                __cy_region_init_ram = LOADADDR (.data)
                0x00000090                __cy_region_init_size_ram = (_edata - ADDR (.data))
                0x00000088                __cy_region_zero_size_ram = (_end - _edata)

.heap           0x200001d8       0x80 load address 0x00001f08
                0x200001d8                . = _end
                0x20000258                . = (. + 0x80)
 *fill*         0x200001d8       0x80 
                0x20000258                __cy_heap_limit = .

.stack          0x20003800      0x800
                0x20003800                __cy_stack_limit = .
                0x20004000                . = (. + 0x800)
 *fill*         0x20003800      0x800 
                0x00000001                ASSERT ((__cy_stack_limit >= __cy_heap_limit), region RAM overflowed with stack)
                0x00000000                cy_checksum_exclude_size = (CY_APPL_LOADABLE == 0x1)?SIZEOF (.cy_checksum_exclude):0x0
                0x00000001                ASSERT ((cy_checksum_exclude_size <= CY_CHECKSUM_EXCLUDE_SIZE), CY_BOOT: Section .cy_checksum_exclude size exceedes specified limit.)
                0x0001ffc0                cyloadermeta_start = (cy_project_type_bootloader || cy_project_type_app_for_stack_and_copier)?(LENGTH (rom) - CY_METADATA_SIZE):0xf0000000

.cyloadermeta
 *(.cyloadermeta)
                0x0001ffc0                cyloadablemeta_start = cy_project_type_app_for_stack_and_copier?((LENGTH (rom) - CY_FLASH_ROW_SIZE) - CY_METADATA_SIZE):((LENGTH (rom) - (CY_FLASH_ROW_SIZE * (CY_APPL_NUM - 0x1))) - CY_METADATA_SIZE)

.cyloadablemeta
 *(.cyloadablemeta)

.cyflashprotect
                0x90400000       0x80
 *(.cyflashprotect)
 .cyflashprotect
                0x90400000       0x80 .\CortexM0\ARM_GCC_541\Debug\cymetadata.o
                0x90400000                cy_meta_flashprotect

.cymeta         0x90500000        0xc
 *(.cymeta)
 .cymeta        0x90500000        0xc .\CortexM0\ARM_GCC_541\Debug\cymetadata.o
                0x90500000                cy_metadata

.cychipprotect  0x90600000        0x1
 *(.cychipprotect)
 .cychipprotect
                0x90600000        0x1 .\CortexM0\ARM_GCC_541\Debug\cymetadata.o
                0x90600000                cy_meta_chipprotect

.rel.dyn        0x00001f08        0x0 load address 0x90600004
 .rel.iplt      0x00001f08        0x0 c:/program files (x86)/cypress/psoc creator/4.2/psoc creator/import/gnu/arm/5.4.1/bin/../lib/gcc/arm-none-eabi/5.4.1/armv6-m/crtbegin.o

.stab
 *(.stab)

.stabstr
 *(.stabstr)

.debug
 *(.debug)

.line
 *(.line)

.debug_srcinfo
 *(.debug_srcinfo)

.debug_sfnames
 *(.debug_sfnames)

.debug_aranges  0x00000000      0xf10
 *(.debug_aranges)
 .debug_aranges
                0x00000000       0x38 .\CortexM0\ARM_GCC_541\Debug\lcd_status_rotor.o
 .debug_aranges
                0x00000038       0x68 .\CortexM0\ARM_GCC_541\Debug\algorithm.o
 .debug_aranges
                0x000000a0       0x20 .\CortexM0\ARM_GCC_541\Debug\protocol.o
 .debug_aranges
                0x000000c0       0x58 .\CortexM0\ARM_GCC_541\Debug\stage_rotor.o
 .debug_aranges
                0x00000118       0x20 .\CortexM0\ARM_GCC_541\Debug\main.o
 .debug_aranges
                0x00000138       0x40 .\CortexM0\ARM_GCC_541\Debug\cyfitter_cfg.o
 .debug_aranges
                0x00000178       0x18 .\CortexM0\ARM_GCC_541\Debug\cymetadata.o
 .debug_aranges
                0x00000190       0x48 .\CortexM0\ARM_GCC_541\Debug\Cm0Start.o
 .debug_aranges
                0x000001d8       0x48 .\CortexM0\ARM_GCC_541\Debug\Lab5.a(Pin_1.o)
 .debug_aranges
                0x00000220       0x48 .\CortexM0\ARM_GCC_541\Debug\Lab5.a(Pin_2.o)
 .debug_aranges
                0x00000268      0x1c8 .\CortexM0\ARM_GCC_541\Debug\Lab5.a(CyLib.o)
 .debug_aranges
                0x00000430      0x188 .\CortexM0\ARM_GCC_541\Debug\Lab5.a(CyLFClk.o)
 .debug_aranges
                0x000005b8       0x48 .\CortexM0\ARM_GCC_541\Debug\Lab5.a(SW_4.o)
 .debug_aranges
                0x00000600       0x48 .\CortexM0\ARM_GCC_541\Debug\Lab5.a(SW_3.o)
 .debug_aranges
                0x00000648       0x48 .\CortexM0\ARM_GCC_541\Debug\Lab5.a(SW_1.o)
 .debug_aranges
                0x00000690       0x48 .\CortexM0\ARM_GCC_541\Debug\Lab5.a(SW_2.o)
 .debug_aranges
                0x000006d8      0x158 .\CortexM0\ARM_GCC_541\Debug\Lab5.a(Timer.o)
 .debug_aranges
                0x00000830       0x80 .\CortexM0\ARM_GCC_541\Debug\Lab5.a(Timer_Int.o)
 .debug_aranges
                0x000008b0       0x98 .\CortexM0\ARM_GCC_541\Debug\Lab5.a(LCD.o)
 .debug_aranges
                0x00000948      0x158 .\CortexM0\ARM_GCC_541\Debug\Lab5.a(QuadDec.o)
 .debug_aranges
                0x00000aa0       0x80 .\CortexM0\ARM_GCC_541\Debug\Lab5.a(SW_Int_1.o)
 .debug_aranges
                0x00000b20       0x80 .\CortexM0\ARM_GCC_541\Debug\Lab5.a(SW_Int_2.o)
 .debug_aranges
                0x00000ba0       0x80 .\CortexM0\ARM_GCC_541\Debug\Lab5.a(SW_Int_3.o)
 .debug_aranges
                0x00000c20       0x80 .\CortexM0\ARM_GCC_541\Debug\Lab5.a(SW_Int_4.o)
 .debug_aranges
                0x00000ca0       0x48 .\CortexM0\ARM_GCC_541\Debug\Lab5.a(Pin_3.o)
 .debug_aranges
                0x00000ce8       0x48 .\CortexM0\ARM_GCC_541\Debug\Lab5.a(Pin_4.o)
 .debug_aranges
                0x00000d30      0x158 .\CortexM0\ARM_GCC_541\Debug\Lab5.a(PWM.o)
 .debug_aranges
                0x00000e88       0x28 .\CortexM0\ARM_GCC_541\Debug\Lab5.a(Rotor.o)
 .debug_aranges
                0x00000eb0       0x20 .\CortexM0\ARM_GCC_541\Debug\Lab5.a(CyBootAsmGnu.o)
 .debug_aranges
                0x00000ed0       0x40 .\CortexM0\ARM_GCC_541\Debug\Lab5.a(CyFlash.o)

.debug_pubnames
 *(.debug_pubnames)

.debug_info     0x00000000     0x7585
 *(.debug_info .gnu.linkonce.wi.*)
 .debug_info    0x00000000      0x341 .\CortexM0\ARM_GCC_541\Debug\lcd_status_rotor.o
 .debug_info    0x00000341      0x3fb .\CortexM0\ARM_GCC_541\Debug\algorithm.o
 .debug_info    0x0000073c       0xe1 .\CortexM0\ARM_GCC_541\Debug\protocol.o
 .debug_info    0x0000081d      0x3d3 .\CortexM0\ARM_GCC_541\Debug\stage_rotor.o
 .debug_info    0x00000bf0       0xe5 .\CortexM0\ARM_GCC_541\Debug\main.o
 .debug_info    0x00000cd5      0x3bc .\CortexM0\ARM_GCC_541\Debug\cyfitter_cfg.o
 .debug_info    0x00001091       0xf8 .\CortexM0\ARM_GCC_541\Debug\cymetadata.o
 .debug_info    0x00001189      0x3a2 .\CortexM0\ARM_GCC_541\Debug\Cm0Start.o
 .debug_info    0x0000152b      0x19d .\CortexM0\ARM_GCC_541\Debug\Lab5.a(Pin_1.o)
 .debug_info    0x000016c8      0x19d .\CortexM0\ARM_GCC_541\Debug\Lab5.a(Pin_2.o)
 .debug_info    0x00001865      0xd3f .\CortexM0\ARM_GCC_541\Debug\Lab5.a(CyLib.o)
 .debug_info    0x000025a4     0x1058 .\CortexM0\ARM_GCC_541\Debug\Lab5.a(CyLFClk.o)
 .debug_info    0x000035fc      0x19d .\CortexM0\ARM_GCC_541\Debug\Lab5.a(SW_4.o)
 .debug_info    0x00003799      0x19d .\CortexM0\ARM_GCC_541\Debug\Lab5.a(SW_3.o)
 .debug_info    0x00003936      0x19d .\CortexM0\ARM_GCC_541\Debug\Lab5.a(SW_1.o)
 .debug_info    0x00003ad3      0x19d .\CortexM0\ARM_GCC_541\Debug\Lab5.a(SW_2.o)
 .debug_info    0x00003c70      0x8f6 .\CortexM0\ARM_GCC_541\Debug\Lab5.a(Timer.o)
 .debug_info    0x00004566      0x305 .\CortexM0\ARM_GCC_541\Debug\Lab5.a(Timer_Int.o)
 .debug_info    0x0000486b      0x721 .\CortexM0\ARM_GCC_541\Debug\Lab5.a(LCD.o)
 .debug_info    0x00004f8c      0x90b .\CortexM0\ARM_GCC_541\Debug\Lab5.a(QuadDec.o)
 .debug_info    0x00005897      0x305 .\CortexM0\ARM_GCC_541\Debug\Lab5.a(SW_Int_1.o)
 .debug_info    0x00005b9c      0x305 .\CortexM0\ARM_GCC_541\Debug\Lab5.a(SW_Int_2.o)
 .debug_info    0x00005ea1      0x305 .\CortexM0\ARM_GCC_541\Debug\Lab5.a(SW_Int_3.o)
 .debug_info    0x000061a6      0x305 .\CortexM0\ARM_GCC_541\Debug\Lab5.a(SW_Int_4.o)
 .debug_info    0x000064ab      0x19d .\CortexM0\ARM_GCC_541\Debug\Lab5.a(Pin_3.o)
 .debug_info    0x00006648      0x19d .\CortexM0\ARM_GCC_541\Debug\Lab5.a(Pin_4.o)
 .debug_info    0x000067e5      0x909 .\CortexM0\ARM_GCC_541\Debug\Lab5.a(PWM.o)
 .debug_info    0x000070ee       0xd6 .\CortexM0\ARM_GCC_541\Debug\Lab5.a(Rotor.o)
 .debug_info    0x000071c4       0x71 .\CortexM0\ARM_GCC_541\Debug\Lab5.a(CyBootAsmGnu.o)
 .debug_info    0x00007235      0x350 .\CortexM0\ARM_GCC_541\Debug\Lab5.a(CyFlash.o)

.debug_abbrev   0x00000000     0x209b
 *(.debug_abbrev)
 .debug_abbrev  0x00000000       0xc3 .\CortexM0\ARM_GCC_541\Debug\lcd_status_rotor.o
 .debug_abbrev  0x000000c3      0x10f .\CortexM0\ARM_GCC_541\Debug\algorithm.o
 .debug_abbrev  0x000001d2       0x60 .\CortexM0\ARM_GCC_541\Debug\protocol.o
 .debug_abbrev  0x00000232       0xac .\CortexM0\ARM_GCC_541\Debug\stage_rotor.o
 .debug_abbrev  0x000002de       0x65 .\CortexM0\ARM_GCC_541\Debug\main.o
 .debug_abbrev  0x00000343      0x1af .\CortexM0\ARM_GCC_541\Debug\cyfitter_cfg.o
 .debug_abbrev  0x000004f2       0x5d .\CortexM0\ARM_GCC_541\Debug\cymetadata.o
 .debug_abbrev  0x0000054f      0x1d7 .\CortexM0\ARM_GCC_541\Debug\Cm0Start.o
 .debug_abbrev  0x00000726       0xc8 .\CortexM0\ARM_GCC_541\Debug\Lab5.a(Pin_1.o)
 .debug_abbrev  0x000007ee       0xc8 .\CortexM0\ARM_GCC_541\Debug\Lab5.a(Pin_2.o)
 .debug_abbrev  0x000008b6      0x218 .\CortexM0\ARM_GCC_541\Debug\Lab5.a(CyLib.o)
 .debug_abbrev  0x00000ace      0x248 .\CortexM0\ARM_GCC_541\Debug\Lab5.a(CyLFClk.o)
 .debug_abbrev  0x00000d16       0xc8 .\CortexM0\ARM_GCC_541\Debug\Lab5.a(SW_4.o)
 .debug_abbrev  0x00000dde       0xc8 .\CortexM0\ARM_GCC_541\Debug\Lab5.a(SW_3.o)
 .debug_abbrev  0x00000ea6       0xc8 .\CortexM0\ARM_GCC_541\Debug\Lab5.a(SW_1.o)
 .debug_abbrev  0x00000f6e       0xc8 .\CortexM0\ARM_GCC_541\Debug\Lab5.a(SW_2.o)
 .debug_abbrev  0x00001036      0x119 .\CortexM0\ARM_GCC_541\Debug\Lab5.a(Timer.o)
 .debug_abbrev  0x0000114f      0x19a .\CortexM0\ARM_GCC_541\Debug\Lab5.a(Timer_Int.o)
 .debug_abbrev  0x000012e9      0x171 .\CortexM0\ARM_GCC_541\Debug\Lab5.a(LCD.o)
 .debug_abbrev  0x0000145a      0x119 .\CortexM0\ARM_GCC_541\Debug\Lab5.a(QuadDec.o)
 .debug_abbrev  0x00001573      0x19a .\CortexM0\ARM_GCC_541\Debug\Lab5.a(SW_Int_1.o)
 .debug_abbrev  0x0000170d      0x19a .\CortexM0\ARM_GCC_541\Debug\Lab5.a(SW_Int_2.o)
 .debug_abbrev  0x000018a7      0x19a .\CortexM0\ARM_GCC_541\Debug\Lab5.a(SW_Int_3.o)
 .debug_abbrev  0x00001a41      0x19a .\CortexM0\ARM_GCC_541\Debug\Lab5.a(SW_Int_4.o)
 .debug_abbrev  0x00001bdb       0xc8 .\CortexM0\ARM_GCC_541\Debug\Lab5.a(Pin_3.o)
 .debug_abbrev  0x00001ca3       0xc8 .\CortexM0\ARM_GCC_541\Debug\Lab5.a(Pin_4.o)
 .debug_abbrev  0x00001d6b      0x119 .\CortexM0\ARM_GCC_541\Debug\Lab5.a(PWM.o)
 .debug_abbrev  0x00001e84       0x81 .\CortexM0\ARM_GCC_541\Debug\Lab5.a(Rotor.o)
 .debug_abbrev  0x00001f05       0x14 .\CortexM0\ARM_GCC_541\Debug\Lab5.a(CyBootAsmGnu.o)
 .debug_abbrev  0x00001f19      0x182 .\CortexM0\ARM_GCC_541\Debug\Lab5.a(CyFlash.o)

.debug_line     0x00000000     0x3028
 *(.debug_line)
 .debug_line    0x00000000      0x12d .\CortexM0\ARM_GCC_541\Debug\lcd_status_rotor.o
 .debug_line    0x0000012d      0x1be .\CortexM0\ARM_GCC_541\Debug\algorithm.o
 .debug_line    0x000002eb       0x61 .\CortexM0\ARM_GCC_541\Debug\protocol.o
 .debug_line    0x0000034c      0x10f .\CortexM0\ARM_GCC_541\Debug\stage_rotor.o
 .debug_line    0x0000045b       0x73 .\CortexM0\ARM_GCC_541\Debug\main.o
 .debug_line    0x000004ce      0x190 .\CortexM0\ARM_GCC_541\Debug\cyfitter_cfg.o
 .debug_line    0x0000065e      0x141 .\CortexM0\ARM_GCC_541\Debug\cymetadata.o
 .debug_line    0x0000079f      0x236 .\CortexM0\ARM_GCC_541\Debug\Cm0Start.o
 .debug_line    0x000009d5       0xbd .\CortexM0\ARM_GCC_541\Debug\Lab5.a(Pin_1.o)
 .debug_line    0x00000a92       0xbd .\CortexM0\ARM_GCC_541\Debug\Lab5.a(Pin_2.o)
 .debug_line    0x00000b4f      0x563 .\CortexM0\ARM_GCC_541\Debug\Lab5.a(CyLib.o)
 .debug_line    0x000010b2      0x5d1 .\CortexM0\ARM_GCC_541\Debug\Lab5.a(CyLFClk.o)
 .debug_line    0x00001683       0xbc .\CortexM0\ARM_GCC_541\Debug\Lab5.a(SW_4.o)
 .debug_line    0x0000173f       0xbc .\CortexM0\ARM_GCC_541\Debug\Lab5.a(SW_3.o)
 .debug_line    0x000017fb       0xbc .\CortexM0\ARM_GCC_541\Debug\Lab5.a(SW_1.o)
 .debug_line    0x000018b7       0xbc .\CortexM0\ARM_GCC_541\Debug\Lab5.a(SW_2.o)
 .debug_line    0x00001973      0x379 .\CortexM0\ARM_GCC_541\Debug\Lab5.a(Timer.o)
 .debug_line    0x00001cec      0x155 .\CortexM0\ARM_GCC_541\Debug\Lab5.a(Timer_Int.o)
 .debug_line    0x00001e41      0x1e6 .\CortexM0\ARM_GCC_541\Debug\Lab5.a(LCD.o)
 .debug_line    0x00002027      0x376 .\CortexM0\ARM_GCC_541\Debug\Lab5.a(QuadDec.o)
 .debug_line    0x0000239d      0x150 .\CortexM0\ARM_GCC_541\Debug\Lab5.a(SW_Int_1.o)
 .debug_line    0x000024ed      0x154 .\CortexM0\ARM_GCC_541\Debug\Lab5.a(SW_Int_2.o)
 .debug_line    0x00002641      0x154 .\CortexM0\ARM_GCC_541\Debug\Lab5.a(SW_Int_3.o)
 .debug_line    0x00002795      0x154 .\CortexM0\ARM_GCC_541\Debug\Lab5.a(SW_Int_4.o)
 .debug_line    0x000028e9       0xbd .\CortexM0\ARM_GCC_541\Debug\Lab5.a(Pin_3.o)
 .debug_line    0x000029a6       0xbd .\CortexM0\ARM_GCC_541\Debug\Lab5.a(Pin_4.o)
 .debug_line    0x00002a63      0x37c .\CortexM0\ARM_GCC_541\Debug\Lab5.a(PWM.o)
 .debug_line    0x00002ddf       0x6e .\CortexM0\ARM_GCC_541\Debug\Lab5.a(Rotor.o)
 .debug_line    0x00002e4d       0x68 .\CortexM0\ARM_GCC_541\Debug\Lab5.a(CyBootAsmGnu.o)
 .debug_line    0x00002eb5      0x173 .\CortexM0\ARM_GCC_541\Debug\Lab5.a(CyFlash.o)

.debug_frame    0x00000000     0x2780
 *(.debug_frame)
 .debug_frame   0x00000000       0x84 .\CortexM0\ARM_GCC_541\Debug\lcd_status_rotor.o
 .debug_frame   0x00000084      0x128 .\CortexM0\ARM_GCC_541\Debug\algorithm.o
 .debug_frame   0x000001ac       0x2c .\CortexM0\ARM_GCC_541\Debug\protocol.o
 .debug_frame   0x000001d8       0xf0 .\CortexM0\ARM_GCC_541\Debug\stage_rotor.o
 .debug_frame   0x000002c8       0x2c .\CortexM0\ARM_GCC_541\Debug\main.o
 .debug_frame   0x000002f4       0x98 .\CortexM0\ARM_GCC_541\Debug\cyfitter_cfg.o
 .debug_frame   0x0000038c       0xbc .\CortexM0\ARM_GCC_541\Debug\Cm0Start.o
 .debug_frame   0x00000448       0x70 .\CortexM0\ARM_GCC_541\Debug\Lab5.a(Pin_1.o)
 .debug_frame   0x000004b8       0x70 .\CortexM0\ARM_GCC_541\Debug\Lab5.a(Pin_2.o)
 .debug_frame   0x00000528      0x48c .\CortexM0\ARM_GCC_541\Debug\Lab5.a(CyLib.o)
 .debug_frame   0x000009b4      0x4a4 .\CortexM0\ARM_GCC_541\Debug\Lab5.a(CyLFClk.o)
 .debug_frame   0x00000e58       0x70 .\CortexM0\ARM_GCC_541\Debug\Lab5.a(SW_4.o)
 .debug_frame   0x00000ec8       0x70 .\CortexM0\ARM_GCC_541\Debug\Lab5.a(SW_3.o)
 .debug_frame   0x00000f38       0x70 .\CortexM0\ARM_GCC_541\Debug\Lab5.a(SW_1.o)
 .debug_frame   0x00000fa8       0x70 .\CortexM0\ARM_GCC_541\Debug\Lab5.a(SW_2.o)
 .debug_frame   0x00001018      0x3a0 .\CortexM0\ARM_GCC_541\Debug\Lab5.a(Timer.o)
 .debug_frame   0x000013b8      0x110 .\CortexM0\ARM_GCC_541\Debug\Lab5.a(Timer_Int.o)
 .debug_frame   0x000014c8      0x1f0 .\CortexM0\ARM_GCC_541\Debug\Lab5.a(LCD.o)
 .debug_frame   0x000016b8      0x3a0 .\CortexM0\ARM_GCC_541\Debug\Lab5.a(QuadDec.o)
 .debug_frame   0x00001a58      0x110 .\CortexM0\ARM_GCC_541\Debug\Lab5.a(SW_Int_1.o)
 .debug_frame   0x00001b68      0x110 .\CortexM0\ARM_GCC_541\Debug\Lab5.a(SW_Int_2.o)
 .debug_frame   0x00001c78      0x110 .\CortexM0\ARM_GCC_541\Debug\Lab5.a(SW_Int_3.o)
 .debug_frame   0x00001d88      0x110 .\CortexM0\ARM_GCC_541\Debug\Lab5.a(SW_Int_4.o)
 .debug_frame   0x00001e98       0x70 .\CortexM0\ARM_GCC_541\Debug\Lab5.a(Pin_3.o)
 .debug_frame   0x00001f08       0x70 .\CortexM0\ARM_GCC_541\Debug\Lab5.a(Pin_4.o)
 .debug_frame   0x00001f78      0x3a0 .\CortexM0\ARM_GCC_541\Debug\Lab5.a(PWM.o)
 .debug_frame   0x00002318       0x30 .\CortexM0\ARM_GCC_541\Debug\Lab5.a(Rotor.o)
 .debug_frame   0x00002348       0x90 .\CortexM0\ARM_GCC_541\Debug\Lab5.a(CyFlash.o)
 .debug_frame   0x000023d8       0x20 c:/program files (x86)/cypress/psoc creator/4.2/psoc creator/import/gnu/arm/5.4.1/bin/../lib/gcc/arm-none-eabi/5.4.1/armv6-m\libgcc.a(_udivsi3.o)
 .debug_frame   0x000023f8       0x20 c:/program files (x86)/cypress/psoc creator/4.2/psoc creator/import/gnu/arm/5.4.1/bin/../lib/gcc/arm-none-eabi/5.4.1/armv6-m\libgcc.a(_divsi3.o)
 .debug_frame   0x00002418       0x20 c:/program files (x86)/cypress/psoc creator/4.2/psoc creator/import/gnu/arm/5.4.1/bin/../lib/gcc/arm-none-eabi/5.4.1/../../../../arm-none-eabi/lib/armv6-m\libg_nano.a(lib_a-errno.o)
 .debug_frame   0x00002438       0x28 c:/program files (x86)/cypress/psoc creator/4.2/psoc creator/import/gnu/arm/5.4.1/bin/../lib/gcc/arm-none-eabi/5.4.1/../../../../arm-none-eabi/lib/armv6-m\libg_nano.a(lib_a-exit.o)
 .debug_frame   0x00002460       0x2c c:/program files (x86)/cypress/psoc creator/4.2/psoc creator/import/gnu/arm/5.4.1/bin/../lib/gcc/arm-none-eabi/5.4.1/../../../../arm-none-eabi/lib/armv6-m\libg_nano.a(lib_a-init.o)
 .debug_frame   0x0000248c       0x28 c:/program files (x86)/cypress/psoc creator/4.2/psoc creator/import/gnu/arm/5.4.1/bin/../lib/gcc/arm-none-eabi/5.4.1/../../../../arm-none-eabi/lib/armv6-m\libg_nano.a(lib_a-memcpy-stub.o)
 .debug_frame   0x000024b4       0x20 c:/program files (x86)/cypress/psoc creator/4.2/psoc creator/import/gnu/arm/5.4.1/bin/../lib/gcc/arm-none-eabi/5.4.1/../../../../arm-none-eabi/lib/armv6-m\libg_nano.a(lib_a-memset.o)
 .debug_frame   0x000024d4       0x50 c:/program files (x86)/cypress/psoc creator/4.2/psoc creator/import/gnu/arm/5.4.1/bin/../lib/gcc/arm-none-eabi/5.4.1/../../../../arm-none-eabi/lib/armv6-m\libg_nano.a(lib_a-sprintf.o)
 .debug_frame   0x00002524       0x74 c:/program files (x86)/cypress/psoc creator/4.2/psoc creator/import/gnu/arm/5.4.1/bin/../lib/gcc/arm-none-eabi/5.4.1/../../../../arm-none-eabi/lib/armv6-m\libg_nano.a(lib_a-nano-svfprintf.o)
 .debug_frame   0x00002598       0x54 c:/program files (x86)/cypress/psoc creator/4.2/psoc creator/import/gnu/arm/5.4.1/bin/../lib/gcc/arm-none-eabi/5.4.1/../../../../arm-none-eabi/lib/armv6-m\libg_nano.a(lib_a-nano-vfprintf_i.o)
 .debug_frame   0x000025ec       0x20 c:/program files (x86)/cypress/psoc creator/4.2/psoc creator/import/gnu/arm/5.4.1/bin/../lib/gcc/arm-none-eabi/5.4.1/../../../../arm-none-eabi/lib/armv6-m\libg_nano.a(lib_a-memchr-stub.o)
 .debug_frame   0x0000260c       0x28 c:/program files (x86)/cypress/psoc creator/4.2/psoc creator/import/gnu/arm/5.4.1/bin/../lib/gcc/arm-none-eabi/5.4.1/../../../../arm-none-eabi/lib/armv6-m\libg_nano.a(lib_a-memmove.o)
 .debug_frame   0x00002634       0x2c c:/program files (x86)/cypress/psoc creator/4.2/psoc creator/import/gnu/arm/5.4.1/bin/../lib/gcc/arm-none-eabi/5.4.1/../../../../arm-none-eabi/lib/armv6-m\libg_nano.a(lib_a-nano-freer.o)
 .debug_frame   0x00002660       0x2c c:/program files (x86)/cypress/psoc creator/4.2/psoc creator/import/gnu/arm/5.4.1/bin/../lib/gcc/arm-none-eabi/5.4.1/../../../../arm-none-eabi/lib/armv6-m\libg_nano.a(lib_a-nano-mallocr.o)
 .debug_frame   0x0000268c       0x30 c:/program files (x86)/cypress/psoc creator/4.2/psoc creator/import/gnu/arm/5.4.1/bin/../lib/gcc/arm-none-eabi/5.4.1/../../../../arm-none-eabi/lib/armv6-m\libg_nano.a(lib_a-nano-reallocr.o)
 .debug_frame   0x000026bc       0x2c c:/program files (x86)/cypress/psoc creator/4.2/psoc creator/import/gnu/arm/5.4.1/bin/../lib/gcc/arm-none-eabi/5.4.1/../../../../arm-none-eabi/lib/armv6-m\libg_nano.a(lib_a-sbrkr.o)
 .debug_frame   0x000026e8       0x30 c:/program files (x86)/cypress/psoc creator/4.2/psoc creator/import/gnu/arm/5.4.1/bin/../lib/gcc/arm-none-eabi/5.4.1/../../../../arm-none-eabi/lib/armv6-m\libg_nano.a(lib_a-mlock.o)
 .debug_frame   0x00002718       0x20 c:/program files (x86)/cypress/psoc creator/4.2/psoc creator/import/gnu/arm/5.4.1/bin/../lib/gcc/arm-none-eabi/5.4.1/../../../../arm-none-eabi/lib/armv6-m\libg_nano.a(lib_a-nano-msizer.o)
 .debug_frame   0x00002738       0x48 c:/program files (x86)/cypress/psoc creator/4.2/psoc creator/import/gnu/arm/5.4.1/bin/../lib/gcc/arm-none-eabi/5.4.1/../../../../arm-none-eabi/lib/armv6-m\libg_nano.a(lib_a-reent.o)

.debug_str      0x00000000     0x28c6
 *(.debug_str)
 .debug_str     0x00000000      0x1ce .\CortexM0\ARM_GCC_541\Debug\lcd_status_rotor.o
                                0x218 (size before relaxing)
 .debug_str     0x000001ce      0x1ed .\CortexM0\ARM_GCC_541\Debug\algorithm.o
                                0x369 (size before relaxing)
 .debug_str     0x000003bb       0x19 .\CortexM0\ARM_GCC_541\Debug\protocol.o
                                0x196 (size before relaxing)
 .debug_str     0x000003d4       0x89 .\CortexM0\ARM_GCC_541\Debug\stage_rotor.o
                                0x1e5 (size before relaxing)
 .debug_str     0x0000045d        0xc .\CortexM0\ARM_GCC_541\Debug\main.o
                                0x1a0 (size before relaxing)
 .debug_str     0x00000469      0x12b .\CortexM0\ARM_GCC_541\Debug\cyfitter_cfg.o
                                0x2b7 (size before relaxing)
 .debug_str     0x00000594       0x63 .\CortexM0\ARM_GCC_541\Debug\cymetadata.o
                                0x1a9 (size before relaxing)
 .debug_str     0x000005f7      0x135 .\CortexM0\ARM_GCC_541\Debug\Cm0Start.o
                                0x2e2 (size before relaxing)
 .debug_str     0x0000072c       0xa4 .\CortexM0\ARM_GCC_541\Debug\Lab5.a(Pin_1.o)
                                0x217 (size before relaxing)
 .debug_str     0x000007d0       0x7b .\CortexM0\ARM_GCC_541\Debug\Lab5.a(Pin_2.o)
                                0x217 (size before relaxing)
 .debug_str     0x0000084b      0x611 .\CortexM0\ARM_GCC_541\Debug\Lab5.a(CyLib.o)
                                0x7de (size before relaxing)
 .debug_str     0x00000e5c      0x6eb .\CortexM0\ARM_GCC_541\Debug\Lab5.a(CyLFClk.o)
                                0x8fe (size before relaxing)
 .debug_str     0x00001547       0x6c .\CortexM0\ARM_GCC_541\Debug\Lab5.a(SW_4.o)
                                0x210 (size before relaxing)
 .debug_str     0x000015b3       0x6c .\CortexM0\ARM_GCC_541\Debug\Lab5.a(SW_3.o)
                                0x210 (size before relaxing)
 .debug_str     0x0000161f       0x6c .\CortexM0\ARM_GCC_541\Debug\Lab5.a(SW_1.o)
                                0x210 (size before relaxing)
 .debug_str     0x0000168b       0x6c .\CortexM0\ARM_GCC_541\Debug\Lab5.a(SW_2.o)
                                0x210 (size before relaxing)
 .debug_str     0x000016f7      0x3b3 .\CortexM0\ARM_GCC_541\Debug\Lab5.a(Timer.o)
                                0x592 (size before relaxing)
 .debug_str     0x00001aaa      0x11b .\CortexM0\ARM_GCC_541\Debug\Lab5.a(Timer_Int.o)
                                0x303 (size before relaxing)
 .debug_str     0x00001bc5      0x13a .\CortexM0\ARM_GCC_541\Debug\Lab5.a(LCD.o)
                                0x30d (size before relaxing)
 .debug_str     0x00001cff      0x344 .\CortexM0\ARM_GCC_541\Debug\Lab5.a(QuadDec.o)
                                0x5e6 (size before relaxing)
 .debug_str     0x00002043       0xff .\CortexM0\ARM_GCC_541\Debug\Lab5.a(SW_Int_1.o)
                                0x2f5 (size before relaxing)
 .debug_str     0x00002142       0xff .\CortexM0\ARM_GCC_541\Debug\Lab5.a(SW_Int_2.o)
                                0x2f5 (size before relaxing)
 .debug_str     0x00002241       0xff .\CortexM0\ARM_GCC_541\Debug\Lab5.a(SW_Int_3.o)
                                0x2f5 (size before relaxing)
 .debug_str     0x00002340       0xff .\CortexM0\ARM_GCC_541\Debug\Lab5.a(SW_Int_4.o)
                                0x2f5 (size before relaxing)
 .debug_str     0x0000243f       0x7b .\CortexM0\ARM_GCC_541\Debug\Lab5.a(Pin_3.o)
                                0x217 (size before relaxing)
 .debug_str     0x000024ba       0x7b .\CortexM0\ARM_GCC_541\Debug\Lab5.a(Pin_4.o)
                                0x217 (size before relaxing)
 .debug_str     0x00002535      0x2b8 .\CortexM0\ARM_GCC_541\Debug\Lab5.a(PWM.o)
                                0x53e (size before relaxing)
 .debug_str     0x000027ed       0x32 .\CortexM0\ARM_GCC_541\Debug\Lab5.a(Rotor.o)
                                0x190 (size before relaxing)
 .debug_str     0x0000281f       0xa7 .\CortexM0\ARM_GCC_541\Debug\Lab5.a(CyFlash.o)
                                0x291 (size before relaxing)

.debug_loc      0x00000000     0x3539
 *(.debug_loc)
 .debug_loc     0x00000000       0x4d .\CortexM0\ARM_GCC_541\Debug\algorithm.o
 .debug_loc     0x0000004d      0x118 .\CortexM0\ARM_GCC_541\Debug\cyfitter_cfg.o
 .debug_loc     0x00000165      0x14f .\CortexM0\ARM_GCC_541\Debug\Cm0Start.o
 .debug_loc     0x000002b4       0xa2 .\CortexM0\ARM_GCC_541\Debug\Lab5.a(Pin_1.o)
 .debug_loc     0x00000356       0xa2 .\CortexM0\ARM_GCC_541\Debug\Lab5.a(Pin_2.o)
 .debug_loc     0x000003f8      0x81c .\CortexM0\ARM_GCC_541\Debug\Lab5.a(CyLib.o)
 .debug_loc     0x00000c14      0xdb7 .\CortexM0\ARM_GCC_541\Debug\Lab5.a(CyLFClk.o)
 .debug_loc     0x000019cb       0xa2 .\CortexM0\ARM_GCC_541\Debug\Lab5.a(SW_4.o)
 .debug_loc     0x00001a6d       0xa2 .\CortexM0\ARM_GCC_541\Debug\Lab5.a(SW_3.o)
 .debug_loc     0x00001b0f       0xa2 .\CortexM0\ARM_GCC_541\Debug\Lab5.a(SW_1.o)
 .debug_loc     0x00001bb1       0xa2 .\CortexM0\ARM_GCC_541\Debug\Lab5.a(SW_2.o)
 .debug_loc     0x00001c53      0x547 .\CortexM0\ARM_GCC_541\Debug\Lab5.a(Timer.o)
 .debug_loc     0x0000219a       0x82 .\CortexM0\ARM_GCC_541\Debug\Lab5.a(Timer_Int.o)
 .debug_loc     0x0000221c      0x3e3 .\CortexM0\ARM_GCC_541\Debug\Lab5.a(LCD.o)
 .debug_loc     0x000025ff      0x547 .\CortexM0\ARM_GCC_541\Debug\Lab5.a(QuadDec.o)
 .debug_loc     0x00002b46       0x82 .\CortexM0\ARM_GCC_541\Debug\Lab5.a(SW_Int_1.o)
 .debug_loc     0x00002bc8       0x82 .\CortexM0\ARM_GCC_541\Debug\Lab5.a(SW_Int_2.o)
 .debug_loc     0x00002c4a       0x82 .\CortexM0\ARM_GCC_541\Debug\Lab5.a(SW_Int_3.o)
 .debug_loc     0x00002ccc       0x82 .\CortexM0\ARM_GCC_541\Debug\Lab5.a(SW_Int_4.o)
 .debug_loc     0x00002d4e       0xa2 .\CortexM0\ARM_GCC_541\Debug\Lab5.a(Pin_3.o)
 .debug_loc     0x00002df0       0xa2 .\CortexM0\ARM_GCC_541\Debug\Lab5.a(Pin_4.o)
 .debug_loc     0x00002e92      0x547 .\CortexM0\ARM_GCC_541\Debug\Lab5.a(PWM.o)
 .debug_loc     0x000033d9      0x160 .\CortexM0\ARM_GCC_541\Debug\Lab5.a(CyFlash.o)

.debug_macinfo
 *(.debug_macinfo)

.debug_ranges   0x00000000      0xd18
 *(.debug_ranges)
 .debug_ranges  0x00000000       0x28 .\CortexM0\ARM_GCC_541\Debug\lcd_status_rotor.o
 .debug_ranges  0x00000028       0x58 .\CortexM0\ARM_GCC_541\Debug\algorithm.o
 .debug_ranges  0x00000080       0x10 .\CortexM0\ARM_GCC_541\Debug\protocol.o
 .debug_ranges  0x00000090       0x48 .\CortexM0\ARM_GCC_541\Debug\stage_rotor.o
 .debug_ranges  0x000000d8       0x10 .\CortexM0\ARM_GCC_541\Debug\main.o
 .debug_ranges  0x000000e8       0x30 .\CortexM0\ARM_GCC_541\Debug\cyfitter_cfg.o
 .debug_ranges  0x00000118       0x38 .\CortexM0\ARM_GCC_541\Debug\Cm0Start.o
 .debug_ranges  0x00000150       0x38 .\CortexM0\ARM_GCC_541\Debug\Lab5.a(Pin_1.o)
 .debug_ranges  0x00000188       0x38 .\CortexM0\ARM_GCC_541\Debug\Lab5.a(Pin_2.o)
 .debug_ranges  0x000001c0      0x1b8 .\CortexM0\ARM_GCC_541\Debug\Lab5.a(CyLib.o)
 .debug_ranges  0x00000378      0x178 .\CortexM0\ARM_GCC_541\Debug\Lab5.a(CyLFClk.o)
 .debug_ranges  0x000004f0       0x38 .\CortexM0\ARM_GCC_541\Debug\Lab5.a(SW_4.o)
 .debug_ranges  0x00000528       0x38 .\CortexM0\ARM_GCC_541\Debug\Lab5.a(SW_3.o)
 .debug_ranges  0x00000560       0x38 .\CortexM0\ARM_GCC_541\Debug\Lab5.a(SW_1.o)
 .debug_ranges  0x00000598       0x38 .\CortexM0\ARM_GCC_541\Debug\Lab5.a(SW_2.o)
 .debug_ranges  0x000005d0      0x148 .\CortexM0\ARM_GCC_541\Debug\Lab5.a(Timer.o)
 .debug_ranges  0x00000718       0x70 .\CortexM0\ARM_GCC_541\Debug\Lab5.a(Timer_Int.o)
 .debug_ranges  0x00000788       0x88 .\CortexM0\ARM_GCC_541\Debug\Lab5.a(LCD.o)
 .debug_ranges  0x00000810      0x148 .\CortexM0\ARM_GCC_541\Debug\Lab5.a(QuadDec.o)
 .debug_ranges  0x00000958       0x70 .\CortexM0\ARM_GCC_541\Debug\Lab5.a(SW_Int_1.o)
 .debug_ranges  0x000009c8       0x70 .\CortexM0\ARM_GCC_541\Debug\Lab5.a(SW_Int_2.o)
 .debug_ranges  0x00000a38       0x70 .\CortexM0\ARM_GCC_541\Debug\Lab5.a(SW_Int_3.o)
 .debug_ranges  0x00000aa8       0x70 .\CortexM0\ARM_GCC_541\Debug\Lab5.a(SW_Int_4.o)
 .debug_ranges  0x00000b18       0x38 .\CortexM0\ARM_GCC_541\Debug\Lab5.a(Pin_3.o)
 .debug_ranges  0x00000b50       0x38 .\CortexM0\ARM_GCC_541\Debug\Lab5.a(Pin_4.o)
 .debug_ranges  0x00000b88      0x148 .\CortexM0\ARM_GCC_541\Debug\Lab5.a(PWM.o)
 .debug_ranges  0x00000cd0       0x18 .\CortexM0\ARM_GCC_541\Debug\Lab5.a(Rotor.o)
 .debug_ranges  0x00000ce8       0x30 .\CortexM0\ARM_GCC_541\Debug\Lab5.a(CyFlash.o)

.comment        0x00000000       0x6e
 .comment       0x00000000       0x6e .\CortexM0\ARM_GCC_541\Debug\lcd_status_rotor.o
                                 0x6f (size before relaxing)
 .comment       0x0000006e       0x6f .\CortexM0\ARM_GCC_541\Debug\algorithm.o
 .comment       0x0000006e       0x6f .\CortexM0\ARM_GCC_541\Debug\protocol.o
 .comment       0x0000006e       0x6f .\CortexM0\ARM_GCC_541\Debug\stage_rotor.o
 .comment       0x0000006e       0x6f .\CortexM0\ARM_GCC_541\Debug\main.o
 .comment       0x0000006e       0x6f .\CortexM0\ARM_GCC_541\Debug\cyfitter_cfg.o
 .comment       0x0000006e       0x6f .\CortexM0\ARM_GCC_541\Debug\cymetadata.o
 .comment       0x0000006e       0x6f .\CortexM0\ARM_GCC_541\Debug\Cm0Start.o
 .comment       0x0000006e       0x6f .\CortexM0\ARM_GCC_541\Debug\Lab5.a(Pin_1.o)
 .comment       0x0000006e       0x6f .\CortexM0\ARM_GCC_541\Debug\Lab5.a(Pin_2.o)
 .comment       0x0000006e       0x6f .\CortexM0\ARM_GCC_541\Debug\Lab5.a(CyLib.o)
 .comment       0x0000006e       0x6f .\CortexM0\ARM_GCC_541\Debug\Lab5.a(CyLFClk.o)
 .comment       0x0000006e       0x6f .\CortexM0\ARM_GCC_541\Debug\Lab5.a(SW_4.o)
 .comment       0x0000006e       0x6f .\CortexM0\ARM_GCC_541\Debug\Lab5.a(SW_3.o)
 .comment       0x0000006e       0x6f .\CortexM0\ARM_GCC_541\Debug\Lab5.a(SW_1.o)
 .comment       0x0000006e       0x6f .\CortexM0\ARM_GCC_541\Debug\Lab5.a(SW_2.o)
 .comment       0x0000006e       0x6f .\CortexM0\ARM_GCC_541\Debug\Lab5.a(Timer.o)
 .comment       0x0000006e       0x6f .\CortexM0\ARM_GCC_541\Debug\Lab5.a(Timer_Int.o)
 .comment       0x0000006e       0x6f .\CortexM0\ARM_GCC_541\Debug\Lab5.a(LCD.o)
 .comment       0x0000006e       0x6f .\CortexM0\ARM_GCC_541\Debug\Lab5.a(QuadDec.o)
 .comment       0x0000006e       0x6f .\CortexM0\ARM_GCC_541\Debug\Lab5.a(SW_Int_1.o)
 .comment       0x0000006e       0x6f .\CortexM0\ARM_GCC_541\Debug\Lab5.a(SW_Int_2.o)
 .comment       0x0000006e       0x6f .\CortexM0\ARM_GCC_541\Debug\Lab5.a(SW_Int_3.o)
 .comment       0x0000006e       0x6f .\CortexM0\ARM_GCC_541\Debug\Lab5.a(SW_Int_4.o)
 .comment       0x0000006e       0x6f .\CortexM0\ARM_GCC_541\Debug\Lab5.a(Pin_3.o)
 .comment       0x0000006e       0x6f .\CortexM0\ARM_GCC_541\Debug\Lab5.a(Pin_4.o)
 .comment       0x0000006e       0x6f .\CortexM0\ARM_GCC_541\Debug\Lab5.a(PWM.o)
 .comment       0x0000006e       0x6f .\CortexM0\ARM_GCC_541\Debug\Lab5.a(Rotor.o)
 .comment       0x0000006e       0x6f .\CortexM0\ARM_GCC_541\Debug\Lab5.a(CyFlash.o)

.debug_weaknames
 *(.debug_weaknames)

.debug_funcnames
 *(.debug_funcnames)

.debug_typenames
 *(.debug_typenames)

.debug_varnames
 *(.debug_varnames)

.note.gnu.arm.ident
 *(.note.gnu.arm.ident)

.ARM.attributes
                0x00000000       0x28
 *(.ARM.attributes)
 .ARM.attributes
                0x00000000       0x1e c:/program files (x86)/cypress/psoc creator/4.2/psoc creator/import/gnu/arm/5.4.1/bin/../lib/gcc/arm-none-eabi/5.4.1/armv6-m/crti.o
 .ARM.attributes
                0x0000001e       0x2c c:/program files (x86)/cypress/psoc creator/4.2/psoc creator/import/gnu/arm/5.4.1/bin/../lib/gcc/arm-none-eabi/5.4.1/armv6-m/crtbegin.o
 .ARM.attributes
                0x0000004a       0x1b c:/program files (x86)/cypress/psoc creator/4.2/psoc creator/import/gnu/arm/5.4.1/bin/../lib/gcc/arm-none-eabi/5.4.1/../../../../arm-none-eabi/lib/armv6-m/crt0.o
 .ARM.attributes
                0x00000065       0x31 .\CortexM0\ARM_GCC_541\Debug\lcd_status_rotor.o
 .ARM.attributes
                0x00000096       0x31 .\CortexM0\ARM_GCC_541\Debug\algorithm.o
 .ARM.attributes
                0x000000c7       0x31 .\CortexM0\ARM_GCC_541\Debug\protocol.o
 .ARM.attributes
                0x000000f8       0x31 .\CortexM0\ARM_GCC_541\Debug\stage_rotor.o
 .ARM.attributes
                0x00000129       0x31 .\CortexM0\ARM_GCC_541\Debug\main.o
 .ARM.attributes
                0x0000015a       0x31 .\CortexM0\ARM_GCC_541\Debug\cyfitter_cfg.o
 .ARM.attributes
                0x0000018b       0x31 .\CortexM0\ARM_GCC_541\Debug\cymetadata.o
 .ARM.attributes
                0x000001bc       0x31 .\CortexM0\ARM_GCC_541\Debug\Cm0Start.o
 .ARM.attributes
                0x000001ed       0x31 .\CortexM0\ARM_GCC_541\Debug\Lab5.a(Pin_1.o)
 .ARM.attributes
                0x0000021e       0x31 .\CortexM0\ARM_GCC_541\Debug\Lab5.a(Pin_2.o)
 .ARM.attributes
                0x0000024f       0x31 .\CortexM0\ARM_GCC_541\Debug\Lab5.a(CyLib.o)
 .ARM.attributes
                0x00000280       0x31 .\CortexM0\ARM_GCC_541\Debug\Lab5.a(CyLFClk.o)
 .ARM.attributes
                0x000002b1       0x31 .\CortexM0\ARM_GCC_541\Debug\Lab5.a(SW_4.o)
 .ARM.attributes
                0x000002e2       0x31 .\CortexM0\ARM_GCC_541\Debug\Lab5.a(SW_3.o)
 .ARM.attributes
                0x00000313       0x31 .\CortexM0\ARM_GCC_541\Debug\Lab5.a(SW_1.o)
 .ARM.attributes
                0x00000344       0x31 .\CortexM0\ARM_GCC_541\Debug\Lab5.a(SW_2.o)
 .ARM.attributes
                0x00000375       0x31 .\CortexM0\ARM_GCC_541\Debug\Lab5.a(Timer.o)
 .ARM.attributes
                0x000003a6       0x31 .\CortexM0\ARM_GCC_541\Debug\Lab5.a(Timer_Int.o)
 .ARM.attributes
                0x000003d7       0x31 .\CortexM0\ARM_GCC_541\Debug\Lab5.a(LCD.o)
 .ARM.attributes
                0x00000408       0x31 .\CortexM0\ARM_GCC_541\Debug\Lab5.a(QuadDec.o)
 .ARM.attributes
                0x00000439       0x31 .\CortexM0\ARM_GCC_541\Debug\Lab5.a(SW_Int_1.o)
 .ARM.attributes
                0x0000046a       0x31 .\CortexM0\ARM_GCC_541\Debug\Lab5.a(SW_Int_2.o)
 .ARM.attributes
                0x0000049b       0x31 .\CortexM0\ARM_GCC_541\Debug\Lab5.a(SW_Int_3.o)
 .ARM.attributes
                0x000004cc       0x31 .\CortexM0\ARM_GCC_541\Debug\Lab5.a(SW_Int_4.o)
 .ARM.attributes
                0x000004fd       0x31 .\CortexM0\ARM_GCC_541\Debug\Lab5.a(Pin_3.o)
 .ARM.attributes
                0x0000052e       0x31 .\CortexM0\ARM_GCC_541\Debug\Lab5.a(Pin_4.o)
 .ARM.attributes
                0x0000055f       0x31 .\CortexM0\ARM_GCC_541\Debug\Lab5.a(PWM.o)
 .ARM.attributes
                0x00000590       0x31 .\CortexM0\ARM_GCC_541\Debug\Lab5.a(Rotor.o)
 .ARM.attributes
                0x000005c1       0x21 .\CortexM0\ARM_GCC_541\Debug\Lab5.a(CyBootAsmGnu.o)
 .ARM.attributes
                0x000005e2       0x31 .\CortexM0\ARM_GCC_541\Debug\Lab5.a(CyFlash.o)
 .ARM.attributes
                0x00000613       0x1e c:/program files (x86)/cypress/psoc creator/4.2/psoc creator/import/gnu/arm/5.4.1/bin/../lib/gcc/arm-none-eabi/5.4.1/armv6-m\libgcc.a(_udivsi3.o)
 .ARM.attributes
                0x00000631       0x1e c:/program files (x86)/cypress/psoc creator/4.2/psoc creator/import/gnu/arm/5.4.1/bin/../lib/gcc/arm-none-eabi/5.4.1/armv6-m\libgcc.a(_divsi3.o)
 .ARM.attributes
                0x0000064f       0x1e c:/program files (x86)/cypress/psoc creator/4.2/psoc creator/import/gnu/arm/5.4.1/bin/../lib/gcc/arm-none-eabi/5.4.1/armv6-m\libgcc.a(_dvmd_tls.o)
 .ARM.attributes
                0x0000066d       0x2c c:/program files (x86)/cypress/psoc creator/4.2/psoc creator/import/gnu/arm/5.4.1/bin/../lib/gcc/arm-none-eabi/5.4.1/../../../../arm-none-eabi/lib/armv6-m\libg_nano.a(lib_a-errno.o)
 .ARM.attributes
                0x00000699       0x2c c:/program files (x86)/cypress/psoc creator/4.2/psoc creator/import/gnu/arm/5.4.1/bin/../lib/gcc/arm-none-eabi/5.4.1/../../../../arm-none-eabi/lib/armv6-m\libg_nano.a(lib_a-exit.o)
 .ARM.attributes
                0x000006c5       0x2c c:/program files (x86)/cypress/psoc creator/4.2/psoc creator/import/gnu/arm/5.4.1/bin/../lib/gcc/arm-none-eabi/5.4.1/../../../../arm-none-eabi/lib/armv6-m\libg_nano.a(lib_a-impure.o)
 .ARM.attributes
                0x000006f1       0x2c c:/program files (x86)/cypress/psoc creator/4.2/psoc creator/import/gnu/arm/5.4.1/bin/../lib/gcc/arm-none-eabi/5.4.1/../../../../arm-none-eabi/lib/armv6-m\libg_nano.a(lib_a-init.o)
 .ARM.attributes
                0x0000071d       0x2c c:/program files (x86)/cypress/psoc creator/4.2/psoc creator/import/gnu/arm/5.4.1/bin/../lib/gcc/arm-none-eabi/5.4.1/../../../../arm-none-eabi/lib/armv6-m\libg_nano.a(lib_a-memcpy-stub.o)
 .ARM.attributes
                0x00000749       0x2c c:/program files (x86)/cypress/psoc creator/4.2/psoc creator/import/gnu/arm/5.4.1/bin/../lib/gcc/arm-none-eabi/5.4.1/../../../../arm-none-eabi/lib/armv6-m\libg_nano.a(lib_a-memset.o)
 .ARM.attributes
                0x00000775       0x2c c:/program files (x86)/cypress/psoc creator/4.2/psoc creator/import/gnu/arm/5.4.1/bin/../lib/gcc/arm-none-eabi/5.4.1/../../../../arm-none-eabi/lib/armv6-m\libg_nano.a(lib_a-sprintf.o)
 .ARM.attributes
                0x000007a1       0x2c c:/program files (x86)/cypress/psoc creator/4.2/psoc creator/import/gnu/arm/5.4.1/bin/../lib/gcc/arm-none-eabi/5.4.1/../../../../arm-none-eabi/lib/armv6-m\libg_nano.a(lib_a-nano-svfprintf.o)
 .ARM.attributes
                0x000007cd       0x2c c:/program files (x86)/cypress/psoc creator/4.2/psoc creator/import/gnu/arm/5.4.1/bin/../lib/gcc/arm-none-eabi/5.4.1/../../../../arm-none-eabi/lib/armv6-m\libg_nano.a(lib_a-nano-vfprintf_i.o)
 .ARM.attributes
                0x000007f9       0x2c c:/program files (x86)/cypress/psoc creator/4.2/psoc creator/import/gnu/arm/5.4.1/bin/../lib/gcc/arm-none-eabi/5.4.1/../../../../arm-none-eabi/lib/armv6-m\libg_nano.a(lib_a-memchr-stub.o)
 .ARM.attributes
                0x00000825       0x2c c:/program files (x86)/cypress/psoc creator/4.2/psoc creator/import/gnu/arm/5.4.1/bin/../lib/gcc/arm-none-eabi/5.4.1/../../../../arm-none-eabi/lib/armv6-m\libg_nano.a(lib_a-memmove.o)
 .ARM.attributes
                0x00000851       0x2c c:/program files (x86)/cypress/psoc creator/4.2/psoc creator/import/gnu/arm/5.4.1/bin/../lib/gcc/arm-none-eabi/5.4.1/../../../../arm-none-eabi/lib/armv6-m\libg_nano.a(lib_a-nano-freer.o)
 .ARM.attributes
                0x0000087d       0x2c c:/program files (x86)/cypress/psoc creator/4.2/psoc creator/import/gnu/arm/5.4.1/bin/../lib/gcc/arm-none-eabi/5.4.1/../../../../arm-none-eabi/lib/armv6-m\libg_nano.a(lib_a-nano-mallocr.o)
 .ARM.attributes
                0x000008a9       0x2c c:/program files (x86)/cypress/psoc creator/4.2/psoc creator/import/gnu/arm/5.4.1/bin/../lib/gcc/arm-none-eabi/5.4.1/../../../../arm-none-eabi/lib/armv6-m\libg_nano.a(lib_a-nano-reallocr.o)
 .ARM.attributes
                0x000008d5       0x2c c:/program files (x86)/cypress/psoc creator/4.2/psoc creator/import/gnu/arm/5.4.1/bin/../lib/gcc/arm-none-eabi/5.4.1/../../../../arm-none-eabi/lib/armv6-m\libg_nano.a(lib_a-sbrkr.o)
 .ARM.attributes
                0x00000901       0x2c c:/program files (x86)/cypress/psoc creator/4.2/psoc creator/import/gnu/arm/5.4.1/bin/../lib/gcc/arm-none-eabi/5.4.1/../../../../arm-none-eabi/lib/armv6-m\libg_nano.a(lib_a-mlock.o)
 .ARM.attributes
                0x0000092d       0x2c c:/program files (x86)/cypress/psoc creator/4.2/psoc creator/import/gnu/arm/5.4.1/bin/../lib/gcc/arm-none-eabi/5.4.1/../../../../arm-none-eabi/lib/armv6-m\libg_nano.a(lib_a-nano-msizer.o)
 .ARM.attributes
                0x00000959       0x2c c:/program files (x86)/cypress/psoc creator/4.2/psoc creator/import/gnu/arm/5.4.1/bin/../lib/gcc/arm-none-eabi/5.4.1/../../../../arm-none-eabi/lib/armv6-m\libg_nano.a(lib_a-reent.o)
 .ARM.attributes
                0x00000985       0x2c c:/program files (x86)/cypress/psoc creator/4.2/psoc creator/import/gnu/arm/5.4.1/bin/../lib/gcc/arm-none-eabi/5.4.1/armv6-m/crtend.o
 .ARM.attributes
                0x000009b1       0x1e c:/program files (x86)/cypress/psoc creator/4.2/psoc creator/import/gnu/arm/5.4.1/bin/../lib/gcc/arm-none-eabi/5.4.1/armv6-m/crtn.o

/DISCARD/
 *(.note.GNU-stack)
OUTPUT(D:\Programming\PSoC\Lab\Lab5.cydsn\CortexM0\ARM_GCC_541\Debug\Lab5.elf elf32-littlearm)
